<?xml version="1.0"?>
<link_info>
   <banner>TMS320C6x Linker PC v7.4.4</banner>
   <copyright>Copyright (c) 1996-2013 Texas Instruments Incorporated</copyright>
   <link_time>0x5e9280eb</link_time>
   <output_file>C_asmfunc.out</output_file>
   <entry_point>
      <name>_c_int00</name>
      <address>0x7b60</address>
   </entry_point>
   <input_file_list>
      <input_file id="fl-2">
         <path>.\</path>
         <kind>object</kind>
         <file>main.obj</file>
         <name>main.obj</name>
      </input_file>
      <input_file id="fl-3">
         <path>.\</path>
         <kind>object</kind>
         <file>asmfunc.obj</file>
         <name>asmfunc.obj</name>
      </input_file>
      <input_file id="fl-7d">
         <path>C:\ti\ccsv5\tools\compiler\c6000_7.4.4\lib\</path>
         <kind>archive</kind>
         <file>rts6700.lib</file>
         <name>boot.obj</name>
      </input_file>
      <input_file id="fl-7e">
         <path>C:\ti\ccsv5\tools\compiler\c6000_7.4.4\lib\</path>
         <kind>archive</kind>
         <file>rts6700.lib</file>
         <name>exit.obj</name>
      </input_file>
      <input_file id="fl-7f">
         <path>C:\ti\ccsv5\tools\compiler\c6000_7.4.4\lib\</path>
         <kind>archive</kind>
         <file>rts6700.lib</file>
         <name>printf.obj</name>
      </input_file>
      <input_file id="fl-80">
         <path>C:\ti\ccsv5\tools\compiler\c6000_7.4.4\lib\</path>
         <kind>archive</kind>
         <file>rts6700.lib</file>
         <name>_lock.obj</name>
      </input_file>
      <input_file id="fl-81">
         <path>C:\ti\ccsv5\tools\compiler\c6000_7.4.4\lib\</path>
         <kind>archive</kind>
         <file>rts6700.lib</file>
         <name>_printfi.obj</name>
      </input_file>
      <input_file id="fl-82">
         <path>C:\ti\ccsv5\tools\compiler\c6000_7.4.4\lib\</path>
         <kind>archive</kind>
         <file>rts6700.lib</file>
         <name>args_main.obj</name>
      </input_file>
      <input_file id="fl-83">
         <path>C:\ti\ccsv5\tools\compiler\c6000_7.4.4\lib\</path>
         <kind>archive</kind>
         <file>rts6700.lib</file>
         <name>atoi.obj</name>
      </input_file>
      <input_file id="fl-84">
         <path>C:\ti\ccsv5\tools\compiler\c6000_7.4.4\lib\</path>
         <kind>archive</kind>
         <file>rts6700.lib</file>
         <name>autoinit.obj</name>
      </input_file>
      <input_file id="fl-85">
         <path>C:\ti\ccsv5\tools\compiler\c6000_7.4.4\lib\</path>
         <kind>archive</kind>
         <file>rts6700.lib</file>
         <name>cpp_init.obj</name>
      </input_file>
      <input_file id="fl-86">
         <path>C:\ti\ccsv5\tools\compiler\c6000_7.4.4\lib\</path>
         <kind>archive</kind>
         <file>rts6700.lib</file>
         <name>cpy_tbl.obj</name>
      </input_file>
      <input_file id="fl-87">
         <path>C:\ti\ccsv5\tools\compiler\c6000_7.4.4\lib\</path>
         <kind>archive</kind>
         <file>rts6700.lib</file>
         <name>ctype.obj</name>
      </input_file>
      <input_file id="fl-88">
         <path>C:\ti\ccsv5\tools\compiler\c6000_7.4.4\lib\</path>
         <kind>archive</kind>
         <file>rts6700.lib</file>
         <name>defs.obj</name>
      </input_file>
      <input_file id="fl-89">
         <path>C:\ti\ccsv5\tools\compiler\c6000_7.4.4\lib\</path>
         <kind>archive</kind>
         <file>rts6700.lib</file>
         <name>divd.obj</name>
      </input_file>
      <input_file id="fl-8a">
         <path>C:\ti\ccsv5\tools\compiler\c6000_7.4.4\lib\</path>
         <kind>archive</kind>
         <file>rts6700.lib</file>
         <name>divu.obj</name>
      </input_file>
      <input_file id="fl-8b">
         <path>C:\ti\ccsv5\tools\compiler\c6000_7.4.4\lib\</path>
         <kind>archive</kind>
         <file>rts6700.lib</file>
         <name>fixdli.obj</name>
      </input_file>
      <input_file id="fl-8c">
         <path>C:\ti\ccsv5\tools\compiler\c6000_7.4.4\lib\</path>
         <kind>archive</kind>
         <file>rts6700.lib</file>
         <name>fltlid.obj</name>
      </input_file>
      <input_file id="fl-8d">
         <path>C:\ti\ccsv5\tools\compiler\c6000_7.4.4\lib\</path>
         <kind>archive</kind>
         <file>rts6700.lib</file>
         <name>fputc.obj</name>
      </input_file>
      <input_file id="fl-8e">
         <path>C:\ti\ccsv5\tools\compiler\c6000_7.4.4\lib\</path>
         <kind>archive</kind>
         <file>rts6700.lib</file>
         <name>fputs.obj</name>
      </input_file>
      <input_file id="fl-8f">
         <path>C:\ti\ccsv5\tools\compiler\c6000_7.4.4\lib\</path>
         <kind>archive</kind>
         <file>rts6700.lib</file>
         <name>frcmpyd_div.obj</name>
      </input_file>
      <input_file id="fl-90">
         <path>C:\ti\ccsv5\tools\compiler\c6000_7.4.4\lib\</path>
         <kind>archive</kind>
         <file>rts6700.lib</file>
         <name>imath40.obj</name>
      </input_file>
      <input_file id="fl-91">
         <path>C:\ti\ccsv5\tools\compiler\c6000_7.4.4\lib\</path>
         <kind>archive</kind>
         <file>rts6700.lib</file>
         <name>imath64.obj</name>
      </input_file>
      <input_file id="fl-92">
         <path>C:\ti\ccsv5\tools\compiler\c6000_7.4.4\lib\</path>
         <kind>archive</kind>
         <file>rts6700.lib</file>
         <name>isinf.obj</name>
      </input_file>
      <input_file id="fl-93">
         <path>C:\ti\ccsv5\tools\compiler\c6000_7.4.4\lib\</path>
         <kind>archive</kind>
         <file>rts6700.lib</file>
         <name>llshift.obj</name>
      </input_file>
      <input_file id="fl-94">
         <path>C:\ti\ccsv5\tools\compiler\c6000_7.4.4\lib\</path>
         <kind>archive</kind>
         <file>rts6700.lib</file>
         <name>lowlev.obj</name>
      </input_file>
      <input_file id="fl-95">
         <path>C:\ti\ccsv5\tools\compiler\c6000_7.4.4\lib\</path>
         <kind>archive</kind>
         <file>rts6700.lib</file>
         <name>ltoa.obj</name>
      </input_file>
      <input_file id="fl-96">
         <path>C:\ti\ccsv5\tools\compiler\c6000_7.4.4\lib\</path>
         <kind>archive</kind>
         <file>rts6700.lib</file>
         <name>memccpy.obj</name>
      </input_file>
      <input_file id="fl-97">
         <path>C:\ti\ccsv5\tools\compiler\c6000_7.4.4\lib\</path>
         <kind>archive</kind>
         <file>rts6700.lib</file>
         <name>memcpy62.obj</name>
      </input_file>
      <input_file id="fl-98">
         <path>C:\ti\ccsv5\tools\compiler\c6000_7.4.4\lib\</path>
         <kind>archive</kind>
         <file>rts6700.lib</file>
         <name>memset.obj</name>
      </input_file>
      <input_file id="fl-99">
         <path>C:\ti\ccsv5\tools\compiler\c6000_7.4.4\lib\</path>
         <kind>archive</kind>
         <file>rts6700.lib</file>
         <name>mpyll.obj</name>
      </input_file>
      <input_file id="fl-9a">
         <path>C:\ti\ccsv5\tools\compiler\c6000_7.4.4\lib\</path>
         <kind>archive</kind>
         <file>rts6700.lib</file>
         <name>negll.obj</name>
      </input_file>
      <input_file id="fl-9b">
         <path>C:\ti\ccsv5\tools\compiler\c6000_7.4.4\lib\</path>
         <kind>archive</kind>
         <file>rts6700.lib</file>
         <name>trgdrv.obj</name>
      </input_file>
      <input_file id="fl-9c">
         <path>C:\ti\ccsv5\tools\compiler\c6000_7.4.4\lib\</path>
         <kind>archive</kind>
         <file>rts6700.lib</file>
         <name>trgmsg.obj</name>
      </input_file>
      <input_file id="fl-9d">
         <path>C:\ti\ccsv5\tools\compiler\c6000_7.4.4\lib\</path>
         <kind>archive</kind>
         <file>rts6700.lib</file>
         <name>_io_perm.obj</name>
      </input_file>
      <input_file id="fl-9e">
         <path>C:\ti\ccsv5\tools\compiler\c6000_7.4.4\lib\</path>
         <kind>archive</kind>
         <file>rts6700.lib</file>
         <name>abs.obj</name>
      </input_file>
      <input_file id="fl-9f">
         <path>C:\ti\ccsv5\tools\compiler\c6000_7.4.4\lib\</path>
         <kind>archive</kind>
         <file>rts6700.lib</file>
         <name>fflush.obj</name>
      </input_file>
      <input_file id="fl-a0">
         <path>C:\ti\ccsv5\tools\compiler\c6000_7.4.4\lib\</path>
         <kind>archive</kind>
         <file>rts6700.lib</file>
         <name>fseek.obj</name>
      </input_file>
      <input_file id="fl-a1">
         <path>C:\ti\ccsv5\tools\compiler\c6000_7.4.4\lib\</path>
         <kind>archive</kind>
         <file>rts6700.lib</file>
         <name>setvbuf.obj</name>
      </input_file>
      <input_file id="fl-a2">
         <path>C:\ti\ccsv5\tools\compiler\c6000_7.4.4\lib\</path>
         <kind>archive</kind>
         <file>rts6700.lib</file>
         <name>fopen.obj</name>
      </input_file>
      <input_file id="fl-a3">
         <path>C:\ti\ccsv5\tools\compiler\c6000_7.4.4\lib\</path>
         <kind>archive</kind>
         <file>rts6700.lib</file>
         <name>memory.obj</name>
      </input_file>
      <input_file id="fl-a4">
         <path>C:\ti\ccsv5\tools\compiler\c6000_7.4.4\lib\</path>
         <kind>archive</kind>
         <file>rts6700.lib</file>
         <name>fclose.obj</name>
      </input_file>
      <input_file id="fl-a5">
         <path>C:\ti\ccsv5\tools\compiler\c6000_7.4.4\lib\</path>
         <kind>archive</kind>
         <file>rts6700.lib</file>
         <name>remove.obj</name>
      </input_file>
   </input_file_list>
   <object_component_list>
      <object_component id="oc-d1">
         <name>.text:__divd</name>
         <load_address>0x20</load_address>
         <run_address>0x20</run_address>
         <size>0x720</size>
         <input_file_ref idref="fl-89"/>
      </object_component>
      <object_component id="oc-c5">
         <name>.text:__getarg_diouxp</name>
         <load_address>0x740</load_address>
         <run_address>0x740</run_address>
         <size>0x6c0</size>
         <input_file_ref idref="fl-81"/>
      </object_component>
      <object_component id="oc-b3">
         <name>.text:__setfield</name>
         <load_address>0xe00</load_address>
         <run_address>0xe00</run_address>
         <size>0x5a0</size>
         <input_file_ref idref="fl-81"/>
      </object_component>
      <object_component id="oc-ae">
         <name>.text:__printfi</name>
         <load_address>0x13a0</load_address>
         <run_address>0x13a0</run_address>
         <size>0x560</size>
         <input_file_ref idref="fl-81"/>
      </object_component>
      <object_component id="oc-af">
         <name>.text:_fputs</name>
         <load_address>0x1900</load_address>
         <run_address>0x1900</run_address>
         <size>0x4c0</size>
         <input_file_ref idref="fl-8e"/>
      </object_component>
      <object_component id="oc-cf">
         <name>.text:_fcvt</name>
         <load_address>0x1dc0</load_address>
         <run_address>0x1dc0</run_address>
         <size>0x420</size>
         <input_file_ref idref="fl-81"/>
      </object_component>
      <object_component id="oc-ba">
         <name>.text:__pproc_fge</name>
         <load_address>0x21e0</load_address>
         <run_address>0x21e0</run_address>
         <size>0x400</size>
         <input_file_ref idref="fl-81"/>
      </object_component>
      <object_component id="oc-cc">
         <name>.text:_ecvt</name>
         <load_address>0x25e0</load_address>
         <run_address>0x25e0</run_address>
         <size>0x400</size>
         <input_file_ref idref="fl-81"/>
      </object_component>
      <object_component id="oc-de">
         <name>.text:__divull</name>
         <load_address>0x29e0</load_address>
         <run_address>0x29e0</run_address>
         <size>0x380</size>
         <input_file_ref idref="fl-91"/>
      </object_component>
      <object_component id="oc-c9">
         <name>.text:_free</name>
         <load_address>0x2d60</load_address>
         <run_address>0x2d60</run_address>
         <size>0x380</size>
         <input_file_ref idref="fl-a3"/>
      </object_component>
      <object_component id="oc-c4">
         <name>.text:__pconv_e</name>
         <load_address>0x30e0</load_address>
         <run_address>0x30e0</run_address>
         <size>0x360</size>
         <input_file_ref idref="fl-81"/>
      </object_component>
      <object_component id="oc-b2">
         <name>.text:__pproc_fwp</name>
         <load_address>0x3440</load_address>
         <run_address>0x3440</run_address>
         <size>0x360</size>
         <input_file_ref idref="fl-81"/>
      </object_component>
      <object_component id="oc-bb">
         <name>.text:__pproc_diouxp</name>
         <load_address>0x37a0</load_address>
         <run_address>0x37a0</run_address>
         <size>0x300</size>
         <input_file_ref idref="fl-81"/>
      </object_component>
      <object_component id="oc-c2">
         <name>.text:__pconv_g</name>
         <load_address>0x3aa0</load_address>
         <run_address>0x3aa0</run_address>
         <size>0x2c0</size>
         <input_file_ref idref="fl-81"/>
      </object_component>
      <object_component id="oc-b4">
         <name>.text:__pproc_str</name>
         <load_address>0x3d60</load_address>
         <run_address>0x3d60</run_address>
         <size>0x2c0</size>
         <input_file_ref idref="fl-81"/>
      </object_component>
      <object_component id="oc-b0">
         <name>.text:_fputc</name>
         <load_address>0x4020</load_address>
         <run_address>0x4020</run_address>
         <size>0x2a0</size>
         <input_file_ref idref="fl-8d"/>
      </object_component>
      <object_component id="oc-be">
         <name>.text:_setvbuf</name>
         <load_address>0x42c0</load_address>
         <run_address>0x42c0</run_address>
         <size>0x2a0</size>
         <input_file_ref idref="fl-a1"/>
      </object_component>
      <object_component id="oc-dd">
         <name>.text:__divul</name>
         <load_address>0x4560</load_address>
         <run_address>0x4560</run_address>
         <size>0x260</size>
         <input_file_ref idref="fl-90"/>
      </object_component>
      <object_component id="oc-ce">
         <name>.text:__mcpy</name>
         <load_address>0x47c0</load_address>
         <run_address>0x47c0</run_address>
         <size>0x240</size>
         <input_file_ref idref="fl-81"/>
      </object_component>
      <object_component id="oc-ca">
         <name>.text:_malloc</name>
         <load_address>0x4a00</load_address>
         <run_address>0x4a00</run_address>
         <size>0x240</size>
         <input_file_ref idref="fl-a3"/>
      </object_component>
      <object_component id="oc-a5">
         <name>.text:_memcpy</name>
         <load_address>0x4c40</load_address>
         <run_address>0x4c40</run_address>
         <size>0x240</size>
         <input_file_ref idref="fl-97"/>
      </object_component>
      <object_component id="oc-a3">
         <name>.text:_HOSTrename</name>
         <load_address>0x4e80</load_address>
         <run_address>0x4e80</run_address>
         <size>0x220</size>
         <input_file_ref idref="fl-9b"/>
      </object_component>
      <object_component id="oc-e6">
         <name>.text:_getdevice</name>
         <load_address>0x50a0</load_address>
         <run_address>0x50a0</run_address>
         <size>0x1e0</size>
         <input_file_ref idref="fl-94"/>
      </object_component>
      <object_component id="oc-bd">
         <name>.text:_fseek</name>
         <load_address>0x5280</load_address>
         <run_address>0x5280</run_address>
         <size>0x1c0</size>
         <input_file_ref idref="fl-a0"/>
      </object_component>
      <object_component id="oc-c7">
         <name>.text:__ltostr</name>
         <load_address>0x5440</load_address>
         <run_address>0x5440</run_address>
         <size>0x1a0</size>
         <input_file_ref idref="fl-81"/>
      </object_component>
      <object_component id="oc-b1">
         <name>.text:__pproc_fflags</name>
         <load_address>0x55e0</load_address>
         <run_address>0x55e0</run_address>
         <size>0x1a0</size>
         <input_file_ref idref="fl-81"/>
      </object_component>
      <object_component id="oc-a1">
         <name>.text:_HOSTlseek</name>
         <load_address>0x5780</load_address>
         <run_address>0x5780</run_address>
         <size>0x160</size>
         <input_file_ref idref="fl-9b"/>
      </object_component>
      <object_component id="oc-d6">
         <name>.text:__closefile</name>
         <load_address>0x58e0</load_address>
         <run_address>0x58e0</run_address>
         <size>0x160</size>
         <input_file_ref idref="fl-a4"/>
      </object_component>
      <object_component id="oc-9f">
         <name>.text:_HOSTread</name>
         <load_address>0x5a40</load_address>
         <run_address>0x5a40</run_address>
         <size>0x140</size>
         <input_file_ref idref="fl-9b"/>
      </object_component>
      <object_component id="oc-db">
         <name>.text:__frcmpyd_div</name>
         <load_address>0x5b80</load_address>
         <run_address>0x5b80</run_address>
         <size>0x140</size>
         <input_file_ref idref="fl-8f"/>
      </object_component>
      <object_component id="oc-b9">
         <name>.text:_atoi</name>
         <load_address>0x5cc0</load_address>
         <run_address>0x5cc0</run_address>
         <size>0x140</size>
         <input_file_ref idref="fl-83"/>
      </object_component>
      <object_component id="oc-9d">
         <name>.text:_HOSTopen</name>
         <load_address>0x5e00</load_address>
         <run_address>0x5e00</run_address>
         <size>0x120</size>
         <input_file_ref idref="fl-9b"/>
      </object_component>
      <object_component id="oc-a0">
         <name>.text:_HOSTwrite</name>
         <load_address>0x5f20</load_address>
         <run_address>0x5f20</run_address>
         <size>0x120</size>
         <input_file_ref idref="fl-9b"/>
      </object_component>
      <object_component id="oc-b5">
         <name>.text:__wrt_ok</name>
         <load_address>0x6040</load_address>
         <run_address>0x6040</run_address>
         <size>0x120</size>
         <input_file_ref idref="fl-9d"/>
      </object_component>
      <object_component id="oc-df">
         <name>.text:_close</name>
         <load_address>0x6160</load_address>
         <run_address>0x6160</run_address>
         <size>0x120</size>
         <input_file_ref idref="fl-94"/>
      </object_component>
      <object_component id="oc-d8">
         <name>.text:_ltoa</name>
         <load_address>0x6280</load_address>
         <run_address>0x6280</run_address>
         <size>0x120</size>
         <input_file_ref idref="fl-95"/>
      </object_component>
      <object_component id="oc-b8">
         <name>.text:_memset</name>
         <load_address>0x63a0</load_address>
         <run_address>0x63a0</run_address>
         <size>0x120</size>
         <input_file_ref idref="fl-98"/>
      </object_component>
      <object_component id="oc-9e">
         <name>.text:_HOSTclose</name>
         <load_address>0x64c0</load_address>
         <run_address>0x64c0</run_address>
         <size>0x100</size>
         <input_file_ref idref="fl-9b"/>
      </object_component>
      <object_component id="oc-a2">
         <name>.text:_HOSTunlink</name>
         <load_address>0x65c0</load_address>
         <run_address>0x65c0</run_address>
         <size>0x100</size>
         <input_file_ref idref="fl-9b"/>
      </object_component>
      <object_component id="oc-99">
         <name>.text:__auto_init</name>
         <load_address>0x66c0</load_address>
         <run_address>0x66c0</run_address>
         <size>0x100</size>
         <input_file_ref idref="fl-84"/>
      </object_component>
      <object_component id="oc-d2">
         <name>.text:__div</name>
         <load_address>0x67c0</load_address>
         <run_address>0x67c0</run_address>
         <size>0x100</size>
         <input_file_ref idref="fl-81"/>
      </object_component>
      <object_component id="oc-e2">
         <name>.text:__divli</name>
         <load_address>0x68c0</load_address>
         <run_address>0x68c0</run_address>
         <size>0x100</size>
         <input_file_ref idref="fl-90"/>
      </object_component>
      <object_component id="oc-c3">
         <name>.text:__pconv_f</name>
         <load_address>0x69c0</load_address>
         <run_address>0x69c0</run_address>
         <size>0x100</size>
         <input_file_ref idref="fl-81"/>
      </object_component>
      <object_component id="oc-c8">
         <name>.text:_lseek</name>
         <load_address>0x6ac0</load_address>
         <run_address>0x6ac0</run_address>
         <size>0x100</size>
         <input_file_ref idref="fl-94"/>
      </object_component>
      <object_component id="oc-ab">
         <name>.text:_printf</name>
         <load_address>0x6bc0</load_address>
         <run_address>0x6bc0</run_address>
         <size>0x100</size>
         <input_file_ref idref="fl-7f"/>
      </object_component>
      <object_component id="oc-b7">
         <name>.text:_write</name>
         <load_address>0x6cc0</load_address>
         <run_address>0x6cc0</run_address>
         <size>0x100</size>
         <input_file_ref idref="fl-94"/>
      </object_component>
      <object_component id="oc-cb">
         <name>.text:__cleanup</name>
         <load_address>0x6dc0</load_address>
         <run_address>0x6dc0</run_address>
         <size>0xe0</size>
         <input_file_ref idref="fl-a2"/>
      </object_component>
      <object_component id="oc-b6">
         <name>.text:__doflush</name>
         <load_address>0x6ea0</load_address>
         <run_address>0x6ea0</run_address>
         <size>0xe0</size>
         <input_file_ref idref="fl-9f"/>
      </object_component>
      <object_component id="oc-cd">
         <name>.text:__ecpy</name>
         <load_address>0x6f80</load_address>
         <run_address>0x6f80</run_address>
         <size>0xe0</size>
         <input_file_ref idref="fl-81"/>
      </object_component>
      <object_component id="oc-d0">
         <name>.text:__fcpy</name>
         <load_address>0x7060</load_address>
         <run_address>0x7060</run_address>
         <size>0xe0</size>
         <input_file_ref idref="fl-81"/>
      </object_component>
      <object_component id="oc-9b">
         <name>.text:_exit</name>
         <load_address>0x7140</load_address>
         <run_address>0x7140</run_address>
         <size>0xe0</size>
         <input_file_ref idref="fl-7e"/>
      </object_component>
      <object_component id="oc-d5">
         <name>.text:_minsert</name>
         <load_address>0x7220</load_address>
         <run_address>0x7220</run_address>
         <size>0xe0</size>
         <input_file_ref idref="fl-a3"/>
      </object_component>
      <object_component id="oc-d4">
         <name>.text:_mremove</name>
         <load_address>0x7300</load_address>
         <run_address>0x7300</run_address>
         <size>0xe0</size>
         <input_file_ref idref="fl-a3"/>
      </object_component>
      <object_component id="oc-dc">
         <name>.text:__divu</name>
         <load_address>0x73e0</load_address>
         <run_address>0x73e0</run_address>
         <size>0xc0</size>
         <input_file_ref idref="fl-8a"/>
      </object_component>
      <object_component id="oc-a4">
         <name>.text:_copy_in</name>
         <load_address>0x74a0</load_address>
         <run_address>0x74a0</run_address>
         <size>0xc0</size>
         <input_file_ref idref="fl-86"/>
      </object_component>
      <object_component id="oc-e7">
         <name>.text:_finddevice</name>
         <load_address>0x7560</load_address>
         <run_address>0x7560</run_address>
         <size>0xc0</size>
         <input_file_ref idref="fl-94"/>
      </object_component>
      <object_component id="oc-d7">
         <name>.text:__fixdli</name>
         <load_address>0x7620</load_address>
         <run_address>0x7620</run_address>
         <size>0xa0</size>
         <input_file_ref idref="fl-8b"/>
      </object_component>
      <object_component id="oc-d3">
         <name>.text:__mpyll</name>
         <load_address>0x76c0</load_address>
         <run_address>0x76c0</run_address>
         <size>0xa0</size>
         <input_file_ref idref="fl-99"/>
      </object_component>
      <object_component id="oc-e1">
         <name>.text:__remli</name>
         <load_address>0x7760</load_address>
         <run_address>0x7760</run_address>
         <size>0xa0</size>
         <input_file_ref idref="fl-90"/>
      </object_component>
      <object_component id="oc-aa">
         <name>.text:_readmsg</name>
         <load_address>0x7800</load_address>
         <run_address>0x7800</run_address>
         <size>0xa0</size>
         <input_file_ref idref="fl-9c"/>
      </object_component>
      <object_component id="oc-e5">
         <name>.text:_unlink</name>
         <load_address>0x78a0</load_address>
         <run_address>0x78a0</run_address>
         <size>0xa0</size>
         <input_file_ref idref="fl-94"/>
      </object_component>
      <object_component id="oc-a9">
         <name>.text:_writemsg</name>
         <load_address>0x7940</load_address>
         <run_address>0x7940</run_address>
         <size>0xa0</size>
         <input_file_ref idref="fl-9c"/>
      </object_component>
      <object_component id="oc-a6">
         <name>.text:___TI_cpp_init</name>
         <load_address>0x79e0</load_address>
         <run_address>0x79e0</run_address>
         <size>0x80</size>
         <input_file_ref idref="fl-85"/>
      </object_component>
      <object_component id="oc-d9">
         <name>.text:__fltlid</name>
         <load_address>0x7a60</load_address>
         <run_address>0x7a60</run_address>
         <size>0x80</size>
         <input_file_ref idref="fl-8c"/>
      </object_component>
      <object_component id="oc-e3">
         <name>.text:__llshl</name>
         <load_address>0x7ae0</load_address>
         <run_address>0x7ae0</run_address>
         <size>0x80</size>
         <input_file_ref idref="fl-93"/>
      </object_component>
      <object_component id="oc-2">
         <name>.text:_c_int00</name>
         <load_address>0x7b60</load_address>
         <run_address>0x7b60</run_address>
         <size>0x80</size>
         <input_file_ref idref="fl-7d"/>
      </object_component>
      <object_component id="oc-bc">
         <name>.text:_memccpy</name>
         <load_address>0x7be0</load_address>
         <run_address>0x7be0</run_address>
         <size>0x80</size>
         <input_file_ref idref="fl-96"/>
      </object_component>
      <object_component id="oc-a7">
         <name>.text</name>
         <load_address>0x7c60</load_address>
         <run_address>0x7c60</run_address>
         <size>0x80</size>
         <input_file_ref idref="fl-2"/>
      </object_component>
      <object_component id="oc-c1">
         <name>.text:___isinf</name>
         <load_address>0x7ce0</load_address>
         <run_address>0x7ce0</run_address>
         <size>0x60</size>
         <input_file_ref idref="fl-92"/>
      </object_component>
      <object_component id="oc-da">
         <name>.text:__llshru</name>
         <load_address>0x7d40</load_address>
         <run_address>0x7d40</run_address>
         <size>0x60</size>
         <input_file_ref idref="fl-93"/>
      </object_component>
      <object_component id="oc-e4">
         <name>.text:__subcull</name>
         <load_address>0x7da0</load_address>
         <run_address>0x7da0</run_address>
         <size>0x60</size>
         <input_file_ref idref="fl-91"/>
      </object_component>
      <object_component id="oc-c0">
         <name>.text:___isnan</name>
         <load_address>0x7e00</load_address>
         <run_address>0x7e00</run_address>
         <size>0x40</size>
         <input_file_ref idref="fl-81"/>
      </object_component>
      <object_component id="oc-9a">
         <name>.text:__args_main</name>
         <load_address>0x7e40</load_address>
         <run_address>0x7e40</run_address>
         <size>0x40</size>
         <input_file_ref idref="fl-82"/>
      </object_component>
      <object_component id="oc-c6">
         <name>.text:__negll</name>
         <load_address>0x7e80</load_address>
         <run_address>0x7e80</run_address>
         <size>0x20</size>
         <input_file_ref idref="fl-9a"/>
      </object_component>
      <object_component id="oc-9c">
         <name>.text:__nop</name>
         <load_address>0x7ea0</load_address>
         <run_address>0x7ea0</run_address>
         <size>0x20</size>
         <input_file_ref idref="fl-80"/>
      </object_component>
      <object_component id="oc-ad">
         <name>.text:__outc</name>
         <load_address>0x7ec0</load_address>
         <run_address>0x7ec0</run_address>
         <size>0x20</size>
         <input_file_ref idref="fl-7f"/>
      </object_component>
      <object_component id="oc-ac">
         <name>.text:__outs</name>
         <load_address>0x7ee0</load_address>
         <run_address>0x7ee0</run_address>
         <size>0x20</size>
         <input_file_ref idref="fl-7f"/>
      </object_component>
      <object_component id="oc-a8">
         <name>.text:_abort</name>
         <load_address>0x7f00</load_address>
         <run_address>0x7f00</run_address>
         <size>0x20</size>
         <input_file_ref idref="fl-7e"/>
      </object_component>
      <object_component id="oc-e0">
         <name>.text:_remove</name>
         <load_address>0x7f20</load_address>
         <run_address>0x7f20</run_address>
         <size>0x20</size>
         <input_file_ref idref="fl-a5"/>
      </object_component>
      <object_component id="oc-a">
         <name>.text</name>
         <load_address>0x7f40</load_address>
         <run_address>0x7f40</run_address>
         <size>0x20</size>
         <input_file_ref idref="fl-3"/>
      </object_component>
      <object_component id="oc-bf">
         <name>.const:.string:__ctypes_</name>
         <load_address>0x8bc8</load_address>
         <run_address>0x8bc8</run_address>
         <size>0x101</size>
         <input_file_ref idref="fl-87"/>
      </object_component>
      <object_component id="oc-48">
         <name>.const:.string</name>
         <load_address>0x8cc9</load_address>
         <run_address>0x8cc9</run_address>
         <size>0x2</size>
         <input_file_ref idref="fl-8e"/>
      </object_component>
      <object_component id="oc-6">
         <name>.const:.string</name>
         <load_address>0x8ccc</load_address>
         <run_address>0x8ccc</run_address>
         <size>0x34</size>
         <input_file_ref idref="fl-2"/>
      </object_component>
      <object_component id="oc-20">
         <name>.const:.string</name>
         <load_address>0x8d00</load_address>
         <run_address>0x8d00</run_address>
         <size>0x23</size>
         <input_file_ref idref="fl-81"/>
      </object_component>
      <object_component id="oc-3">
         <name>.bss</name>
         <uninitialized>true</uninitialized>
         <run_address>0x8</run_address>
         <size>0x4</size>
         <input_file_ref idref="fl-2"/>
      </object_component>
      <object_component id="oc-35">
         <name>.cinit</name>
         <load_address>0x8d28</load_address>
         <run_address>0x8d28</run_address>
         <size>0x5c</size>
         <input_file_ref idref="fl-88"/>
      </object_component>
      <object_component id="oc-5b">
         <name>.cinit</name>
         <load_address>0x8d88</load_address>
         <run_address>0x8d88</run_address>
         <size>0x5c</size>
         <input_file_ref idref="fl-94"/>
      </object_component>
      <object_component id="oc-13">
         <name>.cinit</name>
         <load_address>0x8de8</load_address>
         <run_address>0x8de8</run_address>
         <size>0x2c</size>
         <input_file_ref idref="fl-7e"/>
      </object_component>
      <object_component id="oc-8e">
         <name>.cinit</name>
         <load_address>0x8e18</load_address>
         <run_address>0x8e18</run_address>
         <size>0x2c</size>
         <input_file_ref idref="fl-a3"/>
      </object_component>
      <object_component id="oc-1b">
         <name>.cinit</name>
         <load_address>0x8e48</load_address>
         <run_address>0x8e48</run_address>
         <size>0x1c</size>
         <input_file_ref idref="fl-80"/>
      </object_component>
      <object_component id="oc-5">
         <name>.cinit</name>
         <load_address>0x8e68</load_address>
         <run_address>0x8e68</run_address>
         <size>0xc</size>
         <input_file_ref idref="fl-2"/>
      </object_component>
      <object_component id="oc-89">
         <name>.cinit</name>
         <load_address>0x8e78</load_address>
         <run_address>0x8e78</run_address>
         <size>0xc</size>
         <input_file_ref idref="fl-a2"/>
      </object_component>
      <object_component id="oc-f">
         <name>.stack</name>
         <uninitialized>true</uninitialized>
         <run_address>0x83c8</run_address>
         <size>0x8</size>
         <input_file_ref idref="fl-7d"/>
      </object_component>
      <object_component id="oc-10b">
         <name>.stack</name>
         <uninitialized>true</uninitialized>
         <run_address>0x83c8</run_address>
         <size>0x0</size>
      </object_component>
      <object_component id="oc-90">
         <name>.sysmem</name>
         <uninitialized>true</uninitialized>
         <run_address>0x87c8</run_address>
         <size>0x8</size>
         <input_file_ref idref="fl-a3"/>
      </object_component>
      <object_component id="oc-10c">
         <name>.sysmem</name>
         <uninitialized>true</uninitialized>
         <run_address>0x87c8</run_address>
         <size>0x0</size>
      </object_component>
      <object_component id="oc-14">
         <name>.far</name>
         <uninitialized>true</uninitialized>
         <run_address>0x83a0</run_address>
         <size>0xc</size>
         <input_file_ref idref="fl-7e"/>
      </object_component>
      <object_component id="oc-1c">
         <name>.far</name>
         <uninitialized>true</uninitialized>
         <run_address>0x83ac</run_address>
         <size>0x8</size>
         <input_file_ref idref="fl-80"/>
      </object_component>
      <object_component id="oc-36">
         <name>.far</name>
         <uninitialized>true</uninitialized>
         <run_address>0x7f60</run_address>
         <size>0x324</size>
         <input_file_ref idref="fl-88"/>
      </object_component>
      <object_component id="oc-5c">
         <name>.far</name>
         <uninitialized>true</uninitialized>
         <run_address>0x8284</run_address>
         <size>0x11c</size>
         <input_file_ref idref="fl-94"/>
      </object_component>
      <object_component id="oc-72">
         <name>.far</name>
         <uninitialized>true</uninitialized>
         <run_address>0x83bc</run_address>
         <size>0x8</size>
         <input_file_ref idref="fl-9b"/>
      </object_component>
      <object_component id="oc-8a">
         <name>.far</name>
         <uninitialized>true</uninitialized>
         <run_address>0x83c4</run_address>
         <size>0x4</size>
         <input_file_ref idref="fl-a2"/>
      </object_component>
      <object_component id="oc-8f">
         <name>.far</name>
         <uninitialized>true</uninitialized>
         <run_address>0x83b4</run_address>
         <size>0x8</size>
         <input_file_ref idref="fl-a3"/>
      </object_component>
      <object_component id="oc-76">
         <name>.cio</name>
         <uninitialized>true</uninitialized>
         <run_address>0x8e90</run_address>
         <size>0x120</size>
         <input_file_ref idref="fl-9c"/>
      </object_component>
      <object_component id="oc-4">
         <name>.debug_info</name>
         <load_address>0x0</load_address>
         <run_address>0x0</run_address>
         <size>0x6f0</size>
         <input_file_ref idref="fl-2"/>
      </object_component>
      <object_component id="oc-b">
         <name>.debug_info</name>
         <load_address>0x6f0</load_address>
         <run_address>0x6f0</run_address>
         <size>0xbb</size>
         <input_file_ref idref="fl-3"/>
      </object_component>
      <object_component id="oc-e">
         <name>.debug_info</name>
         <load_address>0x7ab</load_address>
         <run_address>0x7ab</run_address>
         <size>0x70a</size>
         <input_file_ref idref="fl-7d"/>
      </object_component>
      <object_component id="oc-12">
         <name>.debug_info</name>
         <load_address>0xeb5</load_address>
         <run_address>0xeb5</run_address>
         <size>0x7fb</size>
         <input_file_ref idref="fl-7e"/>
      </object_component>
      <object_component id="oc-17">
         <name>.debug_info</name>
         <load_address>0x16b0</load_address>
         <run_address>0x16b0</run_address>
         <size>0x901</size>
         <input_file_ref idref="fl-7f"/>
      </object_component>
      <object_component id="oc-1a">
         <name>.debug_info</name>
         <load_address>0x1fb1</load_address>
         <run_address>0x1fb1</run_address>
         <size>0x64b</size>
         <input_file_ref idref="fl-80"/>
      </object_component>
      <object_component id="oc-1f">
         <name>.debug_info</name>
         <load_address>0x25fc</load_address>
         <run_address>0x25fc</run_address>
         <size>0x2b5b</size>
         <input_file_ref idref="fl-81"/>
      </object_component>
      <object_component id="oc-23">
         <name>.debug_info</name>
         <load_address>0x5157</load_address>
         <run_address>0x5157</run_address>
         <size>0x6e0</size>
         <input_file_ref idref="fl-82"/>
      </object_component>
      <object_component id="oc-26">
         <name>.debug_info</name>
         <load_address>0x5837</load_address>
         <run_address>0x5837</run_address>
         <size>0x71b</size>
         <input_file_ref idref="fl-83"/>
      </object_component>
      <object_component id="oc-29">
         <name>.debug_info</name>
         <load_address>0x5f52</load_address>
         <run_address>0x5f52</run_address>
         <size>0x86d</size>
         <input_file_ref idref="fl-84"/>
      </object_component>
      <object_component id="oc-2c">
         <name>.debug_info</name>
         <load_address>0x67bf</load_address>
         <run_address>0x67bf</run_address>
         <size>0x6e5</size>
         <input_file_ref idref="fl-85"/>
      </object_component>
      <object_component id="oc-2f">
         <name>.debug_info</name>
         <load_address>0x6ea4</load_address>
         <run_address>0x6ea4</run_address>
         <size>0x7db</size>
         <input_file_ref idref="fl-86"/>
      </object_component>
      <object_component id="oc-32">
         <name>.debug_info</name>
         <load_address>0x767f</load_address>
         <run_address>0x767f</run_address>
         <size>0x5f9</size>
         <input_file_ref idref="fl-87"/>
      </object_component>
      <object_component id="oc-34">
         <name>.debug_info</name>
         <load_address>0x7c78</load_address>
         <run_address>0x7c78</run_address>
         <size>0x6e6</size>
         <input_file_ref idref="fl-88"/>
      </object_component>
      <object_component id="oc-38">
         <name>.debug_info</name>
         <load_address>0x835e</load_address>
         <run_address>0x835e</run_address>
         <size>0x981</size>
         <input_file_ref idref="fl-89"/>
      </object_component>
      <object_component id="oc-3b">
         <name>.debug_info</name>
         <load_address>0x8cdf</load_address>
         <run_address>0x8cdf</run_address>
         <size>0xd1</size>
         <input_file_ref idref="fl-8a"/>
      </object_component>
      <object_component id="oc-3e">
         <name>.debug_info</name>
         <load_address>0x8db0</load_address>
         <run_address>0x8db0</run_address>
         <size>0x690</size>
         <input_file_ref idref="fl-8b"/>
      </object_component>
      <object_component id="oc-41">
         <name>.debug_info</name>
         <load_address>0x9440</load_address>
         <run_address>0x9440</run_address>
         <size>0x6a9</size>
         <input_file_ref idref="fl-8c"/>
      </object_component>
      <object_component id="oc-44">
         <name>.debug_info</name>
         <load_address>0x9ae9</load_address>
         <run_address>0x9ae9</run_address>
         <size>0x829</size>
         <input_file_ref idref="fl-8d"/>
      </object_component>
      <object_component id="oc-47">
         <name>.debug_info</name>
         <load_address>0xa312</load_address>
         <run_address>0xa312</run_address>
         <size>0xb80</size>
         <input_file_ref idref="fl-8e"/>
      </object_component>
      <object_component id="oc-4b">
         <name>.debug_info</name>
         <load_address>0xae92</load_address>
         <run_address>0xae92</run_address>
         <size>0x6a3</size>
         <input_file_ref idref="fl-8f"/>
      </object_component>
      <object_component id="oc-4e">
         <name>.debug_info</name>
         <load_address>0xb535</load_address>
         <run_address>0xb535</run_address>
         <size>0x7b9</size>
         <input_file_ref idref="fl-90"/>
      </object_component>
      <object_component id="oc-51">
         <name>.debug_info</name>
         <load_address>0xbcee</load_address>
         <run_address>0xbcee</run_address>
         <size>0x7b4</size>
         <input_file_ref idref="fl-91"/>
      </object_component>
      <object_component id="oc-54">
         <name>.debug_info</name>
         <load_address>0xc4a2</load_address>
         <run_address>0xc4a2</run_address>
         <size>0x815</size>
         <input_file_ref idref="fl-92"/>
      </object_component>
      <object_component id="oc-57">
         <name>.debug_info</name>
         <load_address>0xccb7</load_address>
         <run_address>0xccb7</run_address>
         <size>0x700</size>
         <input_file_ref idref="fl-93"/>
      </object_component>
      <object_component id="oc-5a">
         <name>.debug_info</name>
         <load_address>0xd3b7</load_address>
         <run_address>0xd3b7</run_address>
         <size>0xf57</size>
         <input_file_ref idref="fl-94"/>
      </object_component>
      <object_component id="oc-5f">
         <name>.debug_info</name>
         <load_address>0xe30e</load_address>
         <run_address>0xe30e</run_address>
         <size>0x744</size>
         <input_file_ref idref="fl-95"/>
      </object_component>
      <object_component id="oc-62">
         <name>.debug_info</name>
         <load_address>0xea52</load_address>
         <run_address>0xea52</run_address>
         <size>0x6e8</size>
         <input_file_ref idref="fl-96"/>
      </object_component>
      <object_component id="oc-65">
         <name>.debug_info</name>
         <load_address>0xf13a</load_address>
         <run_address>0xf13a</run_address>
         <size>0x78b</size>
         <input_file_ref idref="fl-97"/>
      </object_component>
      <object_component id="oc-68">
         <name>.debug_info</name>
         <load_address>0xf8c5</load_address>
         <run_address>0xf8c5</run_address>
         <size>0x72c</size>
         <input_file_ref idref="fl-98"/>
      </object_component>
      <object_component id="oc-6b">
         <name>.debug_info</name>
         <load_address>0xfff1</load_address>
         <run_address>0xfff1</run_address>
         <size>0x6b6</size>
         <input_file_ref idref="fl-99"/>
      </object_component>
      <object_component id="oc-6e">
         <name>.debug_info</name>
         <load_address>0x106a7</load_address>
         <run_address>0x106a7</run_address>
         <size>0x617</size>
         <input_file_ref idref="fl-9a"/>
      </object_component>
      <object_component id="oc-71">
         <name>.debug_info</name>
         <load_address>0x10cbe</load_address>
         <run_address>0x10cbe</run_address>
         <size>0xeef</size>
         <input_file_ref idref="fl-9b"/>
      </object_component>
      <object_component id="oc-75">
         <name>.debug_info</name>
         <load_address>0x11bad</load_address>
         <run_address>0x11bad</run_address>
         <size>0x8c4</size>
         <input_file_ref idref="fl-9c"/>
      </object_component>
      <object_component id="oc-79">
         <name>.debug_info</name>
         <load_address>0x12471</load_address>
         <run_address>0x12471</run_address>
         <size>0x759</size>
         <input_file_ref idref="fl-9d"/>
      </object_component>
      <object_component id="oc-7c">
         <name>.debug_info</name>
         <load_address>0x12bca</load_address>
         <run_address>0x12bca</run_address>
         <size>0x5cb</size>
         <input_file_ref idref="fl-9e"/>
      </object_component>
      <object_component id="oc-7f">
         <name>.debug_info</name>
         <load_address>0x13195</load_address>
         <run_address>0x13195</run_address>
         <size>0x780</size>
         <input_file_ref idref="fl-9f"/>
      </object_component>
      <object_component id="oc-82">
         <name>.debug_info</name>
         <load_address>0x13915</load_address>
         <run_address>0x13915</run_address>
         <size>0x7b8</size>
         <input_file_ref idref="fl-a0"/>
      </object_component>
      <object_component id="oc-85">
         <name>.debug_info</name>
         <load_address>0x140cd</load_address>
         <run_address>0x140cd</run_address>
         <size>0x80b</size>
         <input_file_ref idref="fl-a1"/>
      </object_component>
      <object_component id="oc-88">
         <name>.debug_info</name>
         <load_address>0x148d8</load_address>
         <run_address>0x148d8</run_address>
         <size>0x881</size>
         <input_file_ref idref="fl-a2"/>
      </object_component>
      <object_component id="oc-8d">
         <name>.debug_info</name>
         <load_address>0x15159</load_address>
         <run_address>0x15159</run_address>
         <size>0xb33</size>
         <input_file_ref idref="fl-a3"/>
      </object_component>
      <object_component id="oc-93">
         <name>.debug_info</name>
         <load_address>0x15c8c</load_address>
         <run_address>0x15c8c</run_address>
         <size>0x805</size>
         <input_file_ref idref="fl-a4"/>
      </object_component>
      <object_component id="oc-96">
         <name>.debug_info</name>
         <load_address>0x16491</load_address>
         <run_address>0x16491</run_address>
         <size>0x663</size>
         <input_file_ref idref="fl-a5"/>
      </object_component>
      <object_component id="oc-13c">
         <name>.debug_info</name>
         <load_address>0x16af4</load_address>
         <run_address>0x16af4</run_address>
         <size>0x6d</size>
      </object_component>
      <object_component id="oc-7">
         <name>.debug_frame</name>
         <load_address>0x0</load_address>
         <run_address>0x0</run_address>
         <size>0x259</size>
         <input_file_ref idref="fl-2"/>
      </object_component>
      <object_component id="oc-8">
         <name>.debug_line</name>
         <load_address>0x0</load_address>
         <run_address>0x0</run_address>
         <size>0x42</size>
         <input_file_ref idref="fl-2"/>
      </object_component>
      <object_component id="oc-c">
         <name>.debug_line</name>
         <load_address>0x42</load_address>
         <run_address>0x42</run_address>
         <size>0x40</size>
         <input_file_ref idref="fl-3"/>
      </object_component>
      <object_component id="oc-10">
         <name>.debug_line</name>
         <load_address>0x82</load_address>
         <run_address>0x82</run_address>
         <size>0x3d</size>
         <input_file_ref idref="fl-7d"/>
      </object_component>
      <object_component id="oc-15">
         <name>.debug_line</name>
         <load_address>0xbf</load_address>
         <run_address>0xbf</run_address>
         <size>0x4f</size>
         <input_file_ref idref="fl-7e"/>
      </object_component>
      <object_component id="oc-18">
         <name>.debug_line</name>
         <load_address>0x10e</load_address>
         <run_address>0x10e</run_address>
         <size>0x6a</size>
         <input_file_ref idref="fl-7f"/>
      </object_component>
      <object_component id="oc-1d">
         <name>.debug_line</name>
         <load_address>0x178</load_address>
         <run_address>0x178</run_address>
         <size>0x36</size>
         <input_file_ref idref="fl-80"/>
      </object_component>
      <object_component id="oc-21">
         <name>.debug_line</name>
         <load_address>0x1ae</load_address>
         <run_address>0x1ae</run_address>
         <size>0x343</size>
         <input_file_ref idref="fl-81"/>
      </object_component>
      <object_component id="oc-24">
         <name>.debug_line</name>
         <load_address>0x4f1</load_address>
         <run_address>0x4f1</run_address>
         <size>0x41</size>
         <input_file_ref idref="fl-82"/>
      </object_component>
      <object_component id="oc-27">
         <name>.debug_line</name>
         <load_address>0x532</load_address>
         <run_address>0x532</run_address>
         <size>0x41</size>
         <input_file_ref idref="fl-83"/>
      </object_component>
      <object_component id="oc-2a">
         <name>.debug_line</name>
         <load_address>0x573</load_address>
         <run_address>0x573</run_address>
         <size>0x47</size>
         <input_file_ref idref="fl-84"/>
      </object_component>
      <object_component id="oc-2d">
         <name>.debug_line</name>
         <load_address>0x5ba</load_address>
         <run_address>0x5ba</run_address>
         <size>0x45</size>
         <input_file_ref idref="fl-85"/>
      </object_component>
      <object_component id="oc-30">
         <name>.debug_line</name>
         <load_address>0x5ff</load_address>
         <run_address>0x5ff</run_address>
         <size>0x44</size>
         <input_file_ref idref="fl-86"/>
      </object_component>
      <object_component id="oc-39">
         <name>.debug_line</name>
         <load_address>0x643</load_address>
         <run_address>0x643</run_address>
         <size>0x3c</size>
         <input_file_ref idref="fl-89"/>
      </object_component>
      <object_component id="oc-3c">
         <name>.debug_line</name>
         <load_address>0x67f</load_address>
         <run_address>0x67f</run_address>
         <size>0x44</size>
         <input_file_ref idref="fl-8a"/>
      </object_component>
      <object_component id="oc-3f">
         <name>.debug_line</name>
         <load_address>0x6c3</load_address>
         <run_address>0x6c3</run_address>
         <size>0x3d</size>
         <input_file_ref idref="fl-8b"/>
      </object_component>
      <object_component id="oc-42">
         <name>.debug_line</name>
         <load_address>0x700</load_address>
         <run_address>0x700</run_address>
         <size>0x3d</size>
         <input_file_ref idref="fl-8c"/>
      </object_component>
      <object_component id="oc-45">
         <name>.debug_line</name>
         <load_address>0x73d</load_address>
         <run_address>0x73d</run_address>
         <size>0x3f</size>
         <input_file_ref idref="fl-8d"/>
      </object_component>
      <object_component id="oc-49">
         <name>.debug_line</name>
         <load_address>0x77c</load_address>
         <run_address>0x77c</run_address>
         <size>0xa9</size>
         <input_file_ref idref="fl-8e"/>
      </object_component>
      <object_component id="oc-4c">
         <name>.debug_line</name>
         <load_address>0x825</load_address>
         <run_address>0x825</run_address>
         <size>0x3e</size>
         <input_file_ref idref="fl-8f"/>
      </object_component>
      <object_component id="oc-4f">
         <name>.debug_line</name>
         <load_address>0x863</load_address>
         <run_address>0x863</run_address>
         <size>0x73</size>
         <input_file_ref idref="fl-90"/>
      </object_component>
      <object_component id="oc-52">
         <name>.debug_line</name>
         <load_address>0x8d6</load_address>
         <run_address>0x8d6</run_address>
         <size>0x5f</size>
         <input_file_ref idref="fl-91"/>
      </object_component>
      <object_component id="oc-55">
         <name>.debug_line</name>
         <load_address>0x935</load_address>
         <run_address>0x935</run_address>
         <size>0x38</size>
         <input_file_ref idref="fl-92"/>
      </object_component>
      <object_component id="oc-58">
         <name>.debug_line</name>
         <load_address>0x96d</load_address>
         <run_address>0x96d</run_address>
         <size>0x56</size>
         <input_file_ref idref="fl-93"/>
      </object_component>
      <object_component id="oc-5d">
         <name>.debug_line</name>
         <load_address>0x9c3</load_address>
         <run_address>0x9c3</run_address>
         <size>0x10c</size>
         <input_file_ref idref="fl-94"/>
      </object_component>
      <object_component id="oc-60">
         <name>.debug_line</name>
         <load_address>0xacf</load_address>
         <run_address>0xacf</run_address>
         <size>0x40</size>
         <input_file_ref idref="fl-95"/>
      </object_component>
      <object_component id="oc-63">
         <name>.debug_line</name>
         <load_address>0xb0f</load_address>
         <run_address>0xb0f</run_address>
         <size>0x3f</size>
         <input_file_ref idref="fl-96"/>
      </object_component>
      <object_component id="oc-66">
         <name>.debug_line</name>
         <load_address>0xb4e</load_address>
         <run_address>0xb4e</run_address>
         <size>0x4e</size>
         <input_file_ref idref="fl-97"/>
      </object_component>
      <object_component id="oc-69">
         <name>.debug_line</name>
         <load_address>0xb9c</load_address>
         <run_address>0xb9c</run_address>
         <size>0x47</size>
         <input_file_ref idref="fl-98"/>
      </object_component>
      <object_component id="oc-6c">
         <name>.debug_line</name>
         <load_address>0xbe3</load_address>
         <run_address>0xbe3</run_address>
         <size>0x3d</size>
         <input_file_ref idref="fl-99"/>
      </object_component>
      <object_component id="oc-6f">
         <name>.debug_line</name>
         <load_address>0xc20</load_address>
         <run_address>0xc20</run_address>
         <size>0x37</size>
         <input_file_ref idref="fl-9a"/>
      </object_component>
      <object_component id="oc-73">
         <name>.debug_line</name>
         <load_address>0xc57</load_address>
         <run_address>0xc57</run_address>
         <size>0x139</size>
         <input_file_ref idref="fl-9b"/>
      </object_component>
      <object_component id="oc-77">
         <name>.debug_line</name>
         <load_address>0xd90</load_address>
         <run_address>0xd90</run_address>
         <size>0x64</size>
         <input_file_ref idref="fl-9c"/>
      </object_component>
      <object_component id="oc-7a">
         <name>.debug_line</name>
         <load_address>0xdf4</load_address>
         <run_address>0xdf4</run_address>
         <size>0x40</size>
         <input_file_ref idref="fl-9d"/>
      </object_component>
      <object_component id="oc-7d">
         <name>.debug_line</name>
         <load_address>0xe34</load_address>
         <run_address>0xe34</run_address>
         <size>0x23</size>
         <input_file_ref idref="fl-9e"/>
      </object_component>
      <object_component id="oc-80">
         <name>.debug_line</name>
         <load_address>0xe57</load_address>
         <run_address>0xe57</run_address>
         <size>0x3e</size>
         <input_file_ref idref="fl-9f"/>
      </object_component>
      <object_component id="oc-83">
         <name>.debug_line</name>
         <load_address>0xe95</load_address>
         <run_address>0xe95</run_address>
         <size>0x3c</size>
         <input_file_ref idref="fl-a0"/>
      </object_component>
      <object_component id="oc-86">
         <name>.debug_line</name>
         <load_address>0xed1</load_address>
         <run_address>0xed1</run_address>
         <size>0x40</size>
         <input_file_ref idref="fl-a1"/>
      </object_component>
      <object_component id="oc-8b">
         <name>.debug_line</name>
         <load_address>0xf11</load_address>
         <run_address>0xf11</run_address>
         <size>0x42</size>
         <input_file_ref idref="fl-a2"/>
      </object_component>
      <object_component id="oc-91">
         <name>.debug_line</name>
         <load_address>0xf53</load_address>
         <run_address>0xf53</run_address>
         <size>0xa7</size>
         <input_file_ref idref="fl-a3"/>
      </object_component>
      <object_component id="oc-94">
         <name>.debug_line</name>
         <load_address>0xffa</load_address>
         <run_address>0xffa</run_address>
         <size>0x3e</size>
         <input_file_ref idref="fl-a4"/>
      </object_component>
      <object_component id="oc-97">
         <name>.debug_line</name>
         <load_address>0x1038</load_address>
         <run_address>0x1038</run_address>
         <size>0x39</size>
         <input_file_ref idref="fl-a5"/>
      </object_component>
      <object_component id="oc-9">
         <name>.debug_abbrev</name>
         <load_address>0x0</load_address>
         <run_address>0x0</run_address>
         <size>0xd2</size>
         <input_file_ref idref="fl-2"/>
      </object_component>
      <object_component id="oc-d">
         <name>.debug_abbrev</name>
         <load_address>0xd2</load_address>
         <run_address>0xd2</run_address>
         <size>0x20</size>
         <input_file_ref idref="fl-3"/>
      </object_component>
      <object_component id="oc-11">
         <name>.debug_abbrev</name>
         <load_address>0xf2</load_address>
         <run_address>0xf2</run_address>
         <size>0xfe</size>
         <input_file_ref idref="fl-7d"/>
      </object_component>
      <object_component id="oc-16">
         <name>.debug_abbrev</name>
         <load_address>0x1f0</load_address>
         <run_address>0x1f0</run_address>
         <size>0x119</size>
         <input_file_ref idref="fl-7e"/>
      </object_component>
      <object_component id="oc-19">
         <name>.debug_abbrev</name>
         <load_address>0x309</load_address>
         <run_address>0x309</run_address>
         <size>0x161</size>
         <input_file_ref idref="fl-7f"/>
      </object_component>
      <object_component id="oc-1e">
         <name>.debug_abbrev</name>
         <load_address>0x46a</load_address>
         <run_address>0x46a</run_address>
         <size>0x9f</size>
         <input_file_ref idref="fl-80"/>
      </object_component>
      <object_component id="oc-22">
         <name>.debug_abbrev</name>
         <load_address>0x509</load_address>
         <run_address>0x509</run_address>
         <size>0x1d1</size>
         <input_file_ref idref="fl-81"/>
      </object_component>
      <object_component id="oc-25">
         <name>.debug_abbrev</name>
         <load_address>0x6da</load_address>
         <run_address>0x6da</run_address>
         <size>0xe1</size>
         <input_file_ref idref="fl-82"/>
      </object_component>
      <object_component id="oc-28">
         <name>.debug_abbrev</name>
         <load_address>0x7bb</load_address>
         <run_address>0x7bb</run_address>
         <size>0xcc</size>
         <input_file_ref idref="fl-83"/>
      </object_component>
      <object_component id="oc-2b">
         <name>.debug_abbrev</name>
         <load_address>0x887</load_address>
         <run_address>0x887</run_address>
         <size>0x13f</size>
         <input_file_ref idref="fl-84"/>
      </object_component>
      <object_component id="oc-2e">
         <name>.debug_abbrev</name>
         <load_address>0x9c6</load_address>
         <run_address>0x9c6</run_address>
         <size>0xdd</size>
         <input_file_ref idref="fl-85"/>
      </object_component>
      <object_component id="oc-31">
         <name>.debug_abbrev</name>
         <load_address>0xaa3</load_address>
         <run_address>0xaa3</run_address>
         <size>0x10c</size>
         <input_file_ref idref="fl-86"/>
      </object_component>
      <object_component id="oc-33">
         <name>.debug_abbrev</name>
         <load_address>0xbaf</load_address>
         <run_address>0xbaf</run_address>
         <size>0x5f</size>
         <input_file_ref idref="fl-87"/>
      </object_component>
      <object_component id="oc-37">
         <name>.debug_abbrev</name>
         <load_address>0xc0e</load_address>
         <run_address>0xc0e</run_address>
         <size>0x8e</size>
         <input_file_ref idref="fl-88"/>
      </object_component>
      <object_component id="oc-3a">
         <name>.debug_abbrev</name>
         <load_address>0xc9c</load_address>
         <run_address>0xc9c</run_address>
         <size>0xf5</size>
         <input_file_ref idref="fl-89"/>
      </object_component>
      <object_component id="oc-3d">
         <name>.debug_abbrev</name>
         <load_address>0xd91</load_address>
         <run_address>0xd91</run_address>
         <size>0x3a</size>
         <input_file_ref idref="fl-8a"/>
      </object_component>
      <object_component id="oc-40">
         <name>.debug_abbrev</name>
         <load_address>0xdcb</load_address>
         <run_address>0xdcb</run_address>
         <size>0xac</size>
         <input_file_ref idref="fl-8b"/>
      </object_component>
      <object_component id="oc-43">
         <name>.debug_abbrev</name>
         <load_address>0xe77</load_address>
         <run_address>0xe77</run_address>
         <size>0xc3</size>
         <input_file_ref idref="fl-8c"/>
      </object_component>
      <object_component id="oc-46">
         <name>.debug_abbrev</name>
         <load_address>0xf3a</load_address>
         <run_address>0xf3a</run_address>
         <size>0x11f</size>
         <input_file_ref idref="fl-8d"/>
      </object_component>
      <object_component id="oc-4a">
         <name>.debug_abbrev</name>
         <load_address>0x1059</load_address>
         <run_address>0x1059</run_address>
         <size>0x14b</size>
         <input_file_ref idref="fl-8e"/>
      </object_component>
      <object_component id="oc-4d">
         <name>.debug_abbrev</name>
         <load_address>0x11a4</load_address>
         <run_address>0x11a4</run_address>
         <size>0x9a</size>
         <input_file_ref idref="fl-8f"/>
      </object_component>
      <object_component id="oc-50">
         <name>.debug_abbrev</name>
         <load_address>0x123e</load_address>
         <run_address>0x123e</run_address>
         <size>0xc3</size>
         <input_file_ref idref="fl-90"/>
      </object_component>
      <object_component id="oc-53">
         <name>.debug_abbrev</name>
         <load_address>0x1301</load_address>
         <run_address>0x1301</run_address>
         <size>0xc3</size>
         <input_file_ref idref="fl-91"/>
      </object_component>
      <object_component id="oc-56">
         <name>.debug_abbrev</name>
         <load_address>0x13c4</load_address>
         <run_address>0x13c4</run_address>
         <size>0xd0</size>
         <input_file_ref idref="fl-92"/>
      </object_component>
      <object_component id="oc-59">
         <name>.debug_abbrev</name>
         <load_address>0x1494</load_address>
         <run_address>0x1494</run_address>
         <size>0xa3</size>
         <input_file_ref idref="fl-93"/>
      </object_component>
      <object_component id="oc-5e">
         <name>.debug_abbrev</name>
         <load_address>0x1537</load_address>
         <run_address>0x1537</run_address>
         <size>0x215</size>
         <input_file_ref idref="fl-94"/>
      </object_component>
      <object_component id="oc-61">
         <name>.debug_abbrev</name>
         <load_address>0x174c</load_address>
         <run_address>0x174c</run_address>
         <size>0xe3</size>
         <input_file_ref idref="fl-95"/>
      </object_component>
      <object_component id="oc-64">
         <name>.debug_abbrev</name>
         <load_address>0x182f</load_address>
         <run_address>0x182f</run_address>
         <size>0xae</size>
         <input_file_ref idref="fl-96"/>
      </object_component>
      <object_component id="oc-67">
         <name>.debug_abbrev</name>
         <load_address>0x18dd</load_address>
         <run_address>0x18dd</run_address>
         <size>0xd5</size>
         <input_file_ref idref="fl-97"/>
      </object_component>
      <object_component id="oc-6a">
         <name>.debug_abbrev</name>
         <load_address>0x19b2</load_address>
         <run_address>0x19b2</run_address>
         <size>0xd0</size>
         <input_file_ref idref="fl-98"/>
      </object_component>
      <object_component id="oc-6d">
         <name>.debug_abbrev</name>
         <load_address>0x1a82</load_address>
         <run_address>0x1a82</run_address>
         <size>0xa3</size>
         <input_file_ref idref="fl-99"/>
      </object_component>
      <object_component id="oc-70">
         <name>.debug_abbrev</name>
         <load_address>0x1b25</load_address>
         <run_address>0x1b25</run_address>
         <size>0x71</size>
         <input_file_ref idref="fl-9a"/>
      </object_component>
      <object_component id="oc-74">
         <name>.debug_abbrev</name>
         <load_address>0x1b96</load_address>
         <run_address>0x1b96</run_address>
         <size>0x180</size>
         <input_file_ref idref="fl-9b"/>
      </object_component>
      <object_component id="oc-78">
         <name>.debug_abbrev</name>
         <load_address>0x1d16</load_address>
         <run_address>0x1d16</run_address>
         <size>0xd5</size>
         <input_file_ref idref="fl-9c"/>
      </object_component>
      <object_component id="oc-7b">
         <name>.debug_abbrev</name>
         <load_address>0x1deb</load_address>
         <run_address>0x1deb</run_address>
         <size>0xd1</size>
         <input_file_ref idref="fl-9d"/>
      </object_component>
      <object_component id="oc-7e">
         <name>.debug_abbrev</name>
         <load_address>0x1ebc</load_address>
         <run_address>0x1ebc</run_address>
         <size>0x90</size>
         <input_file_ref idref="fl-9e"/>
      </object_component>
      <object_component id="oc-81">
         <name>.debug_abbrev</name>
         <load_address>0x1f4c</load_address>
         <run_address>0x1f4c</run_address>
         <size>0x12d</size>
         <input_file_ref idref="fl-9f"/>
      </object_component>
      <object_component id="oc-84">
         <name>.debug_abbrev</name>
         <load_address>0x2079</load_address>
         <run_address>0x2079</run_address>
         <size>0xf7</size>
         <input_file_ref idref="fl-a0"/>
      </object_component>
      <object_component id="oc-87">
         <name>.debug_abbrev</name>
         <load_address>0x2170</load_address>
         <run_address>0x2170</run_address>
         <size>0x11a</size>
         <input_file_ref idref="fl-a1"/>
      </object_component>
      <object_component id="oc-8c">
         <name>.debug_abbrev</name>
         <load_address>0x228a</load_address>
         <run_address>0x228a</run_address>
         <size>0x1cd</size>
         <input_file_ref idref="fl-a2"/>
      </object_component>
      <object_component id="oc-92">
         <name>.debug_abbrev</name>
         <load_address>0x2457</load_address>
         <run_address>0x2457</run_address>
         <size>0x1f8</size>
         <input_file_ref idref="fl-a3"/>
      </object_component>
      <object_component id="oc-95">
         <name>.debug_abbrev</name>
         <load_address>0x264f</load_address>
         <run_address>0x264f</run_address>
         <size>0x130</size>
         <input_file_ref idref="fl-a4"/>
      </object_component>
      <object_component id="oc-98">
         <name>.debug_abbrev</name>
         <load_address>0x277f</load_address>
         <run_address>0x277f</run_address>
         <size>0xab</size>
         <input_file_ref idref="fl-a5"/>
      </object_component>
      <object_component id="oc-13d">
         <name>.debug_abbrev</name>
         <load_address>0x282a</load_address>
         <run_address>0x282a</run_address>
         <size>0xd</size>
      </object_component>
   </object_component_list>
   <logical_group_list>
      <logical_group id="lg-e8">
         <name>.text</name>
         <load_address>0x20</load_address>
         <run_address>0x20</run_address>
         <size>0x7f40</size>
         <contents>
            <object_component_ref idref="oc-d1"/>
            <object_component_ref idref="oc-c5"/>
            <object_component_ref idref="oc-b3"/>
            <object_component_ref idref="oc-ae"/>
            <object_component_ref idref="oc-af"/>
            <object_component_ref idref="oc-cf"/>
            <object_component_ref idref="oc-ba"/>
            <object_component_ref idref="oc-cc"/>
            <object_component_ref idref="oc-de"/>
            <object_component_ref idref="oc-c9"/>
            <object_component_ref idref="oc-c4"/>
            <object_component_ref idref="oc-b2"/>
            <object_component_ref idref="oc-bb"/>
            <object_component_ref idref="oc-c2"/>
            <object_component_ref idref="oc-b4"/>
            <object_component_ref idref="oc-b0"/>
            <object_component_ref idref="oc-be"/>
            <object_component_ref idref="oc-dd"/>
            <object_component_ref idref="oc-ce"/>
            <object_component_ref idref="oc-ca"/>
            <object_component_ref idref="oc-a5"/>
            <object_component_ref idref="oc-a3"/>
            <object_component_ref idref="oc-e6"/>
            <object_component_ref idref="oc-bd"/>
            <object_component_ref idref="oc-c7"/>
            <object_component_ref idref="oc-b1"/>
            <object_component_ref idref="oc-a1"/>
            <object_component_ref idref="oc-d6"/>
            <object_component_ref idref="oc-9f"/>
            <object_component_ref idref="oc-db"/>
            <object_component_ref idref="oc-b9"/>
            <object_component_ref idref="oc-9d"/>
            <object_component_ref idref="oc-a0"/>
            <object_component_ref idref="oc-b5"/>
            <object_component_ref idref="oc-df"/>
            <object_component_ref idref="oc-d8"/>
            <object_component_ref idref="oc-b8"/>
            <object_component_ref idref="oc-9e"/>
            <object_component_ref idref="oc-a2"/>
            <object_component_ref idref="oc-99"/>
            <object_component_ref idref="oc-d2"/>
            <object_component_ref idref="oc-e2"/>
            <object_component_ref idref="oc-c3"/>
            <object_component_ref idref="oc-c8"/>
            <object_component_ref idref="oc-ab"/>
            <object_component_ref idref="oc-b7"/>
            <object_component_ref idref="oc-cb"/>
            <object_component_ref idref="oc-b6"/>
            <object_component_ref idref="oc-cd"/>
            <object_component_ref idref="oc-d0"/>
            <object_component_ref idref="oc-9b"/>
            <object_component_ref idref="oc-d5"/>
            <object_component_ref idref="oc-d4"/>
            <object_component_ref idref="oc-dc"/>
            <object_component_ref idref="oc-a4"/>
            <object_component_ref idref="oc-e7"/>
            <object_component_ref idref="oc-d7"/>
            <object_component_ref idref="oc-d3"/>
            <object_component_ref idref="oc-e1"/>
            <object_component_ref idref="oc-aa"/>
            <object_component_ref idref="oc-e5"/>
            <object_component_ref idref="oc-a9"/>
            <object_component_ref idref="oc-a6"/>
            <object_component_ref idref="oc-d9"/>
            <object_component_ref idref="oc-e3"/>
            <object_component_ref idref="oc-2"/>
            <object_component_ref idref="oc-bc"/>
            <object_component_ref idref="oc-a7"/>
            <object_component_ref idref="oc-c1"/>
            <object_component_ref idref="oc-da"/>
            <object_component_ref idref="oc-e4"/>
            <object_component_ref idref="oc-c0"/>
            <object_component_ref idref="oc-9a"/>
            <object_component_ref idref="oc-c6"/>
            <object_component_ref idref="oc-9c"/>
            <object_component_ref idref="oc-ad"/>
            <object_component_ref idref="oc-ac"/>
            <object_component_ref idref="oc-a8"/>
            <object_component_ref idref="oc-e0"/>
            <object_component_ref idref="oc-a"/>
         </contents>
      </logical_group>
      <logical_group id="lg-e9">
         <name>.const</name>
         <load_address>0x8bc8</load_address>
         <run_address>0x8bc8</run_address>
         <size>0x15b</size>
         <contents>
            <object_component_ref idref="oc-bf"/>
            <object_component_ref idref="oc-48"/>
            <object_component_ref idref="oc-6"/>
            <object_component_ref idref="oc-20"/>
         </contents>
      </logical_group>
      <logical_group id="lg-ea">
         <name>.data</name>
         <run_address>0x8</run_address>
         <size>0x0</size>
         <contents>
         </contents>
      </logical_group>
      <logical_group id="lg-eb">
         <name>.bss</name>
         <run_address>0x8</run_address>
         <size>0x4</size>
         <contents>
            <object_component_ref idref="oc-3"/>
         </contents>
      </logical_group>
      <logical_group id="lg-ec">
         <name>.cinit</name>
         <load_address>0x8d28</load_address>
         <run_address>0x8d28</run_address>
         <size>0x164</size>
         <contents>
            <object_component_ref idref="oc-35"/>
            <object_component_ref idref="oc-5b"/>
            <object_component_ref idref="oc-13"/>
            <object_component_ref idref="oc-8e"/>
            <object_component_ref idref="oc-1b"/>
            <object_component_ref idref="oc-5"/>
            <object_component_ref idref="oc-89"/>
         </contents>
      </logical_group>
      <logical_group id="lg-ed">
         <name>.pinit</name>
         <run_address>0x0</run_address>
         <size>0x0</size>
         <contents>
         </contents>
      </logical_group>
      <logical_group id="lg-ee">
         <name>.stack</name>
         <run_address>0x83c8</run_address>
         <size>0x400</size>
         <contents>
            <object_component_ref idref="oc-f"/>
            <object_component_ref idref="oc-10b"/>
         </contents>
      </logical_group>
      <logical_group id="lg-ef">
         <name>.sysmem</name>
         <run_address>0x87c8</run_address>
         <size>0x400</size>
         <contents>
            <object_component_ref idref="oc-90"/>
            <object_component_ref idref="oc-10c"/>
         </contents>
      </logical_group>
      <logical_group id="lg-f0">
         <name>.far</name>
         <run_address>0x7f60</run_address>
         <size>0x468</size>
         <contents>
            <object_component_ref idref="oc-14"/>
            <object_component_ref idref="oc-1c"/>
            <object_component_ref idref="oc-36"/>
            <object_component_ref idref="oc-5c"/>
            <object_component_ref idref="oc-72"/>
            <object_component_ref idref="oc-8a"/>
            <object_component_ref idref="oc-8f"/>
         </contents>
      </logical_group>
      <logical_group id="lg-f1">
         <name>.switch</name>
         <run_address>0x0</run_address>
         <size>0x0</size>
         <contents>
         </contents>
      </logical_group>
      <logical_group id="lg-f2">
         <name>.cio</name>
         <run_address>0x8e90</run_address>
         <size>0x120</size>
         <contents>
            <object_component_ref idref="oc-76"/>
         </contents>
      </logical_group>
      <logical_group id="lg-f3">
         <name>.ppinfo</name>
         <run_address>0x0</run_address>
         <size>0x0</size>
         <contents>
         </contents>
      </logical_group>
      <logical_group id="lg-f4">
         <name>.ppdata</name>
         <run_address>0x0</run_address>
         <size>0x0</size>
         <contents>
         </contents>
      </logical_group>
      <logical_group id="lg-102">
         <name>.debug_info</name>
         <load_address>0x0</load_address>
         <run_address>0x0</run_address>
         <size>0x16b61</size>
         <contents>
            <object_component_ref idref="oc-4"/>
            <object_component_ref idref="oc-b"/>
            <object_component_ref idref="oc-e"/>
            <object_component_ref idref="oc-12"/>
            <object_component_ref idref="oc-17"/>
            <object_component_ref idref="oc-1a"/>
            <object_component_ref idref="oc-1f"/>
            <object_component_ref idref="oc-23"/>
            <object_component_ref idref="oc-26"/>
            <object_component_ref idref="oc-29"/>
            <object_component_ref idref="oc-2c"/>
            <object_component_ref idref="oc-2f"/>
            <object_component_ref idref="oc-32"/>
            <object_component_ref idref="oc-34"/>
            <object_component_ref idref="oc-38"/>
            <object_component_ref idref="oc-3b"/>
            <object_component_ref idref="oc-3e"/>
            <object_component_ref idref="oc-41"/>
            <object_component_ref idref="oc-44"/>
            <object_component_ref idref="oc-47"/>
            <object_component_ref idref="oc-4b"/>
            <object_component_ref idref="oc-4e"/>
            <object_component_ref idref="oc-51"/>
            <object_component_ref idref="oc-54"/>
            <object_component_ref idref="oc-57"/>
            <object_component_ref idref="oc-5a"/>
[...]
         </contents>
      </logical_group>
      <logical_group id="lg-108">
         <name>.debug_abbrev</name>
         <load_address>0x0</load_address>
         <run_address>0x0</run_address>
         <size>0x2837</size>
         <contents>
            <object_component_ref idref="oc-9"/>
            <object_component_ref idref="oc-d"/>
            <object_component_ref idref="oc-11"/>
            <object_component_ref idref="oc-16"/>
            <object_component_ref idref="oc-19"/>
            <object_component_ref idref="oc-1e"/>
            <object_component_ref idref="oc-22"/>
            <object_component_ref idref="oc-25"/>
            <object_component_ref idref="oc-28"/>
            <object_component_ref idref="oc-2b"/>
            <object_component_ref idref="oc-2e"/>
            <object_component_ref idref="oc-31"/>
            <object_component_ref idref="oc-33"/>
            <object_component_ref idref="oc-37"/>
            <object_component_ref idref="oc-3a"/>
            <object_component_ref idref="oc-3d"/>
            <object_component_ref idref="oc-40"/>
            <object_component_ref idref="oc-43"/>
            <object_component_ref idref="oc-46"/>
            <object_component_ref idref="oc-4a"/>
            <object_component_ref idref="oc-4d"/>
            <object_component_ref idref="oc-50"/>
            <object_component_ref idref="oc-53"/>
            <object_component_ref idref="oc-56"/>
            <object_component_ref idref="oc-59"/>
            <object_component_ref idref="oc-5e"/>
            <object_component_ref idref="oc-61"/>
            <object_component_ref idref="oc-64"/>
            <object_component_ref idref="oc-67"/>
            <object_component_ref idref="oc-6a"/>
            <object_component_ref idref="oc-6d"/>
            <object_component_ref idref="oc-70"/>
            <object_component_ref idref="oc-74"/>
            <object_component_ref idref="oc-78"/>
            <object_component_ref idref="oc-7b"/>
            <object_component_ref idref="oc-7e"/>
            <object_component_ref idref="oc-81"/>
            <object_component_ref idref="oc-84"/>
            <object_component_ref idref="oc-87"/>
            <object_component_ref idref="oc-8c"/>
            <object_component_ref idref="oc-92"/>
            <object_component_ref idref="oc-95"/>
            <object_component_ref idref="oc-98"/>
            <object_component_ref idref="oc-13d"/>
         </contents>
      </logical_group>
   </logical_group_list>
   <placement_map>
      <memory_area>
         <name>RAM</name>
         <page_id>0x0</page_id>
         <origin>0x1</origin>
         <length>0xfffffffe</length>
         <used_space>0x8f8b</used_space>
         <unused_space>0xffff7073</unused_space>
         <attributes>RWIX</attributes>
         <usage_details>
            <available_space>
               <start_address>0x1</start_address>
               <size>0x7</size>
            </available_space>
            <allocated_space>
               <start_address>0x8</start_address>
               <size>0x0</size>
               <logical_group_ref idref="lg-ea"/>
            </allocated_space>
            <allocated_space>
               <start_address>0x8</start_address>
               <size>0x4</size>
               <logical_group_ref idref="lg-eb"/>
            </allocated_space>
            <available_space>
               <start_address>0xc</start_address>
               <size>0x14</size>
            </available_space>
            <allocated_space>
               <start_address>0x20</start_address>
               <size>0x7f40</size>
               <logical_group_ref idref="lg-e8"/>
            </allocated_space>
            <allocated_space>
               <start_address>0x7f60</start_address>
               <size>0x468</size>
               <logical_group_ref idref="lg-f0"/>
            </allocated_space>
            <allocated_space>
               <start_address>0x83c8</start_address>
               <size>0x400</size>
               <logical_group_ref idref="lg-ee"/>
            </allocated_space>
            <allocated_space>
               <start_address>0x87c8</start_address>
               <size>0x400</size>
               <logical_group_ref idref="lg-ef"/>
            </allocated_space>
            <allocated_space>
               <start_address>0x8bc8</start_address>
               <size>0x15b</size>
               <logical_group_ref idref="lg-e9"/>
            </allocated_space>
            <available_space>
               <start_address>0x8d23</start_address>
               <size>0x5</size>
            </available_space>
            <allocated_space>
               <start_address>0x8d28</start_address>
               <size>0x164</size>
               <logical_group_ref idref="lg-ec"/>
            </allocated_space>
            <available_space>
               <start_address>0x8e8c</start_address>
               <size>0x4</size>
            </available_space>
            <allocated_space>
               <start_address>0x8e90</start_address>
               <size>0x120</size>
               <logical_group_ref idref="lg-f2"/>
            </allocated_space>
            <available_space>
               <start_address>0x8fb0</start_address>
               <size>0xffff704f</size>
            </available_space>
         </usage_details>
      </memory_area>
   </placement_map>
   <symbol_table>
      <symbol id="sm-0">
         <name>cinit</name>
         <value>0x8d28</value>
      </symbol>
      <symbol id="sm-1">
         <name>___cinit__</name>
         <value>0x8d28</value>
      </symbol>
      <symbol id="sm-2">
         <name>pinit</name>
         <value>0xffffffff</value>
      </symbol>
      <symbol id="sm-3">
         <name>___pinit__</name>
         <value>0xffffffff</value>
      </symbol>
      <symbol id="sm-4">
         <name>binit</name>
         <value>0xffffffff</value>
      </symbol>
      <symbol id="sm-5">
         <name>___binit__</name>
         <value>0xffffffff</value>
      </symbol>
      <symbol id="sm-6">
         <name>__STACK_SIZE</name>
         <value>0x400</value>
      </symbol>
      <symbol id="sm-7">
         <name>__STACK_END</name>
         <value>0x87c8</value>
      </symbol>
      <symbol id="sm-8">
         <name>__SYSMEM_SIZE</name>
         <value>0x400</value>
      </symbol>
      <symbol id="sm-9">
         <name>___c_args__</name>
         <value>0xffffffff</value>
      </symbol>
      <symbol id="sm-a">
         <name>.text</name>
         <value>0x20</value>
      </symbol>
      <symbol id="sm-b">
         <name>___text__</name>
         <value>0x20</value>
      </symbol>
      <symbol id="sm-c">
         <name>etext</name>
         <value>0x7f60</value>
      </symbol>
      <symbol id="sm-d">
         <name>___etext__</name>
         <value>0x7f60</value>
      </symbol>
      <symbol id="sm-e">
         <name>.data</name>
         <value>0x8</value>
      </symbol>
      <symbol id="sm-f">
         <name>___data__</name>
         <value>0x8</value>
      </symbol>
      <symbol id="sm-10">
         <name>edata</name>
         <value>0x8</value>
      </symbol>
      <symbol id="sm-11">
         <name>___edata__</name>
         <value>0x8</value>
      </symbol>
      <symbol id="sm-12">
         <name>.bss</name>
         <value>0x8</value>
      </symbol>
      <symbol id="sm-13">
         <name>___bss__</name>
         <value>0x8</value>
      </symbol>
      <symbol id="sm-14">
         <name>end</name>
         <value>0xc</value>
      </symbol>
      <symbol id="sm-15">
         <name>___end__</name>
         <value>0xc</value>
      </symbol>
      <symbol id="sm-16">
         <name>___TI_pprof_out_hndl</name>
         <value>0xffffffff</value>
      </symbol>
      <symbol id="sm-17">
         <name>___TI_prof_data_start</name>
         <value>0xffffffff</value>
      </symbol>
      <symbol id="sm-18">
         <name>___TI_prof_data_size</name>
         <value>0xffffffff</value>
      </symbol>
      <symbol id="sm-19">
         <name>$bss</name>
         <value>0x8</value>
      </symbol>
      <symbol id="sm-53">
         <name>_main</name>
         <value>0x7c60</value>
         <object_component_ref idref="oc-a7"/>
      </symbol>
      <symbol id="sm-54">
         <name>_gvar</name>
         <value>0x8</value>
         <object_component_ref idref="oc-3"/>
      </symbol>
      <symbol id="sm-5c">
         <name>_asmfunc</name>
         <value>0x7f40</value>
         <object_component_ref idref="oc-a"/>
      </symbol>
      <symbol id="sm-68">
         <name>_c_int00</name>
         <value>0x7b60</value>
         <object_component_ref idref="oc-2"/>
      </symbol>
      <symbol id="sm-69">
         <name>__stack</name>
         <value>0x83c8</value>
         <object_component_ref idref="oc-f"/>
      </symbol>
      <symbol id="sm-79">
         <name>C$$EXIT</name>
         <value>0x7f00</value>
         <object_component_ref idref="oc-a8"/>
      </symbol>
      <symbol id="sm-7a">
         <name>_exit</name>
         <value>0x7140</value>
         <object_component_ref idref="oc-9b"/>
      </symbol>
      <symbol id="sm-7b">
         <name>___TI_enable_exit_profile_output</name>
         <value>0x83a8</value>
         <object_component_ref idref="oc-14"/>
      </symbol>
      <symbol id="sm-7c">
         <name>_abort</name>
         <value>0x7f00</value>
         <object_component_ref idref="oc-a8"/>
      </symbol>
      <symbol id="sm-7d">
         <name>__cleanup_ptr</name>
         <value>0x83a0</value>
         <object_component_ref idref="oc-14"/>
      </symbol>
      <symbol id="sm-7e">
         <name>__dtors_ptr</name>
         <value>0x83a4</value>
         <object_component_ref idref="oc-14"/>
      </symbol>
      <symbol id="sm-8c">
         <name>_printf</name>
         <value>0x6bc0</value>
         <object_component_ref idref="oc-ab"/>
      </symbol>
      <symbol id="sm-9a">
         <name>__unlock</name>
         <value>0x83b0</value>
         <object_component_ref idref="oc-1c"/>
      </symbol>
      <symbol id="sm-9b">
         <name>__lock</name>
         <value>0x83ac</value>
         <object_component_ref idref="oc-1c"/>
      </symbol>
      <symbol id="sm-9c">
         <name>__nop</name>
         <value>0x7ea0</value>
         <object_component_ref idref="oc-9c"/>
      </symbol>
      <symbol id="sm-cc">
         <name>__printfi</name>
         <value>0x13a0</value>
         <object_component_ref idref="oc-ae"/>
      </symbol>
      <symbol id="sm-d6">
         <name>__args_main</name>
         <value>0x7e40</value>
         <object_component_ref idref="oc-9a"/>
      </symbol>
      <symbol id="sm-d7">
         <name>__TI_args_main</name>
         <value>0x1</value>
      </symbol>
      <symbol id="sm-e1">
         <name>_atoi</name>
         <value>0x5cc0</value>
         <object_component_ref idref="oc-b9"/>
      </symbol>
      <symbol id="sm-eb">
         <name>__auto_init</name>
         <value>0x66c0</value>
         <object_component_ref idref="oc-99"/>
      </symbol>
      <symbol id="sm-f5">
         <name>___TI_cpp_init</name>
         <value>0x79e0</value>
         <object_component_ref idref="oc-a6"/>
      </symbol>
      <symbol id="sm-ff">
         <name>_copy_in</name>
         <value>0x74a0</value>
         <object_component_ref idref="oc-a4"/>
      </symbol>
      <symbol id="sm-107">
         <name>__ctypes_</name>
         <value>0x8bc8</value>
         <object_component_ref idref="oc-bf"/>
      </symbol>
      <symbol id="sm-111">
         <name>__tmpnams</name>
         <value>0x8140</value>
         <object_component_ref idref="oc-36"/>
      </symbol>
      <symbol id="sm-112">
         <name>__ft_end</name>
         <value>0x8280</value>
         <object_component_ref idref="oc-36"/>
      </symbol>
      <symbol id="sm-113">
         <name>__ftable</name>
         <value>0x7f60</value>
         <object_component_ref idref="oc-36"/>
      </symbol>
      <symbol id="sm-11d">
         <name>__divd</name>
         <value>0x20</value>
         <object_component_ref idref="oc-d1"/>
      </symbol>
      <symbol id="sm-125">
         <name>__c6xabi_divu</name>
         <value>0x73e0</value>
         <object_component_ref idref="oc-dc"/>
      </symbol>
      <symbol id="sm-126">
         <name>__divu</name>
         <value>0x73e0</value>
         <object_component_ref idref="oc-dc"/>
      </symbol>
      <symbol id="sm-130">
         <name>__fixdli</name>
         <value>0x7620</value>
         <object_component_ref idref="oc-d7"/>
      </symbol>
      <symbol id="sm-13a">
         <name>__fltlid</name>
         <value>0x7a60</value>
         <object_component_ref idref="oc-d9"/>
      </symbol>
      <symbol id="sm-144">
         <name>_putc</name>
         <value>0x4020</value>
         <object_component_ref idref="oc-b0"/>
      </symbol>
      <symbol id="sm-145">
         <name>_fputc</name>
         <value>0x4020</value>
         <object_component_ref idref="oc-b0"/>
      </symbol>
      <symbol id="sm-151">
         <name>_fputs</name>
         <value>0x1900</value>
         <object_component_ref idref="oc-af"/>
      </symbol>
      <symbol id="sm-15b">
         <name>__frcmpyd_div</name>
         <value>0x5b80</value>
         <object_component_ref idref="oc-db"/>
      </symbol>
      <symbol id="sm-169">
         <name>__divul</name>
         <value>0x4560</value>
         <object_component_ref idref="oc-dd"/>
      </symbol>
      <symbol id="sm-16a">
         <name>__remli</name>
         <value>0x7760</value>
         <object_component_ref idref="oc-e1"/>
      </symbol>
      <symbol id="sm-16b">
         <name>__divli</name>
         <value>0x68c0</value>
         <object_component_ref idref="oc-e2"/>
      </symbol>
      <symbol id="sm-177">
         <name>__subcull</name>
         <value>0x7da0</value>
         <object_component_ref idref="oc-e4"/>
      </symbol>
      <symbol id="sm-178">
         <name>__divull</name>
         <value>0x29e0</value>
         <object_component_ref idref="oc-de"/>
      </symbol>
      <symbol id="sm-182">
         <name>___isinf</name>
         <value>0x7ce0</value>
         <object_component_ref idref="oc-c1"/>
      </symbol>
      <symbol id="sm-18e">
         <name>__llshl</name>
         <value>0x7ae0</value>
         <object_component_ref idref="oc-e3"/>
      </symbol>
      <symbol id="sm-18f">
         <name>__llshru</name>
         <value>0x7d40</value>
         <object_component_ref idref="oc-da"/>
      </symbol>
      <symbol id="sm-1a7">
         <name>_unlink</name>
         <value>0x78a0</value>
         <object_component_ref idref="oc-e5"/>
      </symbol>
      <symbol id="sm-1a8">
         <name>_lseek</name>
         <value>0x6ac0</value>
         <object_component_ref idref="oc-c8"/>
      </symbol>
      <symbol id="sm-1a9">
         <name>_close</name>
         <value>0x6160</value>
         <object_component_ref idref="oc-df"/>
      </symbol>
      <symbol id="sm-1aa">
         <name>_write</name>
         <value>0x6cc0</value>
         <object_component_ref idref="oc-b7"/>
      </symbol>
      <symbol id="sm-1b4">
         <name>_ltoa</name>
         <value>0x6280</value>
         <object_component_ref idref="oc-d8"/>
      </symbol>
      <symbol id="sm-1be">
         <name>_memccpy</name>
         <value>0x7be0</value>
         <object_component_ref idref="oc-bc"/>
      </symbol>
      <symbol id="sm-1c8">
         <name>_memcpy</name>
         <value>0x4c40</value>
         <object_component_ref idref="oc-a5"/>
      </symbol>
      <symbol id="sm-1d2">
         <name>_memset</name>
         <value>0x63a0</value>
         <object_component_ref idref="oc-b8"/>
      </symbol>
      <symbol id="sm-1dc">
         <name>__mpyll</name>
         <value>0x76c0</value>
         <object_component_ref idref="oc-d3"/>
      </symbol>
      <symbol id="sm-1e6">
         <name>__negll</name>
         <value>0x7e80</value>
         <object_component_ref idref="oc-c6"/>
      </symbol>
      <symbol id="sm-1fe">
         <name>_HOSTopen</name>
         <value>0x5e00</value>
         <object_component_ref idref="oc-9d"/>
      </symbol>
      <symbol id="sm-1ff">
         <name>_HOSTread</name>
         <value>0x5a40</value>
         <object_component_ref idref="oc-9f"/>
      </symbol>
      <symbol id="sm-200">
         <name>_HOSTrename</name>
         <value>0x4e80</value>
         <object_component_ref idref="oc-a3"/>
      </symbol>
      <symbol id="sm-201">
         <name>_HOSTwrite</name>
         <value>0x5f20</value>
         <object_component_ref idref="oc-a0"/>
      </symbol>
      <symbol id="sm-202">
         <name>_HOSTlseek</name>
         <value>0x5780</value>
         <object_component_ref idref="oc-a1"/>
      </symbol>
      <symbol id="sm-203">
         <name>_HOSTunlink</name>
         <value>0x65c0</value>
         <object_component_ref idref="oc-a2"/>
      </symbol>
      <symbol id="sm-204">
         <name>_HOSTclose</name>
         <value>0x64c0</value>
         <object_component_ref idref="oc-9e"/>
      </symbol>
      <symbol id="sm-212">
         <name>C$$IO$$</name>
         <value>0x79b8</value>
         <object_component_ref idref="oc-a9"/>
      </symbol>
      <symbol id="sm-213">
         <name>__CIOBUF_</name>
         <value>0x8e90</value>
         <object_component_ref idref="oc-76"/>
      </symbol>
      <symbol id="sm-214">
         <name>_readmsg</name>
         <value>0x7800</value>
         <object_component_ref idref="oc-aa"/>
      </symbol>
      <symbol id="sm-215">
         <name>_writemsg</name>
         <value>0x7940</value>
         <object_component_ref idref="oc-a9"/>
      </symbol>
      <symbol id="sm-21f">
         <name>__wrt_ok</name>
         <value>0x6040</value>
         <object_component_ref idref="oc-b5"/>
      </symbol>
      <symbol id="sm-230">
         <name>__doflush</name>
         <value>0x6ea0</value>
         <object_component_ref idref="oc-b6"/>
      </symbol>
      <symbol id="sm-23a">
         <name>_fseek</name>
         <value>0x5280</value>
         <object_component_ref idref="oc-bd"/>
      </symbol>
      <symbol id="sm-244">
         <name>_setvbuf</name>
         <value>0x42c0</value>
         <object_component_ref idref="oc-be"/>
      </symbol>
      <symbol id="sm-252">
         <name>__cleanup</name>
         <value>0x6dc0</value>
         <object_component_ref idref="oc-cb"/>
      </symbol>
      <symbol id="sm-268">
         <name>__sys_memory</name>
         <value>0x87c8</value>
         <object_component_ref idref="oc-90"/>
      </symbol>
      <symbol id="sm-269">
         <name>_free</name>
         <value>0x2d60</value>
         <object_component_ref idref="oc-c9"/>
      </symbol>
      <symbol id="sm-26a">
         <name>_malloc</name>
         <value>0x4a00</value>
         <object_component_ref idref="oc-ca"/>
      </symbol>
      <symbol id="sm-274">
         <name>__closefile</name>
         <value>0x58e0</value>
         <object_component_ref idref="oc-d6"/>
      </symbol>
      <symbol id="sm-27e">
         <name>_remove</name>
         <value>0x7f20</value>
         <object_component_ref idref="oc-e0"/>
      </symbol>
   </symbol_table>
</link_info>
