******************************************************************************
               TMS320C6x Linker PC v7.4.4                      
******************************************************************************
>> Linked Sun Apr 12 05:46:03 2020

OUTPUT FILE NAME:   <C_asmfunc.out>
ENTRY POINT SYMBOL: "_c_int00"  address: 00007b60


MEMORY CONFIGURATION

         name            origin    length      used     unused   attr    fill
----------------------  --------  ---------  --------  --------  ----  --------
  RAM                   00000001   fffffffe  00008f8b  ffff7073  RWIX


SECTION ALLOCATION MAP

 output                                  attributes/
section   page    origin      length       input sections
--------  ----  ----------  ----------   ----------------
.pinit     0    00000004    00000000     UNINITIALIZED

.data      0    00000008    00000000     UNINITIALIZED

.bss       0    00000008    00000004     UNINITIALIZED
                  00000008    00000004     main.obj (.bss)

.text      0    00000020    00007f40     
                  00000020    00000720     rts6700.lib : divd.obj (.text:__divd)
                  00000740    000006c0                 : _printfi.obj (.text:__getarg_diouxp)
                  00000e00    000005a0                 : _printfi.obj (.text:__setfield)
                  000013a0    00000560                 : _printfi.obj (.text:__printfi)
                  00001900    000004c0                 : fputs.obj (.text:_fputs)
                  00001dc0    00000420                 : _printfi.obj (.text:_fcvt)
                  000021e0    00000400                 : _printfi.obj (.text:__pproc_fge)
                  000025e0    00000400                 : _printfi.obj (.text:_ecvt)
                  000029e0    00000380                 : imath64.obj (.text:__divull)
                  00002d60    00000380                 : memory.obj (.text:_free)
                  000030e0    00000360                 : _printfi.obj (.text:__pconv_e)
                  00003440    00000360                 : _printfi.obj (.text:__pproc_fwp)
                  000037a0    00000300                 : _printfi.obj (.text:__pproc_diouxp)
                  00003aa0    000002c0                 : _printfi.obj (.text:__pconv_g)
                  00003d60    000002c0                 : _printfi.obj (.text:__pproc_str)
                  00004020    000002a0                 : fputc.obj (.text:_fputc)
                  000042c0    000002a0                 : setvbuf.obj (.text:_setvbuf)
                  00004560    00000260                 : imath40.obj (.text:__divul)
                  000047c0    00000240                 : _printfi.obj (.text:__mcpy)
                  00004a00    00000240                 : memory.obj (.text:_malloc)
                  00004c40    00000240                 : memcpy62.obj (.text:_memcpy)
                  00004e80    00000220                 : trgdrv.obj (.text:_HOSTrename)
                  000050a0    000001e0                 : lowlev.obj (.text:_getdevice)
                  00005280    000001c0                 : fseek.obj (.text:_fseek)
                  00005440    000001a0                 : _printfi.obj (.text:__ltostr)
                  000055e0    000001a0                 : _printfi.obj (.text:__pproc_fflags)
                  00005780    00000160                 : trgdrv.obj (.text:_HOSTlseek)
                  000058e0    00000160                 : fclose.obj (.text:__closefile)
                  00005a40    00000140                 : trgdrv.obj (.text:_HOSTread)
                  00005b80    00000140                 : frcmpyd_div.obj (.text:__frcmpyd_div)
                  00005cc0    00000140                 : atoi.obj (.text:_atoi)
                  00005e00    00000120                 : trgdrv.obj (.text:_HOSTopen)
                  00005f20    00000120                 : trgdrv.obj (.text:_HOSTwrite)
                  00006040    00000120                 : _io_perm.obj (.text:__wrt_ok)
                  00006160    00000120                 : lowlev.obj (.text:_close)
                  00006280    00000120                 : ltoa.obj (.text:_ltoa)
                  000063a0    00000120                 : memset.obj (.text:_memset)
                  000064c0    00000100                 : trgdrv.obj (.text:_HOSTclose)
                  000065c0    00000100                 : trgdrv.obj (.text:_HOSTunlink)
                  000066c0    00000100                 : autoinit.obj (.text:__auto_init)
                  000067c0    00000100                 : _printfi.obj (.text:__div)
                  000068c0    00000100                 : imath40.obj (.text:__divli)
                  000069c0    00000100                 : _printfi.obj (.text:__pconv_f)
                  00006ac0    00000100                 : lowlev.obj (.text:_lseek)
                  00006bc0    00000100                 : printf.obj (.text:_printf)
                  00006cc0    00000100                 : lowlev.obj (.text:_write)
                  00006dc0    000000e0                 : fopen.obj (.text:__cleanup)
                  00006ea0    000000e0                 : fflush.obj (.text:__doflush)
                  00006f80    000000e0                 : _printfi.obj (.text:__ecpy)
                  00007060    000000e0                 : _printfi.obj (.text:__fcpy)
                  00007140    000000e0                 : exit.obj (.text:_exit)
                  00007220    000000e0                 : memory.obj (.text:_minsert)
                  00007300    000000e0                 : memory.obj (.text:_mremove)
                  000073e0    000000c0                 : divu.obj (.text:__divu)
                  000074a0    000000c0                 : cpy_tbl.obj (.text:_copy_in)
                  00007560    000000c0                 : lowlev.obj (.text:_finddevice)
                  00007620    000000a0                 : fixdli.obj (.text:__fixdli)
                  000076c0    000000a0                 : mpyll.obj (.text:__mpyll)
                  00007760    000000a0                 : imath40.obj (.text:__remli)
                  00007800    000000a0                 : trgmsg.obj (.text:_readmsg)
                  000078a0    000000a0                 : lowlev.obj (.text:_unlink)
                  00007940    000000a0                 : trgmsg.obj (.text:_writemsg)
                  000079e0    00000080                 : cpp_init.obj (.text:___TI_cpp_init)
                  00007a60    00000080                 : fltlid.obj (.text:__fltlid)
                  00007ae0    00000080                 : llshift.obj (.text:__llshl)
                  00007b60    00000080                 : boot.obj (.text:_c_int00)
                  00007be0    00000080                 : memccpy.obj (.text:_memccpy)
                  00007c60    00000080     main.obj (.text)
                  00007ce0    00000060     rts6700.lib : isinf.obj (.text:___isinf)
                  00007d40    00000060                 : llshift.obj (.text:__llshru)
                  00007da0    00000060                 : imath64.obj (.text:__subcull)
                  00007e00    00000040                 : _printfi.obj (.text:___isnan)
                  00007e40    00000040                 : args_main.obj (.text:__args_main)
                  00007e80    00000020                 : negll.obj (.text:__negll)
                  00007ea0    00000020                 : _lock.obj (.text:__nop)
                  00007ec0    00000020                 : printf.obj (.text:__outc)
                  00007ee0    00000020                 : printf.obj (.text:__outs)
                  00007f00    00000020                 : exit.obj (.text:_abort)
                  00007f20    00000020                 : remove.obj (.text:_remove)
                  00007f40    00000020     asmfunc.obj (.text)

.far       0    00007f60    00000468     UNINITIALIZED
                  00007f60    00000324     rts6700.lib : defs.obj (.far)
                  00008284    0000011c                 : lowlev.obj (.far)
                  000083a0    0000000c                 : exit.obj (.far)
                  000083ac    00000008                 : _lock.obj (.far)
                  000083b4    00000008                 : memory.obj (.far)
                  000083bc    00000008                 : trgdrv.obj (.far)
                  000083c4    00000004                 : fopen.obj (.far)

.stack     0    000083c8    00000400     UNINITIALIZED
                  000083c8    00000008     rts6700.lib : boot.obj (.stack)
                  000083d0    000003f8     --HOLE--

.sysmem    0    000087c8    00000400     UNINITIALIZED
                  000087c8    00000008     rts6700.lib : memory.obj (.sysmem)
                  000087d0    000003f8     --HOLE--

.const     0    00008bc8    0000015b     
                  00008bc8    00000101     rts6700.lib : ctype.obj (.const:.string:__ctypes_)
                  00008cc9    00000002                 : fputs.obj (.const:.string)
                  00008ccb    00000001     --HOLE-- [fill = 0]
                  00008ccc    00000034     main.obj (.const:.string)
                  00008d00    00000023     rts6700.lib : _printfi.obj (.const:.string)

.cinit     0    00008d28    00000164     
                  00008d28    0000005c     rts6700.lib : defs.obj (.cinit)
                  00008d84    00000004     --HOLE-- [fill = 0]
                  00008d88    0000005c                 : lowlev.obj (.cinit)
                  00008de4    00000004     --HOLE-- [fill = 0]
                  00008de8    0000002c                 : exit.obj (.cinit)
                  00008e14    00000004     --HOLE-- [fill = 0]
                  00008e18    0000002c                 : memory.obj (.cinit)
                  00008e44    00000004     --HOLE-- [fill = 0]
                  00008e48    0000001c                 : _lock.obj (.cinit)
                  00008e64    00000004     --HOLE-- [fill = 0]
                  00008e68    0000000c     main.obj (.cinit)
                  00008e74    00000004     --HOLE-- [fill = 0]
                  00008e78    0000000c     rts6700.lib : fopen.obj (.cinit)
                  00008e84    00000004     --HOLE-- [fill = 0]
                  00008e88    00000004     (.pad.cinit) [fill = 0]

.cio       0    00008e90    00000120     UNINITIALIZED
                  00008e90    00000120     rts6700.lib : trgmsg.obj (.cio)


GLOBAL SYMBOLS: SORTED ALPHABETICALLY BY Name 

address    name
--------   ----
00000008   $bss
00000008   .bss
00000008   .data
00000020   .text
00007f00   C$$EXIT
000079b8   C$$IO$$
000064c0   _HOSTclose
00005780   _HOSTlseek
00005e00   _HOSTopen
00005a40   _HOSTread
00004e80   _HOSTrename
000065c0   _HOSTunlink
00005f20   _HOSTwrite
00008e90   __CIOBUF_
000087c8   __STACK_END
00000400   __STACK_SIZE
00000400   __SYSMEM_SIZE
00000001   __TI_args_main
000079e0   ___TI_cpp_init
000083a8   ___TI_enable_exit_profile_output
ffffffff   ___TI_pprof_out_hndl
ffffffff   ___TI_prof_data_size
ffffffff   ___TI_prof_data_start
ffffffff   ___binit__
00000008   ___bss__
ffffffff   ___c_args__
00008d28   ___cinit__
00000008   ___data__
00000008   ___edata__
0000000c   ___end__
00007f60   ___etext__
00007ce0   ___isinf
ffffffff   ___pinit__
00000020   ___text__
00007e40   __args_main
000066c0   __auto_init
000073e0   __c6xabi_divu
00006dc0   __cleanup
000083a0   __cleanup_ptr
000058e0   __closefile
00008bc8   __ctypes_
00000020   __divd
000068c0   __divli
000073e0   __divu
00004560   __divul
000029e0   __divull
00006ea0   __doflush
000083a4   __dtors_ptr
00007620   __fixdli
00007a60   __fltlid
00005b80   __frcmpyd_div
00008280   __ft_end
00007f60   __ftable
00007ae0   __llshl
00007d40   __llshru
000083ac   __lock
000076c0   __mpyll
00007e80   __negll
00007ea0   __nop
000013a0   __printfi
00007760   __remli
000083c8   __stack
00007da0   __subcull
000087c8   __sys_memory
00008140   __tmpnams
000083b0   __unlock
00006040   __wrt_ok
00007f00   _abort
00007f40   _asmfunc
00005cc0   _atoi
00007b60   _c_int00
00006160   _close
000074a0   _copy_in
00007140   _exit
00004020   _fputc
00001900   _fputs
00002d60   _free
00005280   _fseek
00000008   _gvar
00006ac0   _lseek
00006280   _ltoa
00007c60   _main
00004a00   _malloc
00007be0   _memccpy
00004c40   _memcpy
000063a0   _memset
00006bc0   _printf
00004020   _putc
00007800   _readmsg
00007f20   _remove
000042c0   _setvbuf
000078a0   _unlink
00006cc0   _write
00007940   _writemsg
ffffffff   binit
00008d28   cinit
00000008   edata
0000000c   end
00007f60   etext
ffffffff   pinit


GLOBAL SYMBOLS: SORTED BY Symbol Address 

address    name
--------   ----
00000001   __TI_args_main
00000008   $bss
00000008   .bss
00000008   .data
00000008   ___bss__
00000008   ___data__
00000008   ___edata__
00000008   _gvar
00000008   edata
0000000c   ___end__
0000000c   end
00000020   .text
00000020   ___text__
00000020   __divd
00000400   __STACK_SIZE
00000400   __SYSMEM_SIZE
000013a0   __printfi
00001900   _fputs
000029e0   __divull
00002d60   _free
00004020   _fputc
00004020   _putc
000042c0   _setvbuf
00004560   __divul
00004a00   _malloc
00004c40   _memcpy
00004e80   _HOSTrename
00005280   _fseek
00005780   _HOSTlseek
000058e0   __closefile
00005a40   _HOSTread
00005b80   __frcmpyd_div
00005cc0   _atoi
00005e00   _HOSTopen
00005f20   _HOSTwrite
00006040   __wrt_ok
00006160   _close
00006280   _ltoa
000063a0   _memset
000064c0   _HOSTclose
000065c0   _HOSTunlink
000066c0   __auto_init
000068c0   __divli
00006ac0   _lseek
00006bc0   _printf
00006cc0   _write
00006dc0   __cleanup
00006ea0   __doflush
00007140   _exit
000073e0   __c6xabi_divu
000073e0   __divu
000074a0   _copy_in
00007620   __fixdli
000076c0   __mpyll
00007760   __remli
00007800   _readmsg
000078a0   _unlink
00007940   _writemsg
000079b8   C$$IO$$
000079e0   ___TI_cpp_init
00007a60   __fltlid
00007ae0   __llshl
00007b60   _c_int00
00007be0   _memccpy
00007c60   _main
00007ce0   ___isinf
00007d40   __llshru
00007da0   __subcull
00007e40   __args_main
00007e80   __negll
00007ea0   __nop
00007f00   C$$EXIT
00007f00   _abort
00007f20   _remove
00007f40   _asmfunc
00007f60   ___etext__
00007f60   __ftable
00007f60   etext
00008140   __tmpnams
00008280   __ft_end
000083a0   __cleanup_ptr
000083a4   __dtors_ptr
000083a8   ___TI_enable_exit_profile_output
000083ac   __lock
000083b0   __unlock
000083c8   __stack
000087c8   __STACK_END
000087c8   __sys_memory
00008bc8   __ctypes_
00008d28   ___cinit__
00008d28   cinit
00008e90   __CIOBUF_
ffffffff   ___TI_pprof_out_hndl
ffffffff   ___TI_prof_data_size
ffffffff   ___TI_prof_data_start
ffffffff   ___binit__
ffffffff   ___c_args__
ffffffff   ___pinit__
ffffffff   binit
ffffffff   pinit

[100 symbols]
