******************************************************************************
               TMS320C6x Linker PC v7.4.4                      
******************************************************************************
>> Linked Thu May 21 21:33:57 2020

OUTPUT FILE NAME:   <Individual2.out>
ENTRY POINT SYMBOL: "_c_int00"  address: 0000ae00


MEMORY CONFIGURATION

         name            origin    length      used     unused   attr    fill
----------------------  --------  ---------  --------  --------  ----  --------
  RAM                   00000001   fffffffe  0000d7a8  ffff2856  RWIX


SECTION ALLOCATION MAP

 output                                  attributes/
section   page    origin      length       input sections
--------  ----  ----------  ----------   ----------------
.pinit     0    00000004    00000000     UNINITIALIZED

.data      0    00000008    00000000     UNINITIALIZED

.bss       0    00000008    00000000     UNINITIALIZED

.text      0    00000020    0000b380     
                  00000020    00001280     main.obj (.text)
                  000012a0    00000980     rts6700.lib : pow.obj (.text:_pow)
                  00001c20    00000720                 : divd.obj (.text:__divd)
                  00002340    000006c0                 : _printfi.obj (.text:__getarg_diouxp)
                  00002a00    000005a0                 : _printfi.obj (.text:__setfield)
                  00002fa0    00000560                 : _printfi.obj (.text:__printfi)
                  00003500    000004c0                 : fputs.obj (.text:_fputs)
                  000039c0    00000420                 : _printfi.obj (.text:_fcvt)
                  00003de0    00000400                 : _printfi.obj (.text:__pproc_fge)
                  000041e0    00000400                 : _printfi.obj (.text:_ecvt)
                  000045e0    00000380                 : imath64.obj (.text:__divull)
                  00004960    00000380                 : memory.obj (.text:_free)
                  00004ce0    00000360                 : _printfi.obj (.text:__pconv_e)
                  00005040    00000360                 : _printfi.obj (.text:__pproc_fwp)
                  000053a0    00000340                 : divf.obj (.text:__divf)
                  000056e0    00000340                 : sin.obj (.text:_sin)
                  00005a20    00000300                 : _printfi.obj (.text:__pproc_diouxp)
                  00005d20    000002c0                 : _printfi.obj (.text:__pconv_g)
                  00005fe0    000002c0                 : _printfi.obj (.text:__pproc_str)
                  000062a0    000002a0                 : fputc.obj (.text:_fputc)
                  00006540    000002a0                 : setvbuf.obj (.text:_setvbuf)
                  000067e0    00000260                 : imath40.obj (.text:__divul)
                  00006a40    00000240                 : _printfi.obj (.text:__mcpy)
                  00006c80    00000240                 : fopen.obj (.text:__openfile)
                  00006ec0    00000240                 : memory.obj (.text:_malloc)
                  00007100    00000240                 : memcpy62.obj (.text:_memcpy)
                  00007340    00000220                 : trgdrv.obj (.text:_HOSTrename)
                  00007560    00000220                 : lowlev.obj (.text:_open)
                  00007780    000001e0                 : lowlev.obj (.text:_getdevice)
                  00007960    000001c0                 : fseek.obj (.text:_fseek)
                  00007b20    000001a0                 : _printfi.obj (.text:__ltostr)
                  00007cc0    000001a0                 : _printfi.obj (.text:__pproc_fflags)
                  00007e60    00000180                 : ldexp.obj (.text:_ldexp)
                  00007fe0    00000160                 : trgdrv.obj (.text:_HOSTlseek)
                  00008140    00000160                 : fclose.obj (.text:__closefile)
                  000082a0    00000160                 : fopen.obj (.text:__search_fp)
                  00008400    00000140                 : trgdrv.obj (.text:_HOSTread)
                  00008540    00000140                 : frcmpyd_div.obj (.text:__frcmpyd_div)
                  00008680    00000140                 : atoi.obj (.text:_atoi)
                  000087c0    00000140                 : frexp.obj (.text:_frexp)
                  00008900    00000140                 : sqrt.obj (.text:_sqrt)
                  00008a40    00000120                 : trgdrv.obj (.text:_HOSTopen)
                  00008b60    00000120                 : trgdrv.obj (.text:_HOSTwrite)
                  00008c80    00000120                 : _io_perm.obj (.text:__wrt_ok)
                  00008da0    00000120                 : lowlev.obj (.text:_close)
                  00008ec0    00000120                 : fprintf.obj (.text:_fprintf)
                  00008fe0    00000120                 : ltoa.obj (.text:_ltoa)
                  00009100    00000120                 : memset.obj (.text:_memset)
                  00009220    00000100                 : trgdrv.obj (.text:_HOSTclose)
                  00009320    00000100                 : trgdrv.obj (.text:_HOSTunlink)
                  00009420    00000100                 : autoinit.obj (.text:__auto_init)
                  00009520    00000100                 : _printfi.obj (.text:__div)
                  00009620    00000100                 : imath40.obj (.text:__divli)
                  00009720    00000100                 : _printfi.obj (.text:__pconv_f)
                  00009820    00000100                 : remi.obj (.text:__remi)
                  00009920    00000100                 : lowlev.obj (.text:_lseek)
                  00009a20    00000100                 : lowlev.obj (.text:_write)
                  00009b20    000000e0                 : trgdrv.obj (.text:_HOSTtime)
                  00009c00    000000e0                 : fopen.obj (.text:__cleanup)
                  00009ce0    000000e0                 : fflush.obj (.text:__doflush)
                  00009dc0    000000e0                 : _printfi.obj (.text:__ecpy)
                  00009ea0    000000e0                 : _printfi.obj (.text:__fcpy)
                  00009f80    000000e0                 : exit.obj (.text:_exit)
                  0000a060    000000e0                 : memory.obj (.text:_minsert)
                  0000a140    000000e0                 : modf.obj (.text:_modf)
                  0000a220    000000e0                 : memory.obj (.text:_mremove)
                  0000a300    000000c0                 : divu.obj (.text:__divu)
                  0000a3c0    000000c0                 : round.obj (.text:__nround)
                  0000a480    000000c0                 : cpy_tbl.obj (.text:_copy_in)
                  0000a540    000000c0                 : lowlev.obj (.text:_finddevice)
                  0000a600    000000c0                 : rand.obj (.text:_rand)
                  0000a6c0    000000c0     asm_get_y.obj (.text)
                  0000a780    000000a0     rts6700.lib : fixdli.obj (.text:__fixdli)
                  0000a820    000000a0                 : mpyll.obj (.text:__mpyll)
                  0000a8c0    000000a0                 : imath40.obj (.text:__remli)
                  0000a960    000000a0                 : fopen.obj (.text:_fopen)
                  0000aa00    000000a0                 : trgmsg.obj (.text:_readmsg)
                  0000aaa0    000000a0                 : lowlev.obj (.text:_tabinit)
                  0000ab40    000000a0                 : lowlev.obj (.text:_unlink)
                  0000abe0    000000a0                 : trgmsg.obj (.text:_writemsg)
                  0000ac80    00000080                 : cpp_init.obj (.text:___TI_cpp_init)
                  0000ad00    00000080                 : fltlid.obj (.text:__fltlid)
                  0000ad80    00000080                 : llshift.obj (.text:__llshl)
                  0000ae00    00000080                 : boot.obj (.text:_c_int00)
                  0000ae80    00000080                 : fclose.obj (.text:_fclose)
                  0000af00    00000080                 : memccpy.obj (.text:_memccpy)
                  0000af80    00000080                 : rand.obj (.text:_srand)
                  0000b000    00000080     asm_processing.obj (.text)
                  0000b080    00000060     rts6700.lib : isinf.obj (.text:___isinf)
                  0000b0e0    00000060                 : llshift.obj (.text:__llshru)
                  0000b140    00000060                 : imath64.obj (.text:__subcull)
                  0000b1a0    00000040                 : _printfi.obj (.text:___isnan)
                  0000b1e0    00000040                 : args_main.obj (.text:__args_main)
                  0000b220    00000040                 : trunc.obj (.text:__trunc)
                  0000b260    00000040                 : time.obj (.text:_time)
                  0000b2a0    00000040     asm_get_z.obj (.text)
                  0000b2e0    00000020     rts6700.lib : negll.obj (.text:__negll)
                  0000b300    00000020                 : _lock.obj (.text:__nop)
                  0000b320    00000020                 : fprintf.obj (.text:__outc)
                  0000b340    00000020                 : fprintf.obj (.text:__outs)
                  0000b360    00000020                 : exit.obj (.text:_abort)
                  0000b380    00000020                 : remove.obj (.text:_remove)

.stack     0    0000b3a0    00000800     UNINITIALIZED
                  0000b3a0    00000008     rts6700.lib : boot.obj (.stack)
                  0000b3a8    000007f8     --HOLE--

.sysmem    0    0000bba0    00000800     UNINITIALIZED
                  0000bba0    00000008     rts6700.lib : memory.obj (.sysmem)
                  0000bba8    000007f8     --HOLE--

.far       0    0000c3a0    000005d8     UNINITIALIZED
                  0000c3a0    00000324     rts6700.lib : defs.obj (.far)
                  0000c6c4    00000004                 : errno.obj (.far)
                  0000c6c8    00000120                 : pow.obj (.far)
                  0000c7e8    0000011c                 : lowlev.obj (.far)
                  0000c904    00000004                 : fopen.obj (.far)
                  0000c908    00000040                 : sin.obj (.far)
                  0000c948    0000000c                 : exit.obj (.far)
                  0000c954    00000008                 : _lock.obj (.far)
                  0000c95c    00000008                 : memory.obj (.far)
                  0000c964    00000004     --HOLE--
                  0000c968    00000008                 : rand.obj (.far)
                  0000c970    00000008                 : trgdrv.obj (.far)

.cinit     0    0000c978    000002fc     
                  0000c978    00000140     rts6700.lib : pow.obj (.cinit)
                  0000cab8    0000005c                 : defs.obj (.cinit)
                  0000cb14    00000004     --HOLE-- [fill = 0]
                  0000cb18    0000005c                 : lowlev.obj (.cinit)
                  0000cb74    00000004     --HOLE-- [fill = 0]
                  0000cb78    00000048                 : sin.obj (.cinit)
                  0000cbc0    0000002c                 : exit.obj (.cinit)
                  0000cbec    00000004     --HOLE-- [fill = 0]
                  0000cbf0    0000002c                 : memory.obj (.cinit)
                  0000cc1c    00000004     --HOLE-- [fill = 0]
                  0000cc20    0000001c                 : _lock.obj (.cinit)
                  0000cc3c    00000004     --HOLE-- [fill = 0]
                  0000cc40    00000010                 : rand.obj (.cinit)
                  0000cc50    0000000c                 : errno.obj (.cinit)
                  0000cc5c    00000004     --HOLE-- [fill = 0]
                  0000cc60    0000000c                 : fopen.obj (.cinit)
                  0000cc6c    00000004     --HOLE-- [fill = 0]
                  0000cc70    00000004     (.pad.cinit) [fill = 0]

.const     0    0000cc78    00000188     
                  0000cc78    00000101     rts6700.lib : ctype.obj (.const:.string:__ctypes_)
                  0000cd79    00000002                 : fputs.obj (.const:.string)
                  0000cd7b    00000001     --HOLE-- [fill = 0]
                  0000cd7c    00000048     main.obj (.const:.string)
                  0000cdc4    00000023     rts6700.lib : _printfi.obj (.const:.string)
                  0000cde7    00000001     --HOLE-- [fill = 0]
                  0000cde8    00000018     main.obj (.const:_$P$T0$1)

.cio       0    0000ce00    00000120     UNINITIALIZED
                  0000ce00    00000120     rts6700.lib : trgmsg.obj (.cio)

.EXT_RAM   0    0000cf20    000008ac     UNINITIALIZED
                  0000cf20    000008ac     main.obj (.EXT_RAM)


GLOBAL SYMBOLS: SORTED ALPHABETICALLY BY Name 

address    name
--------   ----
00000008   $bss
00000008   .bss
00000008   .data
00000020   .text
0000b360   C$$EXIT
0000ac58   C$$IO$$
00009220   _HOSTclose
00007fe0   _HOSTlseek
00008a40   _HOSTopen
00008400   _HOSTread
00007340   _HOSTrename
00009b20   _HOSTtime
00009320   _HOSTunlink
00008b60   _HOSTwrite
0000ce00   __CIOBUF_
0000bba0   __STACK_END
00000800   __STACK_SIZE
00000800   __SYSMEM_SIZE
00000001   __TI_args_main
0000ac80   ___TI_cpp_init
0000c950   ___TI_enable_exit_profile_output
ffffffff   ___TI_pprof_out_hndl
ffffffff   ___TI_prof_data_size
ffffffff   ___TI_prof_data_start
ffffffff   ___binit__
00000008   ___bss__
ffffffff   ___c_args__
0000c978   ___cinit__
00000008   ___data__
00000008   ___edata__
00000008   ___end__
0000b3a0   ___etext__
0000b080   ___isinf
ffffffff   ___pinit__
00000020   ___text__
0000b1e0   __args_main
00009420   __auto_init
0000a300   __c6xabi_divu
00009820   __c6xabi_remi
00009c00   __cleanup
0000c948   __cleanup_ptr
00008140   __closefile
0000cc78   __ctypes_
00001c20   __divd
000053a0   __divf
00009620   __divli
0000a300   __divu
000067e0   __divul
000045e0   __divull
00009ce0   __doflush
0000c94c   __dtors_ptr
0000a780   __fixdli
0000ad00   __fltlid
00008540   __frcmpyd_div
0000c6c0   __ft_end
0000c3a0   __ftable
0000ad80   __llshl
0000b0e0   __llshru
0000c954   __lock
0000a820   __mpyll
0000b2e0   __negll
0000b300   __nop
0000a3c0   __nround
00002fa0   __printfi
00009820   __remi
0000a8c0   __remli
0000b3a0   __stack
0000b140   __subcull
0000bba0   __sys_memory
0000c580   __tmpnams
0000b220   __trunc
0000c958   __unlock
00008c80   __wrt_ok
0000b360   _abort
0000a6c0   _asm_get_y
0000b2a0   _asm_get_z
0000b000   _asm_processing
00008680   _atoi
0000ae00   _c_int00
00008da0   _close
0000a480   _copy_in
0000c6c4   _errno
00009f80   _exit
0000ae80   _fclose
0000a960   _fopen
00008ec0   _fprintf
000062a0   _fputc
00003500   _fputs
00004960   _free
000087c0   _frexp
00007960   _fseek
00007e60   _ldexp
00009920   _lseek
00008fe0   _ltoa
00000020   _main
00006ec0   _malloc
0000af00   _memccpy
00007100   _memcpy
00009100   _memset
0000a140   _modf
00007560   _open
000012a0   _pow
0000d0b0   _processed_signal
000062a0   _putc
0000a600   _rand
0000aa00   _readmsg
0000b380   _remove
0000d21c   _s1
0000d4f4   _s1_1
0000d388   _s2
0000d660   _s2_1
00006540   _setvbuf
0000cf20   _signal
000056e0   _sin
00008900   _sqrt
0000af80   _srand
0000b260   _time
0000ab40   _unlink
00009a20   _write
0000abe0   _writemsg
ffffffff   binit
0000c978   cinit
00000008   edata
00000008   end
0000b3a0   etext
ffffffff   pinit


GLOBAL SYMBOLS: SORTED BY Symbol Address 

address    name
--------   ----
00000001   __TI_args_main
00000008   $bss
00000008   .bss
00000008   .data
00000008   ___bss__
00000008   ___data__
00000008   ___edata__
00000008   ___end__
00000008   edata
00000008   end
00000020   .text
00000020   ___text__
00000020   _main
00000800   __STACK_SIZE
00000800   __SYSMEM_SIZE
000012a0   _pow
00001c20   __divd
00002fa0   __printfi
00003500   _fputs
000045e0   __divull
00004960   _free
000053a0   __divf
000056e0   _sin
000062a0   _fputc
000062a0   _putc
00006540   _setvbuf
000067e0   __divul
00006ec0   _malloc
00007100   _memcpy
00007340   _HOSTrename
00007560   _open
00007960   _fseek
00007e60   _ldexp
00007fe0   _HOSTlseek
00008140   __closefile
00008400   _HOSTread
00008540   __frcmpyd_div
00008680   _atoi
000087c0   _frexp
00008900   _sqrt
00008a40   _HOSTopen
00008b60   _HOSTwrite
00008c80   __wrt_ok
00008da0   _close
00008ec0   _fprintf
00008fe0   _ltoa
00009100   _memset
00009220   _HOSTclose
00009320   _HOSTunlink
00009420   __auto_init
00009620   __divli
00009820   __c6xabi_remi
00009820   __remi
00009920   _lseek
00009a20   _write
00009b20   _HOSTtime
00009c00   __cleanup
00009ce0   __doflush
00009f80   _exit
0000a140   _modf
0000a300   __c6xabi_divu
0000a300   __divu
0000a3c0   __nround
0000a480   _copy_in
0000a600   _rand
0000a6c0   _asm_get_y
0000a780   __fixdli
0000a820   __mpyll
0000a8c0   __remli
0000a960   _fopen
0000aa00   _readmsg
0000ab40   _unlink
0000abe0   _writemsg
0000ac58   C$$IO$$
0000ac80   ___TI_cpp_init
0000ad00   __fltlid
0000ad80   __llshl
0000ae00   _c_int00
0000ae80   _fclose
0000af00   _memccpy
0000af80   _srand
0000b000   _asm_processing
0000b080   ___isinf
0000b0e0   __llshru
0000b140   __subcull
0000b1e0   __args_main
0000b220   __trunc
0000b260   _time
0000b2a0   _asm_get_z
0000b2e0   __negll
0000b300   __nop
0000b360   C$$EXIT
0000b360   _abort
0000b380   _remove
0000b3a0   ___etext__
0000b3a0   __stack
0000b3a0   etext
0000bba0   __STACK_END
0000bba0   __sys_memory
0000c3a0   __ftable
0000c580   __tmpnams
0000c6c0   __ft_end
0000c6c4   _errno
0000c948   __cleanup_ptr
0000c94c   __dtors_ptr
0000c950   ___TI_enable_exit_profile_output
0000c954   __lock
0000c958   __unlock
0000c978   ___cinit__
0000c978   cinit
0000cc78   __ctypes_
0000ce00   __CIOBUF_
0000cf20   _signal
0000d0b0   _processed_signal
0000d21c   _s1
0000d388   _s2
0000d4f4   _s1_1
0000d660   _s2_1
ffffffff   ___TI_pprof_out_hndl
ffffffff   ___TI_prof_data_size
ffffffff   ___TI_prof_data_start
ffffffff   ___binit__
ffffffff   ___c_args__
ffffffff   ___pinit__
ffffffff   binit
ffffffff   pinit

[126 symbols]
