<?xml version="1.0"?>
<link_info>
   <banner>TMS320C6x Linker PC v7.4.4</banner>
   <copyright>Copyright (c) 1996-2013 Texas Instruments Incorporated</copyright>
   <link_time>0x5ec6c995</link_time>
   <output_file>Individual2.out</output_file>
   <entry_point>
      <name>_c_int00</name>
      <address>0xae00</address>
   </entry_point>
   <input_file_list>
      <input_file id="fl-2">
         <path>.\</path>
         <kind>object</kind>
         <file>main.obj</file>
         <name>main.obj</name>
      </input_file>
      <input_file id="fl-3">
         <path>.\</path>
         <kind>object</kind>
         <file>asm_processing.obj</file>
         <name>asm_processing.obj</name>
      </input_file>
      <input_file id="fl-4">
         <path>.\</path>
         <kind>object</kind>
         <file>asm_get_z.obj</file>
         <name>asm_get_z.obj</name>
      </input_file>
      <input_file id="fl-5">
         <path>.\</path>
         <kind>object</kind>
         <file>asm_get_y.obj</file>
         <name>asm_get_y.obj</name>
      </input_file>
      <input_file id="fl-7f">
         <path>C:\ti\ccsv5\tools\compiler\c6000_7.4.4\lib\</path>
         <kind>archive</kind>
         <file>rts6700.lib</file>
         <name>boot.obj</name>
      </input_file>
      <input_file id="fl-80">
         <path>C:\ti\ccsv5\tools\compiler\c6000_7.4.4\lib\</path>
         <kind>archive</kind>
         <file>rts6700.lib</file>
         <name>divd.obj</name>
      </input_file>
      <input_file id="fl-81">
         <path>C:\ti\ccsv5\tools\compiler\c6000_7.4.4\lib\</path>
         <kind>archive</kind>
         <file>rts6700.lib</file>
         <name>divf.obj</name>
      </input_file>
      <input_file id="fl-82">
         <path>C:\ti\ccsv5\tools\compiler\c6000_7.4.4\lib\</path>
         <kind>archive</kind>
         <file>rts6700.lib</file>
         <name>exit.obj</name>
      </input_file>
      <input_file id="fl-83">
         <path>C:\ti\ccsv5\tools\compiler\c6000_7.4.4\lib\</path>
         <kind>archive</kind>
         <file>rts6700.lib</file>
         <name>fclose.obj</name>
      </input_file>
      <input_file id="fl-84">
         <path>C:\ti\ccsv5\tools\compiler\c6000_7.4.4\lib\</path>
         <kind>archive</kind>
         <file>rts6700.lib</file>
         <name>fflush.obj</name>
      </input_file>
      <input_file id="fl-85">
         <path>C:\ti\ccsv5\tools\compiler\c6000_7.4.4\lib\</path>
         <kind>archive</kind>
         <file>rts6700.lib</file>
         <name>fopen.obj</name>
      </input_file>
      <input_file id="fl-86">
         <path>C:\ti\ccsv5\tools\compiler\c6000_7.4.4\lib\</path>
         <kind>archive</kind>
         <file>rts6700.lib</file>
         <name>fprintf.obj</name>
      </input_file>
      <input_file id="fl-87">
         <path>C:\ti\ccsv5\tools\compiler\c6000_7.4.4\lib\</path>
         <kind>archive</kind>
         <file>rts6700.lib</file>
         <name>fputc.obj</name>
      </input_file>
      <input_file id="fl-88">
         <path>C:\ti\ccsv5\tools\compiler\c6000_7.4.4\lib\</path>
         <kind>archive</kind>
         <file>rts6700.lib</file>
         <name>fputs.obj</name>
      </input_file>
      <input_file id="fl-89">
         <path>C:\ti\ccsv5\tools\compiler\c6000_7.4.4\lib\</path>
         <kind>archive</kind>
         <file>rts6700.lib</file>
         <name>frcmpyd_div.obj</name>
      </input_file>
      <input_file id="fl-8a">
         <path>C:\ti\ccsv5\tools\compiler\c6000_7.4.4\lib\</path>
         <kind>archive</kind>
         <file>rts6700.lib</file>
         <name>llshift.obj</name>
      </input_file>
      <input_file id="fl-8b">
         <path>C:\ti\ccsv5\tools\compiler\c6000_7.4.4\lib\</path>
         <kind>archive</kind>
         <file>rts6700.lib</file>
         <name>lowlev.obj</name>
      </input_file>
      <input_file id="fl-8c">
         <path>C:\ti\ccsv5\tools\compiler\c6000_7.4.4\lib\</path>
         <kind>archive</kind>
         <file>rts6700.lib</file>
         <name>memcpy62.obj</name>
      </input_file>
      <input_file id="fl-8d">
         <path>C:\ti\ccsv5\tools\compiler\c6000_7.4.4\lib\</path>
         <kind>archive</kind>
         <file>rts6700.lib</file>
         <name>memory.obj</name>
      </input_file>
      <input_file id="fl-8e">
         <path>C:\ti\ccsv5\tools\compiler\c6000_7.4.4\lib\</path>
         <kind>archive</kind>
         <file>rts6700.lib</file>
         <name>memset.obj</name>
      </input_file>
      <input_file id="fl-8f">
         <path>C:\ti\ccsv5\tools\compiler\c6000_7.4.4\lib\</path>
         <kind>archive</kind>
         <file>rts6700.lib</file>
         <name>mpyll.obj</name>
      </input_file>
      <input_file id="fl-90">
         <path>C:\ti\ccsv5\tools\compiler\c6000_7.4.4\lib\</path>
         <kind>archive</kind>
         <file>rts6700.lib</file>
         <name>pow.obj</name>
      </input_file>
      <input_file id="fl-91">
         <path>C:\ti\ccsv5\tools\compiler\c6000_7.4.4\lib\</path>
         <kind>archive</kind>
         <file>rts6700.lib</file>
         <name>rand.obj</name>
      </input_file>
      <input_file id="fl-92">
         <path>C:\ti\ccsv5\tools\compiler\c6000_7.4.4\lib\</path>
         <kind>archive</kind>
         <file>rts6700.lib</file>
         <name>remi.obj</name>
      </input_file>
      <input_file id="fl-93">
         <path>C:\ti\ccsv5\tools\compiler\c6000_7.4.4\lib\</path>
         <kind>archive</kind>
         <file>rts6700.lib</file>
         <name>remove.obj</name>
      </input_file>
      <input_file id="fl-94">
         <path>C:\ti\ccsv5\tools\compiler\c6000_7.4.4\lib\</path>
         <kind>archive</kind>
         <file>rts6700.lib</file>
         <name>round.obj</name>
      </input_file>
      <input_file id="fl-95">
         <path>C:\ti\ccsv5\tools\compiler\c6000_7.4.4\lib\</path>
         <kind>archive</kind>
         <file>rts6700.lib</file>
         <name>sin.obj</name>
      </input_file>
      <input_file id="fl-96">
         <path>C:\ti\ccsv5\tools\compiler\c6000_7.4.4\lib\</path>
         <kind>archive</kind>
         <file>rts6700.lib</file>
         <name>sqrt.obj</name>
      </input_file>
      <input_file id="fl-97">
         <path>C:\ti\ccsv5\tools\compiler\c6000_7.4.4\lib\</path>
         <kind>archive</kind>
         <file>rts6700.lib</file>
         <name>time.obj</name>
      </input_file>
      <input_file id="fl-98">
         <path>C:\ti\ccsv5\tools\compiler\c6000_7.4.4\lib\</path>
         <kind>archive</kind>
         <file>rts6700.lib</file>
         <name>trgdrv.obj</name>
      </input_file>
      <input_file id="fl-99">
         <path>C:\ti\ccsv5\tools\compiler\c6000_7.4.4\lib\</path>
         <kind>archive</kind>
         <file>rts6700.lib</file>
         <name>trgmsg.obj</name>
      </input_file>
      <input_file id="fl-9a">
         <path>C:\ti\ccsv5\tools\compiler\c6000_7.4.4\lib\</path>
         <kind>archive</kind>
         <file>rts6700.lib</file>
         <name>trunc.obj</name>
      </input_file>
      <input_file id="fl-9b">
         <path>C:\ti\ccsv5\tools\compiler\c6000_7.4.4\lib\</path>
         <kind>archive</kind>
         <file>rts6700.lib</file>
         <name>_io_perm.obj</name>
      </input_file>
      <input_file id="fl-9c">
         <path>C:\ti\ccsv5\tools\compiler\c6000_7.4.4\lib\</path>
         <kind>archive</kind>
         <file>rts6700.lib</file>
         <name>_lock.obj</name>
      </input_file>
      <input_file id="fl-9d">
         <path>C:\ti\ccsv5\tools\compiler\c6000_7.4.4\lib\</path>
         <kind>archive</kind>
         <file>rts6700.lib</file>
         <name>_printfi.obj</name>
      </input_file>
      <input_file id="fl-9e">
         <path>C:\ti\ccsv5\tools\compiler\c6000_7.4.4\lib\</path>
         <kind>archive</kind>
         <file>rts6700.lib</file>
         <name>args_main.obj</name>
      </input_file>
      <input_file id="fl-9f">
         <path>C:\ti\ccsv5\tools\compiler\c6000_7.4.4\lib\</path>
         <kind>archive</kind>
         <file>rts6700.lib</file>
         <name>atoi.obj</name>
      </input_file>
      <input_file id="fl-a0">
         <path>C:\ti\ccsv5\tools\compiler\c6000_7.4.4\lib\</path>
         <kind>archive</kind>
         <file>rts6700.lib</file>
         <name>autoinit.obj</name>
      </input_file>
      <input_file id="fl-a1">
         <path>C:\ti\ccsv5\tools\compiler\c6000_7.4.4\lib\</path>
         <kind>archive</kind>
         <file>rts6700.lib</file>
         <name>cpp_init.obj</name>
      </input_file>
      <input_file id="fl-a2">
         <path>C:\ti\ccsv5\tools\compiler\c6000_7.4.4\lib\</path>
         <kind>archive</kind>
         <file>rts6700.lib</file>
         <name>cpy_tbl.obj</name>
      </input_file>
      <input_file id="fl-a3">
         <path>C:\ti\ccsv5\tools\compiler\c6000_7.4.4\lib\</path>
         <kind>archive</kind>
         <file>rts6700.lib</file>
         <name>ctype.obj</name>
      </input_file>
      <input_file id="fl-a4">
         <path>C:\ti\ccsv5\tools\compiler\c6000_7.4.4\lib\</path>
         <kind>archive</kind>
         <file>rts6700.lib</file>
         <name>defs.obj</name>
      </input_file>
      <input_file id="fl-a5">
         <path>C:\ti\ccsv5\tools\compiler\c6000_7.4.4\lib\</path>
         <kind>archive</kind>
         <file>rts6700.lib</file>
         <name>divu.obj</name>
      </input_file>
      <input_file id="fl-a6">
         <path>C:\ti\ccsv5\tools\compiler\c6000_7.4.4\lib\</path>
         <kind>archive</kind>
         <file>rts6700.lib</file>
         <name>errno.obj</name>
      </input_file>
      <input_file id="fl-a7">
         <path>C:\ti\ccsv5\tools\compiler\c6000_7.4.4\lib\</path>
         <kind>archive</kind>
         <file>rts6700.lib</file>
         <name>fixdli.obj</name>
      </input_file>
      <input_file id="fl-a8">
         <path>C:\ti\ccsv5\tools\compiler\c6000_7.4.4\lib\</path>
         <kind>archive</kind>
         <file>rts6700.lib</file>
         <name>fltlid.obj</name>
      </input_file>
      <input_file id="fl-a9">
         <path>C:\ti\ccsv5\tools\compiler\c6000_7.4.4\lib\</path>
         <kind>archive</kind>
         <file>rts6700.lib</file>
         <name>frexp.obj</name>
      </input_file>
      <input_file id="fl-aa">
         <path>C:\ti\ccsv5\tools\compiler\c6000_7.4.4\lib\</path>
         <kind>archive</kind>
         <file>rts6700.lib</file>
         <name>fseek.obj</name>
      </input_file>
      <input_file id="fl-ab">
         <path>C:\ti\ccsv5\tools\compiler\c6000_7.4.4\lib\</path>
         <kind>archive</kind>
         <file>rts6700.lib</file>
         <name>imath40.obj</name>
      </input_file>
      <input_file id="fl-ac">
         <path>C:\ti\ccsv5\tools\compiler\c6000_7.4.4\lib\</path>
         <kind>archive</kind>
         <file>rts6700.lib</file>
         <name>imath64.obj</name>
      </input_file>
      <input_file id="fl-ad">
         <path>C:\ti\ccsv5\tools\compiler\c6000_7.4.4\lib\</path>
         <kind>archive</kind>
         <file>rts6700.lib</file>
         <name>isinf.obj</name>
      </input_file>
      <input_file id="fl-ae">
         <path>C:\ti\ccsv5\tools\compiler\c6000_7.4.4\lib\</path>
         <kind>archive</kind>
         <file>rts6700.lib</file>
         <name>ldexp.obj</name>
      </input_file>
      <input_file id="fl-af">
         <path>C:\ti\ccsv5\tools\compiler\c6000_7.4.4\lib\</path>
         <kind>archive</kind>
         <file>rts6700.lib</file>
         <name>ltoa.obj</name>
      </input_file>
      <input_file id="fl-b0">
         <path>C:\ti\ccsv5\tools\compiler\c6000_7.4.4\lib\</path>
         <kind>archive</kind>
         <file>rts6700.lib</file>
         <name>memccpy.obj</name>
      </input_file>
      <input_file id="fl-b1">
         <path>C:\ti\ccsv5\tools\compiler\c6000_7.4.4\lib\</path>
         <kind>archive</kind>
         <file>rts6700.lib</file>
         <name>modf.obj</name>
      </input_file>
      <input_file id="fl-b2">
         <path>C:\ti\ccsv5\tools\compiler\c6000_7.4.4\lib\</path>
         <kind>archive</kind>
         <file>rts6700.lib</file>
         <name>negll.obj</name>
      </input_file>
      <input_file id="fl-b3">
         <path>C:\ti\ccsv5\tools\compiler\c6000_7.4.4\lib\</path>
         <kind>archive</kind>
         <file>rts6700.lib</file>
         <name>setvbuf.obj</name>
      </input_file>
      <input_file id="fl-b4">
         <path>C:\ti\ccsv5\tools\compiler\c6000_7.4.4\lib\</path>
         <kind>archive</kind>
         <file>rts6700.lib</file>
         <name>abs.obj</name>
      </input_file>
   </input_file_list>
   <object_component_list>
      <object_component id="oc-dc">
         <name>.text</name>
         <load_address>0x20</load_address>
         <run_address>0x20</run_address>
         <size>0x1280</size>
         <input_file_ref idref="fl-2"/>
      </object_component>
      <object_component id="oc-e8">
         <name>.text:_pow</name>
         <load_address>0x12a0</load_address>
         <run_address>0x12a0</run_address>
         <size>0x980</size>
         <input_file_ref idref="fl-90"/>
      </object_component>
      <object_component id="oc-ea">
         <name>.text:__divd</name>
         <load_address>0x1c20</load_address>
         <run_address>0x1c20</run_address>
         <size>0x720</size>
         <input_file_ref idref="fl-80"/>
      </object_component>
      <object_component id="oc-11d">
         <name>.text:__getarg_diouxp</name>
         <load_address>0x2340</load_address>
         <run_address>0x2340</run_address>
         <size>0x6c0</size>
         <input_file_ref idref="fl-9d"/>
      </object_component>
      <object_component id="oc-102">
         <name>.text:__setfield</name>
         <load_address>0x2a00</load_address>
         <run_address>0x2a00</run_address>
         <size>0x5a0</size>
         <input_file_ref idref="fl-9d"/>
      </object_component>
      <object_component id="oc-f5">
         <name>.text:__printfi</name>
         <load_address>0x2fa0</load_address>
         <run_address>0x2fa0</run_address>
         <size>0x560</size>
         <input_file_ref idref="fl-9d"/>
      </object_component>
      <object_component id="oc-fe">
         <name>.text:_fputs</name>
         <load_address>0x3500</load_address>
         <run_address>0x3500</run_address>
         <size>0x4c0</size>
         <input_file_ref idref="fl-88"/>
      </object_component>
      <object_component id="oc-125">
         <name>.text:_fcvt</name>
         <load_address>0x39c0</load_address>
         <run_address>0x39c0</run_address>
         <size>0x420</size>
         <input_file_ref idref="fl-9d"/>
      </object_component>
      <object_component id="oc-10e">
         <name>.text:__pproc_fge</name>
         <load_address>0x3de0</load_address>
         <run_address>0x3de0</run_address>
         <size>0x400</size>
         <input_file_ref idref="fl-9d"/>
      </object_component>
      <object_component id="oc-122">
         <name>.text:_ecvt</name>
         <load_address>0x41e0</load_address>
         <run_address>0x41e0</run_address>
         <size>0x400</size>
         <input_file_ref idref="fl-9d"/>
      </object_component>
      <object_component id="oc-12d">
         <name>.text:__divull</name>
         <load_address>0x45e0</load_address>
         <run_address>0x45e0</run_address>
         <size>0x380</size>
         <input_file_ref idref="fl-ac"/>
      </object_component>
      <object_component id="oc-106">
         <name>.text:_free</name>
         <load_address>0x4960</load_address>
         <run_address>0x4960</run_address>
         <size>0x380</size>
         <input_file_ref idref="fl-8d"/>
      </object_component>
      <object_component id="oc-11c">
         <name>.text:__pconv_e</name>
         <load_address>0x4ce0</load_address>
         <run_address>0x4ce0</run_address>
         <size>0x360</size>
         <input_file_ref idref="fl-9d"/>
      </object_component>
      <object_component id="oc-101">
         <name>.text:__pproc_fwp</name>
         <load_address>0x5040</load_address>
         <run_address>0x5040</run_address>
         <size>0x360</size>
         <input_file_ref idref="fl-9d"/>
      </object_component>
      <object_component id="oc-e1">
         <name>.text:__divf</name>
         <load_address>0x53a0</load_address>
         <run_address>0x53a0</run_address>
         <size>0x340</size>
         <input_file_ref idref="fl-81"/>
      </object_component>
      <object_component id="oc-e4">
         <name>.text:_sin</name>
         <load_address>0x56e0</load_address>
         <run_address>0x56e0</run_address>
         <size>0x340</size>
         <input_file_ref idref="fl-95"/>
      </object_component>
      <object_component id="oc-10f">
         <name>.text:__pproc_diouxp</name>
         <load_address>0x5a20</load_address>
         <run_address>0x5a20</run_address>
         <size>0x300</size>
         <input_file_ref idref="fl-9d"/>
      </object_component>
      <object_component id="oc-11a">
         <name>.text:__pconv_g</name>
         <load_address>0x5d20</load_address>
         <run_address>0x5d20</run_address>
         <size>0x2c0</size>
         <input_file_ref idref="fl-9d"/>
      </object_component>
      <object_component id="oc-103">
         <name>.text:__pproc_str</name>
         <load_address>0x5fe0</load_address>
         <run_address>0x5fe0</run_address>
         <size>0x2c0</size>
         <input_file_ref idref="fl-9d"/>
      </object_component>
      <object_component id="oc-ff">
         <name>.text:_fputc</name>
         <load_address>0x62a0</load_address>
         <run_address>0x62a0</run_address>
         <size>0x2a0</size>
         <input_file_ref idref="fl-87"/>
      </object_component>
      <object_component id="oc-116">
         <name>.text:_setvbuf</name>
         <load_address>0x6540</load_address>
         <run_address>0x6540</run_address>
         <size>0x2a0</size>
         <input_file_ref idref="fl-b3"/>
      </object_component>
      <object_component id="oc-12c">
         <name>.text:__divul</name>
         <load_address>0x67e0</load_address>
         <run_address>0x67e0</run_address>
         <size>0x260</size>
         <input_file_ref idref="fl-ab"/>
      </object_component>
      <object_component id="oc-124">
         <name>.text:__mcpy</name>
         <load_address>0x6a40</load_address>
         <run_address>0x6a40</run_address>
         <size>0x240</size>
         <input_file_ref idref="fl-9d"/>
      </object_component>
      <object_component id="oc-ee">
         <name>.text:__openfile</name>
         <load_address>0x6c80</load_address>
         <run_address>0x6c80</run_address>
         <size>0x240</size>
         <input_file_ref idref="fl-85"/>
      </object_component>
      <object_component id="oc-121">
         <name>.text:_malloc</name>
         <load_address>0x6ec0</load_address>
         <run_address>0x6ec0</run_address>
         <size>0x240</size>
         <input_file_ref idref="fl-8d"/>
      </object_component>
      <object_component id="oc-da">
         <name>.text:_memcpy</name>
         <load_address>0x7100</load_address>
         <run_address>0x7100</run_address>
         <size>0x240</size>
         <input_file_ref idref="fl-8c"/>
      </object_component>
      <object_component id="oc-d7">
         <name>.text:_HOSTrename</name>
         <load_address>0x7340</load_address>
         <run_address>0x7340</run_address>
         <size>0x220</size>
         <input_file_ref idref="fl-98"/>
      </object_component>
      <object_component id="oc-fd">
         <name>.text:_open</name>
         <load_address>0x7560</load_address>
         <run_address>0x7560</run_address>
         <size>0x220</size>
         <input_file_ref idref="fl-8b"/>
      </object_component>
      <object_component id="oc-10a">
         <name>.text:_getdevice</name>
         <load_address>0x7780</load_address>
         <run_address>0x7780</run_address>
         <size>0x1e0</size>
         <input_file_ref idref="fl-8b"/>
      </object_component>
      <object_component id="oc-115">
         <name>.text:_fseek</name>
         <load_address>0x7960</load_address>
         <run_address>0x7960</run_address>
         <size>0x1c0</size>
         <input_file_ref idref="fl-aa"/>
      </object_component>
      <object_component id="oc-11f">
         <name>.text:__ltostr</name>
         <load_address>0x7b20</load_address>
         <run_address>0x7b20</run_address>
         <size>0x1a0</size>
         <input_file_ref idref="fl-9d"/>
      </object_component>
      <object_component id="oc-100">
         <name>.text:__pproc_fflags</name>
         <load_address>0x7cc0</load_address>
         <run_address>0x7cc0</run_address>
         <size>0x1a0</size>
         <input_file_ref idref="fl-9d"/>
      </object_component>
      <object_component id="oc-f7">
         <name>.text:_ldexp</name>
         <load_address>0x7e60</load_address>
         <run_address>0x7e60</run_address>
         <size>0x180</size>
         <input_file_ref idref="fl-ae"/>
      </object_component>
      <object_component id="oc-d5">
         <name>.text:_HOSTlseek</name>
         <load_address>0x7fe0</load_address>
         <run_address>0x7fe0</run_address>
         <size>0x160</size>
         <input_file_ref idref="fl-98"/>
      </object_component>
      <object_component id="oc-fa">
         <name>.text:__closefile</name>
         <load_address>0x8140</load_address>
         <run_address>0x8140</run_address>
         <size>0x160</size>
         <input_file_ref idref="fl-83"/>
      </object_component>
      <object_component id="oc-ed">
         <name>.text:__search_fp</name>
         <load_address>0x82a0</load_address>
         <run_address>0x82a0</run_address>
         <size>0x160</size>
         <input_file_ref idref="fl-85"/>
      </object_component>
      <object_component id="oc-d3">
         <name>.text:_HOSTread</name>
         <load_address>0x8400</load_address>
         <run_address>0x8400</run_address>
         <size>0x140</size>
         <input_file_ref idref="fl-98"/>
      </object_component>
      <object_component id="oc-f9">
         <name>.text:__frcmpyd_div</name>
         <load_address>0x8540</load_address>
         <run_address>0x8540</run_address>
         <size>0x140</size>
         <input_file_ref idref="fl-89"/>
      </object_component>
      <object_component id="oc-10d">
         <name>.text:_atoi</name>
         <load_address>0x8680</load_address>
         <run_address>0x8680</run_address>
         <size>0x140</size>
         <input_file_ref idref="fl-9f"/>
      </object_component>
      <object_component id="oc-f6">
         <name>.text:_frexp</name>
         <load_address>0x87c0</load_address>
         <run_address>0x87c0</run_address>
         <size>0x140</size>
         <input_file_ref idref="fl-a9"/>
      </object_component>
      <object_component id="oc-e9">
         <name>.text:_sqrt</name>
         <load_address>0x8900</load_address>
         <run_address>0x8900</run_address>
         <size>0x140</size>
         <input_file_ref idref="fl-96"/>
      </object_component>
      <object_component id="oc-d1">
         <name>.text:_HOSTopen</name>
         <load_address>0x8a40</load_address>
         <run_address>0x8a40</run_address>
         <size>0x120</size>
         <input_file_ref idref="fl-98"/>
      </object_component>
      <object_component id="oc-d4">
         <name>.text:_HOSTwrite</name>
         <load_address>0x8b60</load_address>
         <run_address>0x8b60</run_address>
         <size>0x120</size>
         <input_file_ref idref="fl-98"/>
      </object_component>
      <object_component id="oc-10b">
         <name>.text:__wrt_ok</name>
         <load_address>0x8c80</load_address>
         <run_address>0x8c80</run_address>
         <size>0x120</size>
         <input_file_ref idref="fl-9b"/>
      </object_component>
      <object_component id="oc-107">
         <name>.text:_close</name>
         <load_address>0x8da0</load_address>
         <run_address>0x8da0</run_address>
         <size>0x120</size>
         <input_file_ref idref="fl-8b"/>
      </object_component>
      <object_component id="oc-e7">
         <name>.text:_fprintf</name>
         <load_address>0x8ec0</load_address>
         <run_address>0x8ec0</run_address>
         <size>0x120</size>
         <input_file_ref idref="fl-86"/>
      </object_component>
      <object_component id="oc-129">
         <name>.text:_ltoa</name>
         <load_address>0x8fe0</load_address>
         <run_address>0x8fe0</run_address>
         <size>0x120</size>
         <input_file_ref idref="fl-af"/>
      </object_component>
      <object_component id="oc-fb">
         <name>.text:_memset</name>
         <load_address>0x9100</load_address>
         <run_address>0x9100</run_address>
         <size>0x120</size>
         <input_file_ref idref="fl-8e"/>
      </object_component>
      <object_component id="oc-d2">
         <name>.text:_HOSTclose</name>
         <load_address>0x9220</load_address>
         <run_address>0x9220</run_address>
         <size>0x100</size>
         <input_file_ref idref="fl-98"/>
      </object_component>
      <object_component id="oc-d6">
         <name>.text:_HOSTunlink</name>
         <load_address>0x9320</load_address>
         <run_address>0x9320</run_address>
         <size>0x100</size>
         <input_file_ref idref="fl-98"/>
      </object_component>
      <object_component id="oc-ce">
         <name>.text:__auto_init</name>
         <load_address>0x9420</load_address>
         <run_address>0x9420</run_address>
         <size>0x100</size>
         <input_file_ref idref="fl-a0"/>
      </object_component>
      <object_component id="oc-127">
         <name>.text:__div</name>
         <load_address>0x9520</load_address>
         <run_address>0x9520</run_address>
         <size>0x100</size>
         <input_file_ref idref="fl-9d"/>
      </object_component>
      <object_component id="oc-12f">
         <name>.text:__divli</name>
         <load_address>0x9620</load_address>
         <run_address>0x9620</run_address>
         <size>0x100</size>
         <input_file_ref idref="fl-ab"/>
      </object_component>
      <object_component id="oc-11b">
         <name>.text:__pconv_f</name>
         <load_address>0x9720</load_address>
         <run_address>0x9720</run_address>
         <size>0x100</size>
         <input_file_ref idref="fl-9d"/>
      </object_component>
      <object_component id="oc-e6">
         <name>.text:__remi</name>
         <load_address>0x9820</load_address>
         <run_address>0x9820</run_address>
         <size>0x100</size>
         <input_file_ref idref="fl-92"/>
      </object_component>
      <object_component id="oc-120">
         <name>.text:_lseek</name>
         <load_address>0x9920</load_address>
         <run_address>0x9920</run_address>
         <size>0x100</size>
         <input_file_ref idref="fl-8b"/>
      </object_component>
      <object_component id="oc-10c">
         <name>.text:_write</name>
         <load_address>0x9a20</load_address>
         <run_address>0x9a20</run_address>
         <size>0x100</size>
         <input_file_ref idref="fl-8b"/>
      </object_component>
      <object_component id="oc-ef">
         <name>.text:_HOSTtime</name>
         <load_address>0x9b20</load_address>
         <run_address>0x9b20</run_address>
         <size>0xe0</size>
         <input_file_ref idref="fl-98"/>
      </object_component>
      <object_component id="oc-fc">
         <name>.text:__cleanup</name>
         <load_address>0x9c00</load_address>
         <run_address>0x9c00</run_address>
         <size>0xe0</size>
         <input_file_ref idref="fl-85"/>
      </object_component>
      <object_component id="oc-105">
         <name>.text:__doflush</name>
         <load_address>0x9ce0</load_address>
         <run_address>0x9ce0</run_address>
         <size>0xe0</size>
         <input_file_ref idref="fl-84"/>
      </object_component>
      <object_component id="oc-123">
         <name>.text:__ecpy</name>
         <load_address>0x9dc0</load_address>
         <run_address>0x9dc0</run_address>
         <size>0xe0</size>
         <input_file_ref idref="fl-9d"/>
      </object_component>
      <object_component id="oc-126">
         <name>.text:__fcpy</name>
         <load_address>0x9ea0</load_address>
         <run_address>0x9ea0</run_address>
         <size>0xe0</size>
         <input_file_ref idref="fl-9d"/>
      </object_component>
      <object_component id="oc-d0">
         <name>.text:_exit</name>
         <load_address>0x9f80</load_address>
         <run_address>0x9f80</run_address>
         <size>0xe0</size>
         <input_file_ref idref="fl-82"/>
      </object_component>
      <object_component id="oc-112">
         <name>.text:_minsert</name>
         <load_address>0xa060</load_address>
         <run_address>0xa060</run_address>
         <size>0xe0</size>
         <input_file_ref idref="fl-8d"/>
      </object_component>
      <object_component id="oc-f2">
         <name>.text:_modf</name>
         <load_address>0xa140</load_address>
         <run_address>0xa140</run_address>
         <size>0xe0</size>
         <input_file_ref idref="fl-b1"/>
      </object_component>
      <object_component id="oc-111">
         <name>.text:_mremove</name>
         <load_address>0xa220</load_address>
         <run_address>0xa220</run_address>
         <size>0xe0</size>
         <input_file_ref idref="fl-8d"/>
      </object_component>
      <object_component id="oc-12b">
         <name>.text:__divu</name>
         <load_address>0xa300</load_address>
         <run_address>0xa300</run_address>
         <size>0xc0</size>
         <input_file_ref idref="fl-a5"/>
      </object_component>
      <object_component id="oc-f1">
         <name>.text:__nround</name>
         <load_address>0xa3c0</load_address>
         <run_address>0xa3c0</run_address>
         <size>0xc0</size>
         <input_file_ref idref="fl-94"/>
      </object_component>
      <object_component id="oc-d9">
         <name>.text:_copy_in</name>
         <load_address>0xa480</load_address>
         <run_address>0xa480</run_address>
         <size>0xc0</size>
         <input_file_ref idref="fl-a2"/>
      </object_component>
      <object_component id="oc-114">
         <name>.text:_finddevice</name>
         <load_address>0xa540</load_address>
         <run_address>0xa540</run_address>
         <size>0xc0</size>
         <input_file_ref idref="fl-8b"/>
      </object_component>
      <object_component id="oc-e5">
         <name>.text:_rand</name>
         <load_address>0xa600</load_address>
         <run_address>0xa600</run_address>
         <size>0xc0</size>
         <input_file_ref idref="fl-91"/>
      </object_component>
      <object_component id="oc-11">
         <name>.text</name>
         <load_address>0xa6c0</load_address>
         <run_address>0xa6c0</run_address>
         <size>0xc0</size>
         <input_file_ref idref="fl-5"/>
      </object_component>
      <object_component id="oc-128">
         <name>.text:__fixdli</name>
         <load_address>0xa780</load_address>
         <run_address>0xa780</run_address>
         <size>0xa0</size>
         <input_file_ref idref="fl-a7"/>
      </object_component>
      <object_component id="oc-104">
         <name>.text:__mpyll</name>
         <load_address>0xa820</load_address>
         <run_address>0xa820</run_address>
         <size>0xa0</size>
         <input_file_ref idref="fl-8f"/>
      </object_component>
      <object_component id="oc-12e">
         <name>.text:__remli</name>
         <load_address>0xa8c0</load_address>
         <run_address>0xa8c0</run_address>
         <size>0xa0</size>
         <input_file_ref idref="fl-ab"/>
      </object_component>
      <object_component id="oc-e0">
         <name>.text:_fopen</name>
         <load_address>0xa960</load_address>
         <run_address>0xa960</run_address>
         <size>0xa0</size>
         <input_file_ref idref="fl-85"/>
      </object_component>
      <object_component id="oc-df">
         <name>.text:_readmsg</name>
         <load_address>0xaa00</load_address>
         <run_address>0xaa00</run_address>
         <size>0xa0</size>
         <input_file_ref idref="fl-99"/>
      </object_component>
      <object_component id="oc-109">
         <name>.text:_tabinit</name>
         <load_address>0xaaa0</load_address>
         <run_address>0xaaa0</run_address>
         <size>0xa0</size>
         <input_file_ref idref="fl-8b"/>
      </object_component>
      <object_component id="oc-113">
         <name>.text:_unlink</name>
         <load_address>0xab40</load_address>
         <run_address>0xab40</run_address>
         <size>0xa0</size>
         <input_file_ref idref="fl-8b"/>
      </object_component>
      <object_component id="oc-de">
         <name>.text:_writemsg</name>
         <load_address>0xabe0</load_address>
         <run_address>0xabe0</run_address>
         <size>0xa0</size>
         <input_file_ref idref="fl-99"/>
      </object_component>
      <object_component id="oc-db">
         <name>.text:___TI_cpp_init</name>
         <load_address>0xac80</load_address>
         <run_address>0xac80</run_address>
         <size>0x80</size>
         <input_file_ref idref="fl-a1"/>
      </object_component>
      <object_component id="oc-12a">
         <name>.text:__fltlid</name>
         <load_address>0xad00</load_address>
         <run_address>0xad00</run_address>
         <size>0x80</size>
         <input_file_ref idref="fl-a8"/>
      </object_component>
      <object_component id="oc-130">
         <name>.text:__llshl</name>
         <load_address>0xad80</load_address>
         <run_address>0xad80</run_address>
         <size>0x80</size>
         <input_file_ref idref="fl-8a"/>
      </object_component>
      <object_component id="oc-2">
         <name>.text:_c_int00</name>
         <load_address>0xae00</load_address>
         <run_address>0xae00</run_address>
         <size>0x80</size>
         <input_file_ref idref="fl-7f"/>
      </object_component>
      <object_component id="oc-eb">
         <name>.text:_fclose</name>
         <load_address>0xae80</load_address>
         <run_address>0xae80</run_address>
         <size>0x80</size>
         <input_file_ref idref="fl-83"/>
      </object_component>
      <object_component id="oc-110">
         <name>.text:_memccpy</name>
         <load_address>0xaf00</load_address>
         <run_address>0xaf00</run_address>
         <size>0x80</size>
         <input_file_ref idref="fl-b0"/>
      </object_component>
      <object_component id="oc-e3">
         <name>.text:_srand</name>
         <load_address>0xaf80</load_address>
         <run_address>0xaf80</run_address>
         <size>0x80</size>
         <input_file_ref idref="fl-91"/>
      </object_component>
      <object_component id="oc-9">
         <name>.text</name>
         <load_address>0xb000</load_address>
         <run_address>0xb000</run_address>
         <size>0x80</size>
         <input_file_ref idref="fl-3"/>
      </object_component>
      <object_component id="oc-119">
         <name>.text:___isinf</name>
         <load_address>0xb080</load_address>
         <run_address>0xb080</run_address>
         <size>0x60</size>
         <input_file_ref idref="fl-ad"/>
      </object_component>
      <object_component id="oc-f8">
         <name>.text:__llshru</name>
         <load_address>0xb0e0</load_address>
         <run_address>0xb0e0</run_address>
         <size>0x60</size>
         <input_file_ref idref="fl-8a"/>
      </object_component>
      <object_component id="oc-131">
         <name>.text:__subcull</name>
         <load_address>0xb140</load_address>
         <run_address>0xb140</run_address>
         <size>0x60</size>
         <input_file_ref idref="fl-ac"/>
      </object_component>
      <object_component id="oc-118">
         <name>.text:___isnan</name>
         <load_address>0xb1a0</load_address>
         <run_address>0xb1a0</run_address>
         <size>0x40</size>
         <input_file_ref idref="fl-9d"/>
      </object_component>
      <object_component id="oc-cf">
         <name>.text:__args_main</name>
         <load_address>0xb1e0</load_address>
         <run_address>0xb1e0</run_address>
         <size>0x40</size>
         <input_file_ref idref="fl-9e"/>
      </object_component>
      <object_component id="oc-f0">
         <name>.text:__trunc</name>
         <load_address>0xb220</load_address>
         <run_address>0xb220</run_address>
         <size>0x40</size>
         <input_file_ref idref="fl-9a"/>
      </object_component>
      <object_component id="oc-e2">
         <name>.text:_time</name>
         <load_address>0xb260</load_address>
         <run_address>0xb260</run_address>
         <size>0x40</size>
         <input_file_ref idref="fl-97"/>
      </object_component>
      <object_component id="oc-d">
         <name>.text</name>
         <load_address>0xb2a0</load_address>
         <run_address>0xb2a0</run_address>
         <size>0x40</size>
         <input_file_ref idref="fl-4"/>
      </object_component>
      <object_component id="oc-11e">
         <name>.text:__negll</name>
         <load_address>0xb2e0</load_address>
         <run_address>0xb2e0</run_address>
         <size>0x20</size>
         <input_file_ref idref="fl-b2"/>
      </object_component>
      <object_component id="oc-d8">
         <name>.text:__nop</name>
         <load_address>0xb300</load_address>
         <run_address>0xb300</run_address>
         <size>0x20</size>
         <input_file_ref idref="fl-9c"/>
      </object_component>
      <object_component id="oc-f4">
         <name>.text:__outc</name>
         <load_address>0xb320</load_address>
         <run_address>0xb320</run_address>
         <size>0x20</size>
         <input_file_ref idref="fl-86"/>
      </object_component>
      <object_component id="oc-f3">
         <name>.text:__outs</name>
         <load_address>0xb340</load_address>
         <run_address>0xb340</run_address>
         <size>0x20</size>
         <input_file_ref idref="fl-86"/>
      </object_component>
      <object_component id="oc-dd">
         <name>.text:_abort</name>
         <load_address>0xb360</load_address>
         <run_address>0xb360</run_address>
         <size>0x20</size>
         <input_file_ref idref="fl-82"/>
      </object_component>
      <object_component id="oc-108">
         <name>.text:_remove</name>
         <load_address>0xb380</load_address>
         <run_address>0xb380</run_address>
         <size>0x20</size>
         <input_file_ref idref="fl-93"/>
      </object_component>
      <object_component id="oc-117">
         <name>.const:.string:__ctypes_</name>
         <load_address>0xcc78</load_address>
         <run_address>0xcc78</run_address>
         <size>0x101</size>
         <input_file_ref idref="fl-a3"/>
      </object_component>
      <object_component id="oc-36">
         <name>.const:.string</name>
         <load_address>0xcd79</load_address>
         <run_address>0xcd79</run_address>
         <size>0x2</size>
         <input_file_ref idref="fl-88"/>
      </object_component>
      <object_component id="oc-5">
         <name>.const:.string</name>
         <load_address>0xcd7c</load_address>
         <run_address>0xcd7c</run_address>
         <size>0x48</size>
         <input_file_ref idref="fl-2"/>
      </object_component>
      <object_component id="oc-85">
         <name>.const:.string</name>
         <load_address>0xcdc4</load_address>
         <run_address>0xcdc4</run_address>
         <size>0x23</size>
         <input_file_ref idref="fl-9d"/>
      </object_component>
      <object_component id="oc-ec">
         <name>.const:_$P$T0$1</name>
         <load_address>0xcde8</load_address>
         <run_address>0xcde8</run_address>
         <size>0x18</size>
         <input_file_ref idref="fl-2"/>
      </object_component>
      <object_component id="oc-54">
         <name>.cinit</name>
         <load_address>0xc978</load_address>
         <run_address>0xc978</run_address>
         <size>0x140</size>
         <input_file_ref idref="fl-90"/>
      </object_component>
      <object_component id="oc-9a">
         <name>.cinit</name>
         <load_address>0xcab8</load_address>
         <run_address>0xcab8</run_address>
         <size>0x5c</size>
         <input_file_ref idref="fl-a4"/>
      </object_component>
      <object_component id="oc-40">
         <name>.cinit</name>
         <load_address>0xcb18</load_address>
         <run_address>0xcb18</run_address>
         <size>0x5c</size>
         <input_file_ref idref="fl-8b"/>
      </object_component>
      <object_component id="oc-67">
         <name>.cinit</name>
         <load_address>0xcb78</load_address>
         <run_address>0xcb78</run_address>
         <size>0x48</size>
         <input_file_ref idref="fl-95"/>
      </object_component>
      <object_component id="oc-20">
         <name>.cinit</name>
         <load_address>0xcbc0</load_address>
         <run_address>0xcbc0</run_address>
         <size>0x2c</size>
         <input_file_ref idref="fl-82"/>
      </object_component>
      <object_component id="oc-48">
         <name>.cinit</name>
         <load_address>0xcbf0</load_address>
         <run_address>0xcbf0</run_address>
         <size>0x2c</size>
         <input_file_ref idref="fl-8d"/>
      </object_component>
      <object_component id="oc-80">
         <name>.cinit</name>
         <load_address>0xcc20</load_address>
         <run_address>0xcc20</run_address>
         <size>0x1c</size>
         <input_file_ref idref="fl-9c"/>
      </object_component>
      <object_component id="oc-59">
         <name>.cinit</name>
         <load_address>0xcc40</load_address>
         <run_address>0xcc40</run_address>
         <size>0x10</size>
         <input_file_ref idref="fl-91"/>
      </object_component>
      <object_component id="oc-a1">
         <name>.cinit</name>
         <load_address>0xcc50</load_address>
         <run_address>0xcc50</run_address>
         <size>0xc</size>
         <input_file_ref idref="fl-a6"/>
      </object_component>
      <object_component id="oc-2b">
         <name>.cinit</name>
         <load_address>0xcc60</load_address>
         <run_address>0xcc60</run_address>
         <size>0xc</size>
         <input_file_ref idref="fl-85"/>
      </object_component>
      <object_component id="oc-16">
         <name>.stack</name>
         <uninitialized>true</uninitialized>
         <run_address>0xb3a0</run_address>
         <size>0x8</size>
         <input_file_ref idref="fl-7f"/>
      </object_component>
      <object_component id="oc-157">
         <name>.stack</name>
         <uninitialized>true</uninitialized>
         <run_address>0xb3a0</run_address>
         <size>0x0</size>
      </object_component>
      <object_component id="oc-4a">
         <name>.sysmem</name>
         <uninitialized>true</uninitialized>
         <run_address>0xbba0</run_address>
         <size>0x8</size>
         <input_file_ref idref="fl-8d"/>
      </object_component>
      <object_component id="oc-158">
         <name>.sysmem</name>
         <uninitialized>true</uninitialized>
         <run_address>0xbba0</run_address>
         <size>0x0</size>
      </object_component>
      <object_component id="oc-21">
         <name>.far</name>
         <uninitialized>true</uninitialized>
         <run_address>0xc948</run_address>
         <size>0xc</size>
         <input_file_ref idref="fl-82"/>
      </object_component>
      <object_component id="oc-2c">
         <name>.far</name>
         <uninitialized>true</uninitialized>
         <run_address>0xc904</run_address>
         <size>0x4</size>
         <input_file_ref idref="fl-85"/>
      </object_component>
      <object_component id="oc-41">
         <name>.far</name>
         <uninitialized>true</uninitialized>
         <run_address>0xc7e8</run_address>
         <size>0x11c</size>
         <input_file_ref idref="fl-8b"/>
      </object_component>
      <object_component id="oc-49">
         <name>.far</name>
         <uninitialized>true</uninitialized>
         <run_address>0xc95c</run_address>
         <size>0x8</size>
         <input_file_ref idref="fl-8d"/>
      </object_component>
      <object_component id="oc-55">
         <name>.far</name>
         <uninitialized>true</uninitialized>
         <run_address>0xc6c8</run_address>
         <size>0x120</size>
         <input_file_ref idref="fl-90"/>
      </object_component>
      <object_component id="oc-5a">
         <name>.far</name>
         <uninitialized>true</uninitialized>
         <run_address>0xc968</run_address>
         <size>0x8</size>
         <input_file_ref idref="fl-91"/>
      </object_component>
      <object_component id="oc-68">
         <name>.far</name>
         <uninitialized>true</uninitialized>
         <run_address>0xc908</run_address>
         <size>0x40</size>
         <input_file_ref idref="fl-95"/>
      </object_component>
      <object_component id="oc-72">
         <name>.far</name>
         <uninitialized>true</uninitialized>
         <run_address>0xc970</run_address>
         <size>0x8</size>
         <input_file_ref idref="fl-98"/>
      </object_component>
      <object_component id="oc-81">
         <name>.far</name>
         <uninitialized>true</uninitialized>
         <run_address>0xc954</run_address>
         <size>0x8</size>
         <input_file_ref idref="fl-9c"/>
      </object_component>
      <object_component id="oc-9b">
         <name>.far</name>
         <uninitialized>true</uninitialized>
         <run_address>0xc3a0</run_address>
         <size>0x324</size>
         <input_file_ref idref="fl-a4"/>
      </object_component>
      <object_component id="oc-a2">
         <name>.far</name>
         <uninitialized>true</uninitialized>
         <run_address>0xc6c4</run_address>
         <size>0x4</size>
         <input_file_ref idref="fl-a6"/>
      </object_component>
      <object_component id="oc-76">
         <name>.cio</name>
         <uninitialized>true</uninitialized>
         <run_address>0xce00</run_address>
         <size>0x120</size>
         <input_file_ref idref="fl-99"/>
      </object_component>
      <object_component id="oc-3">
         <name>.debug_info</name>
         <load_address>0x0</load_address>
         <run_address>0x0</run_address>
         <size>0x153c</size>
         <input_file_ref idref="fl-2"/>
      </object_component>
      <object_component id="oc-a">
         <name>.debug_info</name>
         <load_address>0x153c</load_address>
         <run_address>0x153c</run_address>
         <size>0xd6</size>
         <input_file_ref idref="fl-3"/>
      </object_component>
      <object_component id="oc-e">
         <name>.debug_info</name>
         <load_address>0x1612</load_address>
         <run_address>0x1612</run_address>
         <size>0xcc</size>
         <input_file_ref idref="fl-4"/>
      </object_component>
      <object_component id="oc-12">
         <name>.debug_info</name>
         <load_address>0x16de</load_address>
         <run_address>0x16de</run_address>
         <size>0xcd</size>
         <input_file_ref idref="fl-5"/>
      </object_component>
      <object_component id="oc-15">
         <name>.debug_info</name>
         <load_address>0x17ab</load_address>
         <run_address>0x17ab</run_address>
         <size>0x70a</size>
         <input_file_ref idref="fl-7f"/>
      </object_component>
      <object_component id="oc-19">
         <name>.debug_info</name>
         <load_address>0x1eb5</load_address>
         <run_address>0x1eb5</run_address>
         <size>0x981</size>
         <input_file_ref idref="fl-80"/>
      </object_component>
      <object_component id="oc-1c">
         <name>.debug_info</name>
         <load_address>0x2836</load_address>
         <run_address>0x2836</run_address>
         <size>0x8cd</size>
         <input_file_ref idref="fl-81"/>
      </object_component>
      <object_component id="oc-1f">
         <name>.debug_info</name>
         <load_address>0x3103</load_address>
         <run_address>0x3103</run_address>
         <size>0x7fb</size>
         <input_file_ref idref="fl-82"/>
      </object_component>
      <object_component id="oc-24">
         <name>.debug_info</name>
         <load_address>0x38fe</load_address>
         <run_address>0x38fe</run_address>
         <size>0x87f</size>
         <input_file_ref idref="fl-83"/>
      </object_component>
      <object_component id="oc-27">
         <name>.debug_info</name>
         <load_address>0x417d</load_address>
         <run_address>0x417d</run_address>
         <size>0x780</size>
         <input_file_ref idref="fl-84"/>
      </object_component>
      <object_component id="oc-2a">
         <name>.debug_info</name>
         <load_address>0x48fd</load_address>
         <run_address>0x48fd</run_address>
         <size>0xaef</size>
         <input_file_ref idref="fl-85"/>
      </object_component>
      <object_component id="oc-2f">
         <name>.debug_info</name>
         <load_address>0x53ec</load_address>
         <run_address>0x53ec</run_address>
         <size>0x8f7</size>
         <input_file_ref idref="fl-86"/>
      </object_component>
      <object_component id="oc-32">
         <name>.debug_info</name>
         <load_address>0x5ce3</load_address>
         <run_address>0x5ce3</run_address>
         <size>0x829</size>
         <input_file_ref idref="fl-87"/>
      </object_component>
      <object_component id="oc-35">
         <name>.debug_info</name>
         <load_address>0x650c</load_address>
         <run_address>0x650c</run_address>
         <size>0xb80</size>
         <input_file_ref idref="fl-88"/>
      </object_component>
      <object_component id="oc-39">
         <name>.debug_info</name>
         <load_address>0x708c</load_address>
         <run_address>0x708c</run_address>
         <size>0x6a3</size>
         <input_file_ref idref="fl-89"/>
      </object_component>
      <object_component id="oc-3c">
         <name>.debug_info</name>
         <load_address>0x772f</load_address>
         <run_address>0x772f</run_address>
         <size>0x700</size>
         <input_file_ref idref="fl-8a"/>
      </object_component>
      <object_component id="oc-3f">
         <name>.debug_info</name>
         <load_address>0x7e2f</load_address>
         <run_address>0x7e2f</run_address>
         <size>0x1140</size>
         <input_file_ref idref="fl-8b"/>
      </object_component>
      <object_component id="oc-44">
         <name>.debug_info</name>
         <load_address>0x8f6f</load_address>
         <run_address>0x8f6f</run_address>
         <size>0x78b</size>
         <input_file_ref idref="fl-8c"/>
      </object_component>
      <object_component id="oc-47">
         <name>.debug_info</name>
         <load_address>0x96fa</load_address>
         <run_address>0x96fa</run_address>
         <size>0xb33</size>
         <input_file_ref idref="fl-8d"/>
      </object_component>
      <object_component id="oc-4d">
         <name>.debug_info</name>
         <load_address>0xa22d</load_address>
         <run_address>0xa22d</run_address>
         <size>0x72c</size>
         <input_file_ref idref="fl-8e"/>
      </object_component>
      <object_component id="oc-50">
         <name>.debug_info</name>
         <load_address>0xa959</load_address>
         <run_address>0xa959</run_address>
         <size>0x6b6</size>
         <input_file_ref idref="fl-8f"/>
      </object_component>
      <object_component id="oc-53">
         <name>.debug_info</name>
         <load_address>0xb00f</load_address>
         <run_address>0xb00f</run_address>
         <size>0x8b2</size>
         <input_file_ref idref="fl-90"/>
      </object_component>
      <object_component id="oc-58">
         <name>.debug_info</name>
         <load_address>0xb8c1</load_address>
         <run_address>0xb8c1</run_address>
         <size>0x6c6</size>
         <input_file_ref idref="fl-91"/>
      </object_component>
      <object_component id="oc-5d">
         <name>.debug_info</name>
         <load_address>0xbf87</load_address>
         <run_address>0xbf87</run_address>
         <size>0xd1</size>
         <input_file_ref idref="fl-92"/>
      </object_component>
      <object_component id="oc-60">
         <name>.debug_info</name>
         <load_address>0xc058</load_address>
         <run_address>0xc058</run_address>
         <size>0x663</size>
         <input_file_ref idref="fl-93"/>
      </object_component>
      <object_component id="oc-63">
         <name>.debug_info</name>
         <load_address>0xc6bb</load_address>
         <run_address>0xc6bb</run_address>
         <size>0x652</size>
         <input_file_ref idref="fl-94"/>
      </object_component>
      <object_component id="oc-66">
         <name>.debug_info</name>
         <load_address>0xcd0d</load_address>
         <run_address>0xcd0d</run_address>
         <size>0x713</size>
         <input_file_ref idref="fl-95"/>
      </object_component>
      <object_component id="oc-6b">
         <name>.debug_info</name>
         <load_address>0xd420</load_address>
         <run_address>0xd420</run_address>
         <size>0x88b</size>
         <input_file_ref idref="fl-96"/>
      </object_component>
      <object_component id="oc-6e">
         <name>.debug_info</name>
         <load_address>0xdcab</load_address>
         <run_address>0xdcab</run_address>
         <size>0x65f</size>
         <input_file_ref idref="fl-97"/>
      </object_component>
      <object_component id="oc-71">
         <name>.debug_info</name>
         <load_address>0xe30a</load_address>
         <run_address>0xe30a</run_address>
         <size>0xf6c</size>
         <input_file_ref idref="fl-98"/>
      </object_component>
      <object_component id="oc-75">
         <name>.debug_info</name>
         <load_address>0xf276</load_address>
         <run_address>0xf276</run_address>
         <size>0x8c4</size>
         <input_file_ref idref="fl-99"/>
      </object_component>
      <object_component id="oc-79">
         <name>.debug_info</name>
         <load_address>0xfb3a</load_address>
         <run_address>0xfb3a</run_address>
         <size>0x650</size>
         <input_file_ref idref="fl-9a"/>
      </object_component>
      <object_component id="oc-7c">
         <name>.debug_info</name>
         <load_address>0x1018a</load_address>
         <run_address>0x1018a</run_address>
         <size>0x759</size>
         <input_file_ref idref="fl-9b"/>
      </object_component>
      <object_component id="oc-7f">
         <name>.debug_info</name>
         <load_address>0x108e3</load_address>
         <run_address>0x108e3</run_address>
         <size>0x64b</size>
         <input_file_ref idref="fl-9c"/>
      </object_component>
      <object_component id="oc-84">
         <name>.debug_info</name>
         <load_address>0x10f2e</load_address>
         <run_address>0x10f2e</run_address>
         <size>0x2b5b</size>
         <input_file_ref idref="fl-9d"/>
      </object_component>
      <object_component id="oc-88">
         <name>.debug_info</name>
         <load_address>0x13a89</load_address>
         <run_address>0x13a89</run_address>
         <size>0x6e0</size>
         <input_file_ref idref="fl-9e"/>
      </object_component>
      <object_component id="oc-8b">
         <name>.debug_info</name>
         <load_address>0x14169</load_address>
         <run_address>0x14169</run_address>
         <size>0x71b</size>
         <input_file_ref idref="fl-9f"/>
      </object_component>
      <object_component id="oc-8e">
         <name>.debug_info</name>
         <load_address>0x14884</load_address>
         <run_address>0x14884</run_address>
         <size>0x86d</size>
         <input_file_ref idref="fl-a0"/>
      </object_component>
      <object_component id="oc-91">
         <name>.debug_info</name>
         <load_address>0x150f1</load_address>
         <run_address>0x150f1</run_address>
         <size>0x6e5</size>
         <input_file_ref idref="fl-a1"/>
      </object_component>
      <object_component id="oc-94">
         <name>.debug_info</name>
         <load_address>0x157d6</load_address>
         <run_address>0x157d6</run_address>
         <size>0x7db</size>
         <input_file_ref idref="fl-a2"/>
      </object_component>
      <object_component id="oc-97">
         <name>.debug_info</name>
         <load_address>0x15fb1</load_address>
         <run_address>0x15fb1</run_address>
         <size>0x5f9</size>
         <input_file_ref idref="fl-a3"/>
      </object_component>
      <object_component id="oc-99">
         <name>.debug_info</name>
         <load_address>0x165aa</load_address>
         <run_address>0x165aa</run_address>
         <size>0x6e6</size>
         <input_file_ref idref="fl-a4"/>
      </object_component>
      <object_component id="oc-9d">
         <name>.debug_info</name>
         <load_address>0x16c90</load_address>
         <run_address>0x16c90</run_address>
         <size>0xd1</size>
         <input_file_ref idref="fl-a5"/>
      </object_component>
      <object_component id="oc-a0">
         <name>.debug_info</name>
         <load_address>0x16d61</load_address>
         <run_address>0x16d61</run_address>
         <size>0x5e1</size>
         <input_file_ref idref="fl-a6"/>
      </object_component>
      <object_component id="oc-a4">
         <name>.debug_info</name>
         <load_address>0x17342</load_address>
         <run_address>0x17342</run_address>
         <size>0x690</size>
         <input_file_ref idref="fl-a7"/>
      </object_component>
      <object_component id="oc-a7">
         <name>.debug_info</name>
         <load_address>0x179d2</load_address>
         <run_address>0x179d2</run_address>
         <size>0x6a9</size>
         <input_file_ref idref="fl-a8"/>
      </object_component>
      <object_component id="oc-aa">
         <name>.debug_info</name>
         <load_address>0x1807b</load_address>
         <run_address>0x1807b</run_address>
         <size>0x69a</size>
         <input_file_ref idref="fl-a9"/>
      </object_component>
      <object_component id="oc-ad">
         <name>.debug_info</name>
         <load_address>0x18715</load_address>
         <run_address>0x18715</run_address>
         <size>0x7b8</size>
         <input_file_ref idref="fl-aa"/>
      </object_component>
      <object_component id="oc-b0">
         <name>.debug_info</name>
         <load_address>0x18ecd</load_address>
         <run_address>0x18ecd</run_address>
         <size>0x7b9</size>
         <input_file_ref idref="fl-ab"/>
      </object_component>
      <object_component id="oc-b3">
         <name>.debug_info</name>
         <load_address>0x19686</load_address>
         <run_address>0x19686</run_address>
         <size>0x7b4</size>
         <input_file_ref idref="fl-ac"/>
      </object_component>
      <object_component id="oc-b6">
         <name>.debug_info</name>
         <load_address>0x19e3a</load_address>
         <run_address>0x19e3a</run_address>
         <size>0x815</size>
         <input_file_ref idref="fl-ad"/>
      </object_component>
      <object_component id="oc-b9">
         <name>.debug_info</name>
         <load_address>0x1a64f</load_address>
         <run_address>0x1a64f</run_address>
         <size>0x696</size>
         <input_file_ref idref="fl-ae"/>
      </object_component>
      <object_component id="oc-bc">
         <name>.debug_info</name>
         <load_address>0x1ace5</load_address>
         <run_address>0x1ace5</run_address>
         <size>0x744</size>
         <input_file_ref idref="fl-af"/>
      </object_component>
      <object_component id="oc-bf">
         <name>.debug_info</name>
         <load_address>0x1b429</load_address>
         <run_address>0x1b429</run_address>
         <size>0x6e8</size>
         <input_file_ref idref="fl-b0"/>
      </object_component>
      <object_component id="oc-c2">
         <name>.debug_info</name>
         <load_address>0x1bb11</load_address>
         <run_address>0x1bb11</run_address>
         <size>0x67f</size>
         <input_file_ref idref="fl-b1"/>
      </object_component>
      <object_component id="oc-c5">
         <name>.debug_info</name>
         <load_address>0x1c190</load_address>
         <run_address>0x1c190</run_address>
         <size>0x617</size>
         <input_file_ref idref="fl-b2"/>
      </object_component>
      <object_component id="oc-c8">
         <name>.debug_info</name>
         <load_address>0x1c7a7</load_address>
         <run_address>0x1c7a7</run_address>
         <size>0x80b</size>
         <input_file_ref idref="fl-b3"/>
      </object_component>
      <object_component id="oc-cb">
         <name>.debug_info</name>
         <load_address>0x1cfb2</load_address>
         <run_address>0x1cfb2</run_address>
         <size>0x5cb</size>
         <input_file_ref idref="fl-b4"/>
      </object_component>
      <object_component id="oc-19e">
         <name>.debug_info</name>
         <load_address>0x1d57d</load_address>
         <run_address>0x1d57d</run_address>
         <size>0x6d</size>
      </object_component>
      <object_component id="oc-4">
         <name>.EXT_RAM</name>
         <uninitialized>true</uninitialized>
         <run_address>0xcf20</run_address>
         <size>0x8ac</size>
         <input_file_ref idref="fl-2"/>
      </object_component>
      <object_component id="oc-6">
         <name>.debug_frame</name>
         <load_address>0x0</load_address>
         <run_address>0x0</run_address>
         <size>0x269</size>
         <input_file_ref idref="fl-2"/>
      </object_component>
      <object_component id="oc-7">
         <name>.debug_line</name>
         <load_address>0x0</load_address>
         <run_address>0x0</run_address>
         <size>0x1d1</size>
         <input_file_ref idref="fl-2"/>
      </object_component>
      <object_component id="oc-b">
         <name>.debug_line</name>
         <load_address>0x1d1</load_address>
         <run_address>0x1d1</run_address>
         <size>0x56</size>
         <input_file_ref idref="fl-3"/>
      </object_component>
      <object_component id="oc-f">
         <name>.debug_line</name>
         <load_address>0x227</load_address>
         <run_address>0x227</run_address>
         <size>0x47</size>
         <input_file_ref idref="fl-4"/>
      </object_component>
      <object_component id="oc-13">
         <name>.debug_line</name>
         <load_address>0x26e</load_address>
         <run_address>0x26e</run_address>
         <size>0x62</size>
         <input_file_ref idref="fl-5"/>
      </object_component>
      <object_component id="oc-17">
         <name>.debug_line</name>
         <load_address>0x2d0</load_address>
         <run_address>0x2d0</run_address>
         <size>0x3d</size>
         <input_file_ref idref="fl-7f"/>
      </object_component>
      <object_component id="oc-1a">
         <name>.debug_line</name>
         <load_address>0x30d</load_address>
         <run_address>0x30d</run_address>
         <size>0x3c</size>
         <input_file_ref idref="fl-80"/>
      </object_component>
      <object_component id="oc-1d">
         <name>.debug_line</name>
         <load_address>0x349</load_address>
         <run_address>0x349</run_address>
         <size>0x3c</size>
         <input_file_ref idref="fl-81"/>
      </object_component>
      <object_component id="oc-22">
         <name>.debug_line</name>
         <load_address>0x385</load_address>
         <run_address>0x385</run_address>
         <size>0x4f</size>
         <input_file_ref idref="fl-82"/>
      </object_component>
      <object_component id="oc-25">
         <name>.debug_line</name>
         <load_address>0x3d4</load_address>
         <run_address>0x3d4</run_address>
         <size>0x53</size>
         <input_file_ref idref="fl-83"/>
      </object_component>
      <object_component id="oc-28">
         <name>.debug_line</name>
         <load_address>0x427</load_address>
         <run_address>0x427</run_address>
         <size>0x3e</size>
         <input_file_ref idref="fl-84"/>
      </object_component>
      <object_component id="oc-2d">
         <name>.debug_line</name>
         <load_address>0x465</load_address>
         <run_address>0x465</run_address>
         <size>0x92</size>
         <input_file_ref idref="fl-85"/>
      </object_component>
      <object_component id="oc-30">
         <name>.debug_line</name>
         <load_address>0x4f7</load_address>
         <run_address>0x4f7</run_address>
         <size>0x6b</size>
         <input_file_ref idref="fl-86"/>
      </object_component>
      <object_component id="oc-33">
         <name>.debug_line</name>
         <load_address>0x562</load_address>
         <run_address>0x562</run_address>
         <size>0x3f</size>
         <input_file_ref idref="fl-87"/>
      </object_component>
      <object_component id="oc-37">
         <name>.debug_line</name>
         <load_address>0x5a1</load_address>
         <run_address>0x5a1</run_address>
         <size>0xa9</size>
         <input_file_ref idref="fl-88"/>
      </object_component>
      <object_component id="oc-3a">
         <name>.debug_line</name>
         <load_address>0x64a</load_address>
         <run_address>0x64a</run_address>
         <size>0x3e</size>
         <input_file_ref idref="fl-89"/>
      </object_component>
      <object_component id="oc-3d">
         <name>.debug_line</name>
         <load_address>0x688</load_address>
         <run_address>0x688</run_address>
         <size>0x56</size>
         <input_file_ref idref="fl-8a"/>
      </object_component>
      <object_component id="oc-42">
         <name>.debug_line</name>
         <load_address>0x6de</load_address>
         <run_address>0x6de</run_address>
         <size>0x146</size>
         <input_file_ref idref="fl-8b"/>
      </object_component>
      <object_component id="oc-45">
         <name>.debug_line</name>
         <load_address>0x824</load_address>
         <run_address>0x824</run_address>
         <size>0x4e</size>
         <input_file_ref idref="fl-8c"/>
      </object_component>
      <object_component id="oc-4b">
         <name>.debug_line</name>
         <load_address>0x872</load_address>
         <run_address>0x872</run_address>
         <size>0xa7</size>
         <input_file_ref idref="fl-8d"/>
      </object_component>
      <object_component id="oc-4e">
         <name>.debug_line</name>
         <load_address>0x919</load_address>
         <run_address>0x919</run_address>
         <size>0x47</size>
         <input_file_ref idref="fl-8e"/>
      </object_component>
      <object_component id="oc-51">
         <name>.debug_line</name>
         <load_address>0x960</load_address>
         <run_address>0x960</run_address>
         <size>0x3d</size>
         <input_file_ref idref="fl-8f"/>
      </object_component>
      <object_component id="oc-56">
         <name>.debug_line</name>
         <load_address>0x99d</load_address>
         <run_address>0x99d</run_address>
         <size>0x5d</size>
         <input_file_ref idref="fl-90"/>
      </object_component>
      <object_component id="oc-5b">
         <name>.debug_line</name>
         <load_address>0x9fa</load_address>
         <run_address>0x9fa</run_address>
         <size>0x53</size>
         <input_file_ref idref="fl-91"/>
      </object_component>
      <object_component id="oc-5e">
         <name>.debug_line</name>
         <load_address>0xa4d</load_address>
         <run_address>0xa4d</run_address>
         <size>0x43</size>
         <input_file_ref idref="fl-92"/>
      </object_component>
      <object_component id="oc-61">
         <name>.debug_line</name>
         <load_address>0xa90</load_address>
         <run_address>0xa90</run_address>
         <size>0x39</size>
         <input_file_ref idref="fl-93"/>
      </object_component>
      <object_component id="oc-64">
         <name>.debug_line</name>
         <load_address>0xac9</load_address>
         <run_address>0xac9</run_address>
         <size>0x38</size>
         <input_file_ref idref="fl-94"/>
      </object_component>
      <object_component id="oc-69">
         <name>.debug_line</name>
         <load_address>0xb01</load_address>
         <run_address>0xb01</run_address>
         <size>0x54</size>
         <input_file_ref idref="fl-95"/>
      </object_component>
      <object_component id="oc-6c">
         <name>.debug_line</name>
         <load_address>0xb55</load_address>
         <run_address>0xb55</run_address>
         <size>0x7f</size>
         <input_file_ref idref="fl-96"/>
      </object_component>
      <object_component id="oc-6f">
         <name>.debug_line</name>
         <load_address>0xbd4</load_address>
         <run_address>0xbd4</run_address>
         <size>0x37</size>
         <input_file_ref idref="fl-97"/>
      </object_component>
      <object_component id="oc-73">
         <name>.debug_line</name>
         <load_address>0xc0b</load_address>
         <run_address>0xc0b</run_address>
         <size>0x14f</size>
         <input_file_ref idref="fl-98"/>
      </object_component>
      <object_component id="oc-77">
         <name>.debug_line</name>
         <load_address>0xd5a</load_address>
         <run_address>0xd5a</run_address>
         <size>0x64</size>
         <input_file_ref idref="fl-99"/>
      </object_component>
      <object_component id="oc-7a">
         <name>.debug_line</name>
         <load_address>0xdbe</load_address>
         <run_address>0xdbe</run_address>
         <size>0x38</size>
         <input_file_ref idref="fl-9a"/>
      </object_component>
      <object_component id="oc-7d">
         <name>.debug_line</name>
         <load_address>0xdf6</load_address>
         <run_address>0xdf6</run_address>
         <size>0x40</size>
         <input_file_ref idref="fl-9b"/>
      </object_component>
      <object_component id="oc-82">
         <name>.debug_line</name>
         <load_address>0xe36</load_address>
         <run_address>0xe36</run_address>
         <size>0x36</size>
         <input_file_ref idref="fl-9c"/>
      </object_component>
      <object_component id="oc-86">
         <name>.debug_line</name>
         <load_address>0xe6c</load_address>
         <run_address>0xe6c</run_address>
         <size>0x343</size>
         <input_file_ref idref="fl-9d"/>
      </object_component>
      <object_component id="oc-89">
         <name>.debug_line</name>
         <load_address>0x11af</load_address>
         <run_address>0x11af</run_address>
         <size>0x41</size>
         <input_file_ref idref="fl-9e"/>
      </object_component>
      <object_component id="oc-8c">
         <name>.debug_line</name>
         <load_address>0x11f0</load_address>
         <run_address>0x11f0</run_address>
         <size>0x41</size>
         <input_file_ref idref="fl-9f"/>
      </object_component>
      <object_component id="oc-8f">
         <name>.debug_line</name>
         <load_address>0x1231</load_address>
         <run_address>0x1231</run_address>
         <size>0x47</size>
         <input_file_ref idref="fl-a0"/>
      </object_component>
      <object_component id="oc-92">
         <name>.debug_line</name>
         <load_address>0x1278</load_address>
         <run_address>0x1278</run_address>
         <size>0x45</size>
         <input_file_ref idref="fl-a1"/>
      </object_component>
      <object_component id="oc-95">
         <name>.debug_line</name>
         <load_address>0x12bd</load_address>
         <run_address>0x12bd</run_address>
         <size>0x44</size>
         <input_file_ref idref="fl-a2"/>
      </object_component>
      <object_component id="oc-9e">
         <name>.debug_line</name>
         <load_address>0x1301</load_address>
         <run_address>0x1301</run_address>
         <size>0x44</size>
         <input_file_ref idref="fl-a5"/>
      </object_component>
      <object_component id="oc-a5">
         <name>.debug_line</name>
         <load_address>0x1345</load_address>
         <run_address>0x1345</run_address>
         <size>0x3d</size>
         <input_file_ref idref="fl-a7"/>
      </object_component>
      <object_component id="oc-a8">
         <name>.debug_line</name>
         <load_address>0x1382</load_address>
         <run_address>0x1382</run_address>
         <size>0x3d</size>
         <input_file_ref idref="fl-a8"/>
      </object_component>
      <object_component id="oc-ab">
         <name>.debug_line</name>
         <load_address>0x13bf</load_address>
         <run_address>0x13bf</run_address>
         <size>0x38</size>
         <input_file_ref idref="fl-a9"/>
      </object_component>
      <object_component id="oc-ae">
         <name>.debug_line</name>
         <load_address>0x13f7</load_address>
         <run_address>0x13f7</run_address>
         <size>0x3c</size>
         <input_file_ref idref="fl-aa"/>
      </object_component>
      <object_component id="oc-b1">
         <name>.debug_line</name>
         <load_address>0x1433</load_address>
         <run_address>0x1433</run_address>
         <size>0x73</size>
         <input_file_ref idref="fl-ab"/>
      </object_component>
      <object_component id="oc-b4">
         <name>.debug_line</name>
         <load_address>0x14a6</load_address>
         <run_address>0x14a6</run_address>
         <size>0x5f</size>
         <input_file_ref idref="fl-ac"/>
      </object_component>
      <object_component id="oc-b7">
         <name>.debug_line</name>
         <load_address>0x1505</load_address>
         <run_address>0x1505</run_address>
         <size>0x38</size>
         <input_file_ref idref="fl-ad"/>
      </object_component>
      <object_component id="oc-ba">
         <name>.debug_line</name>
         <load_address>0x153d</load_address>
         <run_address>0x153d</run_address>
         <size>0x3a</size>
         <input_file_ref idref="fl-ae"/>
      </object_component>
      <object_component id="oc-bd">
         <name>.debug_line</name>
         <load_address>0x1577</load_address>
         <run_address>0x1577</run_address>
         <size>0x40</size>
         <input_file_ref idref="fl-af"/>
      </object_component>
      <object_component id="oc-c0">
         <name>.debug_line</name>
         <load_address>0x15b7</load_address>
         <run_address>0x15b7</run_address>
         <size>0x3f</size>
         <input_file_ref idref="fl-b0"/>
      </object_component>
      <object_component id="oc-c3">
         <name>.debug_line</name>
         <load_address>0x15f6</load_address>
         <run_address>0x15f6</run_address>
         <size>0x37</size>
         <input_file_ref idref="fl-b1"/>
      </object_component>
      <object_component id="oc-c6">
         <name>.debug_line</name>
         <load_address>0x162d</load_address>
         <run_address>0x162d</run_address>
         <size>0x37</size>
         <input_file_ref idref="fl-b2"/>
      </object_component>
      <object_component id="oc-c9">
         <name>.debug_line</name>
         <load_address>0x1664</load_address>
         <run_address>0x1664</run_address>
         <size>0x40</size>
         <input_file_ref idref="fl-b3"/>
      </object_component>
      <object_component id="oc-cc">
         <name>.debug_line</name>
         <load_address>0x16a4</load_address>
         <run_address>0x16a4</run_address>
         <size>0x23</size>
         <input_file_ref idref="fl-b4"/>
      </object_component>
      <object_component id="oc-8">
         <name>.debug_abbrev</name>
         <load_address>0x0</load_address>
         <run_address>0x0</run_address>
         <size>0x131</size>
         <input_file_ref idref="fl-2"/>
      </object_component>
      <object_component id="oc-c">
         <name>.debug_abbrev</name>
         <load_address>0x131</load_address>
         <run_address>0x131</run_address>
         <size>0x20</size>
         <input_file_ref idref="fl-3"/>
      </object_component>
      <object_component id="oc-10">
         <name>.debug_abbrev</name>
         <load_address>0x151</load_address>
         <run_address>0x151</run_address>
         <size>0x20</size>
         <input_file_ref idref="fl-4"/>
      </object_component>
      <object_component id="oc-14">
         <name>.debug_abbrev</name>
         <load_address>0x171</load_address>
         <run_address>0x171</run_address>
         <size>0x20</size>
         <input_file_ref idref="fl-5"/>
      </object_component>
      <object_component id="oc-18">
         <name>.debug_abbrev</name>
         <load_address>0x191</load_address>
         <run_address>0x191</run_address>
         <size>0xfe</size>
         <input_file_ref idref="fl-7f"/>
      </object_component>
      <object_component id="oc-1b">
         <name>.debug_abbrev</name>
         <load_address>0x28f</load_address>
         <run_address>0x28f</run_address>
         <size>0xf5</size>
         <input_file_ref idref="fl-80"/>
      </object_component>
      <object_component id="oc-1e">
         <name>.debug_abbrev</name>
         <load_address>0x384</load_address>
         <run_address>0x384</run_address>
         <size>0xe7</size>
         <input_file_ref idref="fl-81"/>
      </object_component>
      <object_component id="oc-23">
         <name>.debug_abbrev</name>
         <load_address>0x46b</load_address>
         <run_address>0x46b</run_address>
         <size>0x119</size>
         <input_file_ref idref="fl-82"/>
      </object_component>
      <object_component id="oc-26">
         <name>.debug_abbrev</name>
         <load_address>0x584</load_address>
         <run_address>0x584</run_address>
         <size>0x130</size>
         <input_file_ref idref="fl-83"/>
      </object_component>
      <object_component id="oc-29">
         <name>.debug_abbrev</name>
         <load_address>0x6b4</load_address>
[...]
            </allocated_space>
            <allocated_space>
               <start_address>0xc3a0</start_address>
               <size>0x5d8</size>
               <logical_group_ref idref="lg-13a"/>
            </allocated_space>
            <allocated_space>
               <start_address>0xc978</start_address>
               <size>0x2fc</size>
               <logical_group_ref idref="lg-136"/>
            </allocated_space>
            <available_space>
               <start_address>0xcc74</start_address>
               <size>0x4</size>
            </available_space>
            <allocated_space>
               <start_address>0xcc78</start_address>
               <size>0x188</size>
               <logical_group_ref idref="lg-133"/>
            </allocated_space>
            <allocated_space>
               <start_address>0xce00</start_address>
               <size>0x120</size>
               <logical_group_ref idref="lg-13c"/>
            </allocated_space>
            <allocated_space>
               <start_address>0xcf20</start_address>
               <size>0x8ac</size>
               <logical_group_ref idref="lg-14e"/>
            </allocated_space>
            <available_space>
               <start_address>0xd7cc</start_address>
               <size>0xffff2833</size>
            </available_space>
         </usage_details>
      </memory_area>
   </placement_map>
   <symbol_table>
      <symbol id="sm-0">
         <name>cinit</name>
         <value>0xc978</value>
      </symbol>
      <symbol id="sm-1">
         <name>___cinit__</name>
         <value>0xc978</value>
      </symbol>
      <symbol id="sm-2">
         <name>pinit</name>
         <value>0xffffffff</value>
      </symbol>
      <symbol id="sm-3">
         <name>___pinit__</name>
         <value>0xffffffff</value>
      </symbol>
      <symbol id="sm-4">
         <name>binit</name>
         <value>0xffffffff</value>
      </symbol>
      <symbol id="sm-5">
         <name>___binit__</name>
         <value>0xffffffff</value>
      </symbol>
      <symbol id="sm-6">
         <name>__STACK_SIZE</name>
         <value>0x800</value>
      </symbol>
      <symbol id="sm-7">
         <name>__STACK_END</name>
         <value>0xbba0</value>
      </symbol>
      <symbol id="sm-8">
         <name>__SYSMEM_SIZE</name>
         <value>0x800</value>
      </symbol>
      <symbol id="sm-9">
         <name>___c_args__</name>
         <value>0xffffffff</value>
      </symbol>
      <symbol id="sm-a">
         <name>.text</name>
         <value>0x20</value>
      </symbol>
      <symbol id="sm-b">
         <name>___text__</name>
         <value>0x20</value>
      </symbol>
      <symbol id="sm-c">
         <name>etext</name>
         <value>0xb3a0</value>
      </symbol>
      <symbol id="sm-d">
         <name>___etext__</name>
         <value>0xb3a0</value>
      </symbol>
      <symbol id="sm-e">
         <name>.data</name>
         <value>0x8</value>
      </symbol>
      <symbol id="sm-f">
         <name>___data__</name>
         <value>0x8</value>
      </symbol>
      <symbol id="sm-10">
         <name>edata</name>
         <value>0x8</value>
      </symbol>
      <symbol id="sm-11">
         <name>___edata__</name>
         <value>0x8</value>
      </symbol>
      <symbol id="sm-12">
         <name>.bss</name>
         <value>0x8</value>
      </symbol>
      <symbol id="sm-13">
         <name>___bss__</name>
         <value>0x8</value>
      </symbol>
      <symbol id="sm-14">
         <name>end</name>
         <value>0x8</value>
      </symbol>
      <symbol id="sm-15">
         <name>___end__</name>
         <value>0x8</value>
      </symbol>
      <symbol id="sm-16">
         <name>___TI_pprof_out_hndl</name>
         <value>0xffffffff</value>
      </symbol>
      <symbol id="sm-17">
         <name>___TI_prof_data_start</name>
         <value>0xffffffff</value>
      </symbol>
      <symbol id="sm-18">
         <name>___TI_prof_data_size</name>
         <value>0xffffffff</value>
      </symbol>
      <symbol id="sm-19">
         <name>$bss</name>
         <value>0x8</value>
      </symbol>
      <symbol id="sm-105">
         <name>_main</name>
         <value>0x20</value>
         <object_component_ref idref="oc-dc"/>
      </symbol>
      <symbol id="sm-106">
         <name>_s2_1</name>
         <value>0xd660</value>
         <object_component_ref idref="oc-4"/>
      </symbol>
      <symbol id="sm-107">
         <name>_s2</name>
         <value>0xd388</value>
         <object_component_ref idref="oc-4"/>
      </symbol>
      <symbol id="sm-108">
         <name>_s1</name>
         <value>0xd21c</value>
         <object_component_ref idref="oc-4"/>
      </symbol>
      <symbol id="sm-109">
         <name>_s1_1</name>
         <value>0xd4f4</value>
         <object_component_ref idref="oc-4"/>
      </symbol>
      <symbol id="sm-10a">
         <name>_signal</name>
         <value>0xcf20</value>
         <object_component_ref idref="oc-4"/>
      </symbol>
      <symbol id="sm-10b">
         <name>_processed_signal</name>
         <value>0xd0b0</value>
         <object_component_ref idref="oc-4"/>
      </symbol>
      <symbol id="sm-115">
         <name>_asm_processing</name>
         <value>0xb000</value>
         <object_component_ref idref="oc-9"/>
      </symbol>
      <symbol id="sm-11e">
         <name>_asm_get_z</name>
         <value>0xb2a0</value>
         <object_component_ref idref="oc-d"/>
      </symbol>
      <symbol id="sm-127">
         <name>_asm_get_y</name>
         <value>0xa6c0</value>
         <object_component_ref idref="oc-11"/>
      </symbol>
      <symbol id="sm-133">
         <name>_c_int00</name>
         <value>0xae00</value>
         <object_component_ref idref="oc-2"/>
      </symbol>
      <symbol id="sm-134">
         <name>__stack</name>
         <value>0xb3a0</value>
         <object_component_ref idref="oc-16"/>
      </symbol>
      <symbol id="sm-13e">
         <name>__divd</name>
         <value>0x1c20</value>
         <object_component_ref idref="oc-ea"/>
      </symbol>
      <symbol id="sm-148">
         <name>__divf</name>
         <value>0x53a0</value>
         <object_component_ref idref="oc-e1"/>
      </symbol>
      <symbol id="sm-158">
         <name>C$$EXIT</name>
         <value>0xb360</value>
         <object_component_ref idref="oc-dd"/>
      </symbol>
      <symbol id="sm-159">
         <name>_exit</name>
         <value>0x9f80</value>
         <object_component_ref idref="oc-d0"/>
      </symbol>
      <symbol id="sm-15a">
         <name>___TI_enable_exit_profile_output</name>
         <value>0xc950</value>
         <object_component_ref idref="oc-21"/>
      </symbol>
      <symbol id="sm-15b">
         <name>_abort</name>
         <value>0xb360</value>
         <object_component_ref idref="oc-dd"/>
      </symbol>
      <symbol id="sm-15c">
         <name>__cleanup_ptr</name>
         <value>0xc948</value>
         <object_component_ref idref="oc-21"/>
      </symbol>
      <symbol id="sm-15d">
         <name>__dtors_ptr</name>
         <value>0xc94c</value>
         <object_component_ref idref="oc-21"/>
      </symbol>
      <symbol id="sm-169">
         <name>__closefile</name>
         <value>0x8140</value>
         <object_component_ref idref="oc-fa"/>
      </symbol>
      <symbol id="sm-16a">
         <name>_fclose</name>
         <value>0xae80</value>
         <object_component_ref idref="oc-eb"/>
      </symbol>
      <symbol id="sm-174">
         <name>__doflush</name>
         <value>0x9ce0</value>
         <object_component_ref idref="oc-105"/>
      </symbol>
      <symbol id="sm-188">
         <name>__cleanup</name>
         <value>0x9c00</value>
         <object_component_ref idref="oc-fc"/>
      </symbol>
      <symbol id="sm-189">
         <name>_fopen</name>
         <value>0xa960</value>
         <object_component_ref idref="oc-e0"/>
      </symbol>
      <symbol id="sm-197">
         <name>_fprintf</name>
         <value>0x8ec0</value>
         <object_component_ref idref="oc-e7"/>
      </symbol>
      <symbol id="sm-1a1">
         <name>_putc</name>
         <value>0x62a0</value>
         <object_component_ref idref="oc-ff"/>
      </symbol>
      <symbol id="sm-1a2">
         <name>_fputc</name>
         <value>0x62a0</value>
         <object_component_ref idref="oc-ff"/>
      </symbol>
      <symbol id="sm-1ae">
         <name>_fputs</name>
         <value>0x3500</value>
         <object_component_ref idref="oc-fe"/>
      </symbol>
      <symbol id="sm-1b8">
         <name>__frcmpyd_div</name>
         <value>0x8540</value>
         <object_component_ref idref="oc-f9"/>
      </symbol>
      <symbol id="sm-1c4">
         <name>__llshl</name>
         <value>0xad80</value>
         <object_component_ref idref="oc-130"/>
      </symbol>
      <symbol id="sm-1c5">
         <name>__llshru</name>
         <value>0xb0e0</value>
         <object_component_ref idref="oc-f8"/>
      </symbol>
      <symbol id="sm-1e1">
         <name>_unlink</name>
         <value>0xab40</value>
         <object_component_ref idref="oc-113"/>
      </symbol>
      <symbol id="sm-1e2">
         <name>_open</name>
         <value>0x7560</value>
         <object_component_ref idref="oc-fd"/>
      </symbol>
      <symbol id="sm-1e3">
         <name>_lseek</name>
         <value>0x9920</value>
         <object_component_ref idref="oc-120"/>
      </symbol>
      <symbol id="sm-1e4">
         <name>_close</name>
         <value>0x8da0</value>
         <object_component_ref idref="oc-107"/>
      </symbol>
      <symbol id="sm-1e5">
         <name>_write</name>
         <value>0x9a20</value>
         <object_component_ref idref="oc-10c"/>
      </symbol>
      <symbol id="sm-1ef">
         <name>_memcpy</name>
         <value>0x7100</value>
         <object_component_ref idref="oc-da"/>
      </symbol>
      <symbol id="sm-205">
         <name>__sys_memory</name>
         <value>0xbba0</value>
         <object_component_ref idref="oc-4a"/>
      </symbol>
      <symbol id="sm-206">
         <name>_free</name>
         <value>0x4960</value>
         <object_component_ref idref="oc-106"/>
      </symbol>
      <symbol id="sm-207">
         <name>_malloc</name>
         <value>0x6ec0</value>
         <object_component_ref idref="oc-121"/>
      </symbol>
      <symbol id="sm-211">
         <name>_memset</name>
         <value>0x9100</value>
         <object_component_ref idref="oc-fb"/>
      </symbol>
      <symbol id="sm-21b">
         <name>__mpyll</name>
         <value>0xa820</value>
         <object_component_ref idref="oc-104"/>
      </symbol>
      <symbol id="sm-229">
         <name>_pow</name>
         <value>0x12a0</value>
         <object_component_ref idref="oc-e8"/>
      </symbol>
      <symbol id="sm-239">
         <name>_rand</name>
         <value>0xa600</value>
         <object_component_ref idref="oc-e5"/>
      </symbol>
      <symbol id="sm-23a">
         <name>_srand</name>
         <value>0xaf80</value>
         <object_component_ref idref="oc-e3"/>
      </symbol>
      <symbol id="sm-242">
         <name>__remi</name>
         <value>0x9820</value>
         <object_component_ref idref="oc-e6"/>
      </symbol>
      <symbol id="sm-243">
         <name>__c6xabi_remi</name>
         <value>0x9820</value>
         <object_component_ref idref="oc-e6"/>
      </symbol>
      <symbol id="sm-24d">
         <name>_remove</name>
         <value>0xb380</value>
         <object_component_ref idref="oc-108"/>
      </symbol>
      <symbol id="sm-257">
         <name>__nround</name>
         <value>0xa3c0</value>
         <object_component_ref idref="oc-f1"/>
      </symbol>
      <symbol id="sm-265">
         <name>_sin</name>
         <value>0x56e0</value>
         <object_component_ref idref="oc-e4"/>
      </symbol>
      <symbol id="sm-26f">
         <name>_sqrt</name>
         <value>0x8900</value>
         <object_component_ref idref="oc-e9"/>
      </symbol>
      <symbol id="sm-279">
         <name>_time</name>
         <value>0xb260</value>
         <object_component_ref idref="oc-e2"/>
      </symbol>
      <symbol id="sm-293">
         <name>_HOSTopen</name>
         <value>0x8a40</value>
         <object_component_ref idref="oc-d1"/>
      </symbol>
      <symbol id="sm-294">
         <name>_HOSTread</name>
         <value>0x8400</value>
         <object_component_ref idref="oc-d3"/>
      </symbol>
      <symbol id="sm-295">
         <name>_HOSTtime</name>
         <value>0x9b20</value>
         <object_component_ref idref="oc-ef"/>
      </symbol>
      <symbol id="sm-296">
         <name>_HOSTrename</name>
         <value>0x7340</value>
         <object_component_ref idref="oc-d7"/>
      </symbol>
      <symbol id="sm-297">
         <name>_HOSTwrite</name>
         <value>0x8b60</value>
         <object_component_ref idref="oc-d4"/>
      </symbol>
      <symbol id="sm-298">
         <name>_HOSTlseek</name>
         <value>0x7fe0</value>
         <object_component_ref idref="oc-d5"/>
      </symbol>
      <symbol id="sm-299">
         <name>_HOSTunlink</name>
         <value>0x9320</value>
         <object_component_ref idref="oc-d6"/>
      </symbol>
      <symbol id="sm-29a">
         <name>_HOSTclose</name>
         <value>0x9220</value>
         <object_component_ref idref="oc-d2"/>
      </symbol>
      <symbol id="sm-2a8">
         <name>C$$IO$$</name>
         <value>0xac58</value>
         <object_component_ref idref="oc-de"/>
      </symbol>
      <symbol id="sm-2a9">
         <name>__CIOBUF_</name>
         <value>0xce00</value>
         <object_component_ref idref="oc-76"/>
      </symbol>
      <symbol id="sm-2aa">
         <name>_readmsg</name>
         <value>0xaa00</value>
         <object_component_ref idref="oc-df"/>
      </symbol>
      <symbol id="sm-2ab">
         <name>_writemsg</name>
         <value>0xabe0</value>
         <object_component_ref idref="oc-de"/>
      </symbol>
      <symbol id="sm-2b5">
         <name>__trunc</name>
         <value>0xb220</value>
         <object_component_ref idref="oc-f0"/>
      </symbol>
      <symbol id="sm-2bf">
         <name>__wrt_ok</name>
         <value>0x8c80</value>
         <object_component_ref idref="oc-10b"/>
      </symbol>
      <symbol id="sm-2cd">
         <name>__unlock</name>
         <value>0xc958</value>
         <object_component_ref idref="oc-81"/>
      </symbol>
      <symbol id="sm-2ce">
         <name>__lock</name>
         <value>0xc954</value>
         <object_component_ref idref="oc-81"/>
      </symbol>
      <symbol id="sm-2cf">
         <name>__nop</name>
         <value>0xb300</value>
         <object_component_ref idref="oc-d8"/>
      </symbol>
      <symbol id="sm-2ff">
         <name>__printfi</name>
         <value>0x2fa0</value>
         <object_component_ref idref="oc-f5"/>
      </symbol>
      <symbol id="sm-309">
         <name>__args_main</name>
         <value>0xb1e0</value>
         <object_component_ref idref="oc-cf"/>
      </symbol>
      <symbol id="sm-30a">
         <name>__TI_args_main</name>
         <value>0x1</value>
      </symbol>
      <symbol id="sm-314">
         <name>_atoi</name>
         <value>0x8680</value>
         <object_component_ref idref="oc-10d"/>
      </symbol>
      <symbol id="sm-31e">
         <name>__auto_init</name>
         <value>0x9420</value>
         <object_component_ref idref="oc-ce"/>
      </symbol>
      <symbol id="sm-328">
         <name>___TI_cpp_init</name>
         <value>0xac80</value>
         <object_component_ref idref="oc-db"/>
      </symbol>
      <symbol id="sm-332">
         <name>_copy_in</name>
         <value>0xa480</value>
         <object_component_ref idref="oc-d9"/>
      </symbol>
      <symbol id="sm-33a">
         <name>__ctypes_</name>
         <value>0xcc78</value>
         <object_component_ref idref="oc-117"/>
      </symbol>
      <symbol id="sm-344">
         <name>__tmpnams</name>
         <value>0xc580</value>
         <object_component_ref idref="oc-9b"/>
      </symbol>
      <symbol id="sm-345">
         <name>__ft_end</name>
         <value>0xc6c0</value>
         <object_component_ref idref="oc-9b"/>
      </symbol>
      <symbol id="sm-346">
         <name>__ftable</name>
         <value>0xc3a0</value>
         <object_component_ref idref="oc-9b"/>
      </symbol>
      <symbol id="sm-34e">
         <name>__c6xabi_divu</name>
         <value>0xa300</value>
         <object_component_ref idref="oc-12b"/>
      </symbol>
      <symbol id="sm-34f">
         <name>__divu</name>
         <value>0xa300</value>
         <object_component_ref idref="oc-12b"/>
      </symbol>
      <symbol id="sm-359">
         <name>_errno</name>
         <value>0xc6c4</value>
         <object_component_ref idref="oc-a2"/>
      </symbol>
      <symbol id="sm-363">
         <name>__fixdli</name>
         <value>0xa780</value>
         <object_component_ref idref="oc-128"/>
      </symbol>
      <symbol id="sm-36d">
         <name>__fltlid</name>
         <value>0xad00</value>
         <object_component_ref idref="oc-12a"/>
      </symbol>
      <symbol id="sm-377">
         <name>_frexp</name>
         <value>0x87c0</value>
         <object_component_ref idref="oc-f6"/>
      </symbol>
      <symbol id="sm-381">
         <name>_fseek</name>
         <value>0x7960</value>
         <object_component_ref idref="oc-115"/>
      </symbol>
      <symbol id="sm-38f">
         <name>__divul</name>
         <value>0x67e0</value>
         <object_component_ref idref="oc-12c"/>
      </symbol>
      <symbol id="sm-390">
         <name>__remli</name>
         <value>0xa8c0</value>
         <object_component_ref idref="oc-12e"/>
      </symbol>
      <symbol id="sm-391">
         <name>__divli</name>
         <value>0x9620</value>
         <object_component_ref idref="oc-12f"/>
      </symbol>
      <symbol id="sm-39d">
         <name>__subcull</name>
         <value>0xb140</value>
         <object_component_ref idref="oc-131"/>
      </symbol>
      <symbol id="sm-39e">
         <name>__divull</name>
         <value>0x45e0</value>
         <object_component_ref idref="oc-12d"/>
      </symbol>
      <symbol id="sm-3a8">
         <name>___isinf</name>
         <value>0xb080</value>
         <object_component_ref idref="oc-119"/>
      </symbol>
      <symbol id="sm-3b2">
         <name>_ldexp</name>
         <value>0x7e60</value>
         <object_component_ref idref="oc-f7"/>
      </symbol>
      <symbol id="sm-3bc">
         <name>_ltoa</name>
         <value>0x8fe0</value>
         <object_component_ref idref="oc-129"/>
      </symbol>
      <symbol id="sm-3c6">
         <name>_memccpy</name>
         <value>0xaf00</value>
         <object_component_ref idref="oc-110"/>
      </symbol>
      <symbol id="sm-3d0">
         <name>_modf</name>
         <value>0xa140</value>
         <object_component_ref idref="oc-f2"/>
      </symbol>
      <symbol id="sm-3da">
         <name>__negll</name>
         <value>0xb2e0</value>
         <object_component_ref idref="oc-11e"/>
      </symbol>
      <symbol id="sm-3e4">
         <name>_setvbuf</name>
         <value>0x6540</value>
         <object_component_ref idref="oc-116"/>
      </symbol>
   </symbol_table>
</link_info>
